Archive member included because of file (symbol)

C:\fehqt\Proteus/EWL/lib/armv7e-m\libm.a(w_atan2f.o)
                              ..\main.o (atan2f)
C:\fehqt\Proteus/EWL/lib/armv7e-m\libm.a(w_powf.o)
                              ..\main.o (powf)
C:\fehqt\Proteus/EWL/lib/armv7e-m\libm.a(w_sqrtf.o)
                              ..\main.o (sqrtf)
C:\fehqt\Proteus/EWL/lib/armv7e-m\libm.a(e_atan2f.o)
                              C:\fehqt\Proteus/EWL/lib/armv7e-m\libm.a(w_atan2f.o) (__ieee754_atan2f)
C:\fehqt\Proteus/EWL/lib/armv7e-m\libm.a(e_powf.o)
                              C:\fehqt\Proteus/EWL/lib/armv7e-m\libm.a(w_powf.o) (__ieee754_powf)
C:\fehqt\Proteus/EWL/lib/armv7e-m\libm.a(e_sqrtf.o)
                              C:\fehqt\Proteus/EWL/lib/armv7e-m\libm.a(w_sqrtf.o) (__ieee754_sqrtf)
C:\fehqt\Proteus/EWL/lib/armv7e-m\libm.a(math_api.o)
                              C:\fehqt\Proteus/EWL/lib/armv7e-m\libm.a(e_powf.o) (__fpclassifyf)
C:\fehqt\Proteus/EWL/lib/armv7e-m\libm.a(s_atanf.o)
                              C:\fehqt\Proteus/EWL/lib/armv7e-m\libm.a(e_atan2f.o) (atanf)
C:\fehqt\Proteus/EWL/lib/armv7e-m\libm.a(s_scalbnf.o)
                              C:\fehqt\Proteus/EWL/lib/armv7e-m\libm.a(e_powf.o) (scalbnf)
C:\fehqt\Proteus/EWL/lib/armv7e-m\libc.a(errno.o)
                              C:\fehqt\Proteus/EWL/lib/armv7e-m\libm.a(e_atan2f.o) (errno)
C:\fehqt\Proteus/EWL/lib/armv7e-m\libc.a(sprintf.o)
                              Libraries\FEHLCD.o (sprintf)
C:\fehqt\Proteus/EWL/lib/armv7e-m\libc.a(vsnprintf.o)
                              C:\fehqt\Proteus/EWL/lib/armv7e-m\libc.a(sprintf.o) (vsnprintf)
C:\fehqt\Proteus/EWL/lib/armv7e-m\libc.a(exit.o)
                              Startup\__arm_start.o (exit)
C:\fehqt\Proteus/EWL/lib/armv7e-m\libc.a(memcpy.o)
                              ..\main.o (memcpy)
C:\fehqt\Proteus/EWL/lib/armv7e-m\libc.a(memset.o)
                              ..\main.o (memset)
C:\fehqt\Proteus/EWL/lib/armv7e-m\libc.a(strcmp.o)
                              Libraries\FEHLCD.o (strcmp)
C:\fehqt\Proteus/EWL/lib/armv7e-m\libc.a(strcpy.o)
                              Libraries\FEHLCD.o (strcpy)
C:\fehqt\Proteus/EWL/lib/armv7e-m\libc.a(strlen.o)
                              Libraries\FEHLCD.o (strlen)
C:\fehqt\Proteus/EWL/lib/armv7e-m\libc.a(math_ARM.o)
                              C:\fehqt\Proteus/EWL/lib/armv7e-m\libm.a(math_api.o) (__ewl_count_bits32)
C:\fehqt\Proteus/EWL/lib/armv7e-m\libc.a(printformat_.o)
                              (__pformatter_)
C:\fehqt\Proteus/EWL/lib/armv7e-m\libc.a(scanformat_.o)
                              (__sformatter)
C:\fehqt\Proteus/EWL/lib/armv7e-m\libc.a(ctype_aeabi.o)
                              C:\fehqt\Proteus/EWL/lib/armv7e-m\libc.a(scanformat_.o) (isspace)
C:\fehqt\Proteus/EWL/lib/armv7e-m\libc.a(__strtoul.o)
                              C:\fehqt\Proteus/EWL/lib/armv7e-m\libc.a(scanformat_.o) (__strtoul)
C:\fehqt\Proteus/EWL/lib/armv7e-m\libc.a(__filll_mem.o)
                              C:\fehqt\Proteus/EWL/lib/armv7e-m\libc.a(memset.o) (__fill_mem)
C:\fehqt\Proteus/EWL/lib/armv7e-m\libc.a(memchr.o)
                              C:\fehqt\Proteus/EWL/lib/armv7e-m\libc.a(printformat_.o) (memchr)
C:\fehqt\Proteus/EWL/lib/armv7e-m\libc.a(strchr.o)
                              C:\fehqt\Proteus/EWL/lib/armv7e-m\libc.a(printformat_.o) (strchr)
c:/fehqt/proteus/gcc/bin/../lib/gcc/arm-none-eabi/4.6.2/armv7e-m\libgcc.a(_lshrdi3.o)
                              C:\fehqt\Proteus/EWL/lib/armv7e-m\libc.a(math_ARM.o) (__aeabi_llsr)
c:/fehqt/proteus/gcc/bin/../lib/gcc/arm-none-eabi/4.6.2/armv7e-m\libgcc.a(_ashldi3.o)
                              C:\fehqt\Proteus/EWL/lib/armv7e-m\libc.a(math_ARM.o) (__aeabi_llsl)
c:/fehqt/proteus/gcc/bin/../lib/gcc/arm-none-eabi/4.6.2/armv7e-m\libgcc.a(_arm_addsubdf3.o)
                              ..\main.o (__aeabi_dsub)
c:/fehqt/proteus/gcc/bin/../lib/gcc/arm-none-eabi/4.6.2/armv7e-m\libgcc.a(_arm_muldivdf3.o)
                              ..\main.o (__aeabi_dmul)
c:/fehqt/proteus/gcc/bin/../lib/gcc/arm-none-eabi/4.6.2/armv7e-m\libgcc.a(_arm_cmpdf2.o)
                              Drivers\ff.o (__aeabi_dcmplt)
c:/fehqt/proteus/gcc/bin/../lib/gcc/arm-none-eabi/4.6.2/armv7e-m\libgcc.a(_arm_fixdfsi.o)
                              Libraries\FEHMotor.o (__aeabi_d2iz)
c:/fehqt/proteus/gcc/bin/../lib/gcc/arm-none-eabi/4.6.2/armv7e-m\libgcc.a(_arm_fixunsdfsi.o)
                              Libraries\FEHUtility.o (__aeabi_d2uiz)
c:/fehqt/proteus/gcc/bin/../lib/gcc/arm-none-eabi/4.6.2/armv7e-m\libgcc.a(_arm_truncdfsf2.o)
                              ..\main.o (__aeabi_d2f)
c:/fehqt/proteus/gcc/bin/../lib/gcc/arm-none-eabi/4.6.2/armv7e-m\libgcc.a(_arm_addsubsf3.o)
                              ..\main.o (__aeabi_fsub)
c:/fehqt/proteus/gcc/bin/../lib/gcc/arm-none-eabi/4.6.2/armv7e-m\libgcc.a(_arm_muldivsf3.o)
                              ..\main.o (__aeabi_fmul)
[...]
Memory Configuration

Name             Origin             Length             Attributes
m_interrupts     0x0000c000         0x00000400         xr
m_cfmprotrom     0x0000c400         0x00000010         xr
m_text           0x0000c410         0x00073bf0         xr
m_data           0x1fff0400         0x0000fc00         xrw
m_data2          0x20000000         0x00010000         xrw
*default*        0x00000000         0xffffffff

Linker script and memory map

LOAD ..\main.o
LOAD Startup\__arm_start.o
LOAD Startup\__arm_end.o
LOAD Startup\kinetis_sysinit.o
LOAD Libraries\FEHMotor.o
LOAD Drivers\mcg.o
LOAD Drivers\i2c.o
LOAD Drivers\spi.o
LOAD Drivers\uart.o
LOAD Drivers\ff.o
LOAD Drivers\SDHC.o
LOAD Drivers\lptmr.o
LOAD FEHProteus.o
LOAD Drivers\FEHPropeller.o
LOAD Libraries\FEHUtility.o
LOAD Libraries\FEHIO.o
LOAD Drivers\adc16.o
LOAD Libraries\FEHBuzzer.o
LOAD Libraries\FEHServo.o
LOAD Libraries\FEHLCD.o
LOAD Libraries\FEHAccel.o
LOAD Libraries\FEHBattery.o
LOAD Drivers\FEHXBee.o
LOAD Libraries\FEHRPS.o
LOAD Libraries\FEHSD.o
                0x0001c1c0                __pformatter = __pformatter_
                [0x0001c5b8]                __sformatter = __sformatter
LOAD C:\fehqt\Proteus/EWL/lib/armv7e-m\libstdc++.a
LOAD C:\fehqt\Proteus/EWL/lib/armv7e-m\libm.a
START GROUP
LOAD C:\fehqt\Proteus/EWL/lib/armv7e-m\libc.a
LOAD C:\fehqt\Proteus/EWL/lib/armv7e-m\libc++.a
LOAD C:\fehqt\Proteus/EWL/lib/armv7e-m\libm.a
LOAD c:/fehqt/proteus/gcc/bin/../lib/gcc/arm-none-eabi/4.6.2/armv7e-m\libgcc.a
LOAD C:\fehqt\Proteus/EWL/lib/armv7e-m\librt.a
LOAD c:/fehqt/proteus/gcc/bin/../lib/gcc/arm-none-eabi/4.6.2/../../../../arm-none-eabi/lib/armv7e-m\libsupc++.a
END GROUP
                0x20000000                _estack = 0x20000000
                0x20000000                __SP_INIT = _estack
                0x00000800                __heap_size = 0x800
                0x00000800                __stack_size = 0x800

.interrupts     0x0000c000      0x1e0
                0x0000c000                __vector_table = .
                0x0000c000                . = ALIGN (0x4)
 *(.vectortable)
 .vectortable   0x0000c000      0x1e0 Startup\kinetis_sysinit.o
                0x0000c1e0                . = ALIGN (0x4)

.cfmprotect     0x0000c400        0x0
                0x0000c400                . = ALIGN (0x4)
 *(.cfmconfig)
                0x0000c400                . = ALIGN (0x4)

.text           0x0000c410    0x11938
                0x0000c410                . = ALIGN (0x4)
 *(.text)
 .text          0x0000c410      0x370 c:/fehqt/proteus/gcc/bin/../lib/gcc/arm-none-eabi/4.6.2/armv7e-m\libgcc.a(_arm_addsubdf3.o)
                0x0000c410                __aeabi_drsub
                0x0000c418                __aeabi_dsub
                0x0000c418                __subdf3
                0x0000c41c                __aeabi_dadd
                0x0000c41c                __adddf3
                0x0000c694                __floatunsidf
                0x0000c694                __aeabi_ui2d
                0x0000c6b4                __floatsidf
                0x0000c6b4                __aeabi_i2d
                0x0000c6d8                __aeabi_f2d
                0x0000c6d8                __extendsfdf2
                0x0000c714                __floatundidf
                0x0000c714                __aeabi_ul2d
                0x0000c724                __floatdidf
                0x0000c724                __aeabi_l2d
 .text          0x0000c780      0x424 c:/fehqt/proteus/gcc/bin/../lib/gcc/arm-none-eabi/4.6.2/armv7e-m\libgcc.a(_arm_muldivdf3.o)
                0x0000c780                __aeabi_dmul
                0x0000c780                __muldf3
                0x0000c9d4                __divdf3
                0x0000c9d4                __aeabi_ddiv
 .text          0x0000cba4      0x110 c:/fehqt/proteus/gcc/bin/../lib/gcc/arm-none-eabi/4.6.2/armv7e-m\libgcc.a(_arm_cmpdf2.o)
                0x0000cba4                __gtdf2
                0x0000cba4                __gedf2
                0x0000cbac                __ltdf2
                0x0000cbac                __ledf2
                0x0000cbb4                __nedf2
                0x0000cbb4                __eqdf2
                0x0000cbb4                __cmpdf2
                0x0000cc30                __aeabi_cdrcmple
                0x0000cc40                __aeabi_cdcmpeq
                0x0000cc40                __aeabi_cdcmple
                0x0000cc50                __aeabi_dcmpeq
                0x0000cc64                __aeabi_dcmplt
                0x0000cc78                __aeabi_dcmple
                0x0000cc8c                __aeabi_dcmpge
                0x0000cca0                __aeabi_dcmpgt
 .text          0x0000ccb4       0x50 c:/fehqt/proteus/gcc/bin/../lib/gcc/arm-none-eabi/4.6.2/armv7e-m\libgcc.a(_arm_fixdfsi.o)
                0x0000ccb4                __aeabi_d2iz
                0x0000ccb4                __fixdfsi
 .text          0x0000cd04       0x40 c:/fehqt/proteus/gcc/bin/../lib/gcc/arm-none-eabi/4.6.2/armv7e-m\libgcc.a(_arm_fixunsdfsi.o)
                0x0000cd04                __aeabi_d2uiz
                0x0000cd04                __fixunsdfsi
 .text          0x0000cd44       0xa0 c:/fehqt/proteus/gcc/bin/../lib/gcc/arm-none-eabi/4.6.2/armv7e-m\libgcc.a(_arm_truncdfsf2.o)
                0x0000cd44                __truncdfsf2
                0x0000cd44                __aeabi_d2f
 .text          0x0000cde4      0x21c c:/fehqt/proteus/gcc/bin/../lib/gcc/arm-none-eabi/4.6.2/armv7e-m\libgcc.a(_arm_addsubsf3.o)
                0x0000cde4                __aeabi_frsub
                0x0000cdec                __subsf3
                0x0000cdec                __aeabi_fsub
                0x0000cdf0                __aeabi_fadd
                0x0000cdf0                __addsf3
                0x0000cf50                __aeabi_ui2f
                0x0000cf50                __floatunsisf
                0x0000cf58                __aeabi_i2f
                0x0000cf58                __floatsisf
                0x0000cf74                __aeabi_ul2f
                0x0000cf74                __floatundisf
                0x0000cf84                __aeabi_l2f
                0x0000cf84                __floatdisf
 .text          0x0000d000      0x2a0 c:/fehqt/proteus/gcc/bin/../lib/gcc/arm-none-eabi/4.6.2/armv7e-m\libgcc.a(_arm_muldivsf3.o)
                0x0000d000                __mulsf3
                0x0000d000                __aeabi_fmul
                0x0000d168                __aeabi_fdiv
                0x0000d168                __divsf3
 .text          0x0000d2a0       0xec c:/fehqt/proteus/gcc/bin/../lib/gcc/arm-none-eabi/4.6.2/armv7e-m\libgcc.a(_arm_cmpsf2.o)
                0x0000d2a0                __gesf2
                0x0000d2a0                __gtsf2
                0x0000d2a8                __lesf2
                0x0000d2a8                __ltsf2
                0x0000d2b0                __nesf2
                0x0000d2b0                __eqsf2
                0x0000d2b0                __cmpsf2
                0x0000d310                __aeabi_cfrcmple
                0x0000d318                __aeabi_cfcmpeq
                0x0000d318                __aeabi_cfcmple
                0x0000d328                __aeabi_fcmpeq
                0x0000d33c                __aeabi_fcmplt
                0x0000d350                __aeabi_fcmple
                0x0000d364                __aeabi_fcmpge
                0x0000d378                __aeabi_fcmpgt
 .text          0x0000d38c       0x4c c:/fehqt/proteus/gcc/bin/../lib/gcc/arm-none-eabi/4.6.2/armv7e-m\libgcc.a(_arm_fixsfsi.o)
                0x0000d38c                __aeabi_f2iz
                0x0000d38c                __fixsfsi
 *(.text*)
 .text._ZSt3powfi
                0x0000d3d8       0x28 ..\main.o
                0x0000d3d8                std::pow(float, int)
 .text._ZSt3absf
                0x0000d400       0x1c ..\main.o
                0x0000d400                std::abs(float)
 *fill*         0x0000d41c        0x4 00
 .text.main     0x0000d420      0x7d0 ..\main.o
                0x0000d420                main
 .text._Z8initMenuv
                0x0000dbf0     0x123c ..\main.o
                0x0000dbf0                initMenu()
 .text._Z8queState5State
                0x0000ee2c       0xb4 ..\main.o
                0x0000ee2c                queState(State)
 .text._Z16extendRetractArmb
                0x0000eee0       0x40 ..\main.o
                0x0000eee0                extendRetractArm(bool)
 .text._Z7readCdSv
                0x0000ef20       0x98 ..\main.o
                0x0000ef20                readCdS()
 .text._Z5driveff
                0x0000efb8       0x6c ..\main.o
                0x0000efb8                drive(float, float)
 .text._Z5drivef
                0x0000f024       0x18 ..\main.o
                0x0000f024                drive(float)
 .text._Z17checkTouchingSide10ButtonSide
                0x0000f03c       0xbc ..\main.o
                0x0000f03c                checkTouchingSide(ButtonSide)
 .text._Z4turnb
                0x0000f0f8       0x98 ..\main.o
                0x0000f0f8                turn(bool)
 .text._Z8rotateTof
                0x0000f190      0x250 ..\main.o
                0x0000f190                rotateTo(float)
 .text._Z12driveToCoord5Coord
                0x0000f3e0      0x268 ..\main.o
                0x0000f3e0                driveToCoord(Coord)
 .text._ZN6CourseC2Ec
                0x0000f648      0x150 ..\main.o
                0x0000f648                Course::Course(char)
                0x0000f648                Course::Course(char)
 .text._ZN6CourseC2Ev
                0x0000f798       0x58 ..\main.o
                0x0000f798                Course::Course()
                0x0000f798                Course::Course()
 .text._ZN5CoordC2Eff
                0x0000f7f0       0x28 ..\main.o
                0x0000f7f0                Coord::Coord(float, float)
                0x0000f7f0                Coord::Coord(float, float)
 .text._ZN5CoordC2Ev
                0x0000f818       0x18 ..\main.o
                0x0000f818                Coord::Coord()
                0x0000f818                Coord::Coord()
 .text._Z41__static_initialization_and_destruction_0ii
                0x0000f830       0xe8 ..\main.o
 .text._GLOBAL__sub_I_leftMotor
                0x0000f918       0x14 ..\main.o
 .text.zero_fill_bss
                0x0000f92c       0x34 Startup\__arm_start.o
 .text.__thumb_startup
                0x0000f960       0x34 Startup\__arm_start.o
                0x0000f960                __thumb_startup
 .text.InitFEHProteus
                0x0000f994      0x15c Startup\__arm_start.o
                0x0000f994                InitFEHProteus
 .text.pll_init_bl
                0x0000faf0      0x130 Startup\__arm_start.o
 .text.InitPowerButton
                0x0000fc20       0x90 Startup\__arm_start.o
                0x0000fc20                InitPowerButton
 .text._ExitProcess
                0x0000fcb0        0xc Startup\__arm_end.o
                0x0000fcb0                _ExitProcess
 .text.Default_Handler
                0x0000fcbc        0xc Startup\kinetis_sysinit.o
                0x0000fcbc                BusFault_Handler()
                0x0000fcbc                HardFault_Handler()
                0x0000fcbc                SysTick_Handler()
                0x0000fcbc                PendSV_Handler()
                0x0000fcbc                DebugMonitor_Handler()
                0x0000fcbc                MemManage_Handler()
                0x0000fcbc                NMI_Handler()
                0x0000fcbc                SVC_Handler()
                0x0000fcbc                Default_Handler
                0x0000fcbc                UsageFault_Handler()
 .text.__init_hardware
                0x0000fcc8       0x44 Startup\kinetis_sysinit.o
                0x0000fcc8                __init_hardware
 .text._Z8PortDISRv
                0x0000fd0c       0x64 Startup\kinetis_sysinit.o
                0x0000fd0c                PortDISR()
 .text._ZN8FEHMotorC2ENS_12FEHMotorPortEf
                0x0000fd70       0xb0 Libraries\FEHMotor.o
                0x0000fd70                FEHMotor::FEHMotor(FEHMotor::FEHMotorPort, float)
                0x0000fd70                FEHMotor::FEHMotor(FEHMotor::FEHMotorPort, float)
 .text._ZN8FEHMotor4StopEv
                0x0000fe20       0x3c Libraries\FEHMotor.o
                0x0000fe20                FEHMotor::Stop()
 .text._ZN8FEHMotor8SetPowerEi
                0x0000fe5c       0x60 Libraries\FEHMotor.o
                0x0000fe5c                FEHMotor::SetPower(int)
 *fill*         0x0000febc        0x4 00
 .text._ZN8FEHMotor10SetPercentEf
                0x0000fec0      0x158 Libraries\FEHMotor.o
                0x0000fec0                FEHMotor::SetPercent(float)
 .text._Z21IIC_StartTransmissionhh
                0x00010018       0x98 Drivers\i2c.o
                0x00010018                IIC_StartTransmission(unsigned char, unsigned char)
 .text._Z5Pausev
                0x000100b0       0x34 Drivers\i2c.o
                0x000100b0                Pause()
 .text._Z21MMA8451QWriteRegisterhh
                0x000100e4      0x12c Drivers\i2c.o
                0x000100e4                MMA8451QWriteRegister(unsigned char, unsigned char)
 .text._Z12SPI_SendCharh
                0x00010210       0x1c Drivers\spi.o
                0x00010210                SPI_SendChar(unsigned char)
 .text._Z16SPI_WriteCommandhh
                0x0001022c       0x34 Drivers\spi.o
                0x0001022c                SPI_WriteCommand(unsigned char, unsigned char)
 .text._Z11SPI_GetCharv
                0x00010260       0x14 Drivers\spi.o
                0x00010260                SPI_GetChar()
 .text._Z15SPI_ReadCommandh
                0x00010274       0x3c Drivers\spi.o
                0x00010274                SPI_ReadCommand(unsigned char)
 .text._Z13SPI_CS_Assertv
                0x000102b0       0x24 Drivers\spi.o
                0x000102b0                SPI_CS_Assert()
 .text._Z15SPI_CS_Deassertv
                0x000102d4       0x24 Drivers\spi.o
                0x000102d4                SPI_CS_Deassert()
 .text._Z12SPI_Transferh
                0x000102f8       0x88 Drivers\spi.o
                0x000102f8                SPI_Transfer(unsigned char)
 .text._Z8SPI_Initv
                0x00010380       0xe8 Drivers\spi.o
                0x00010380                SPI_Init()
 .text._Z9uart_initPV11UART_MemMapii
                0x00010468      0x20c Drivers\uart.o
                0x00010468                uart_init(UART_MemMap volatile*, int, int)
 .text._Z12uart_getcharPV11UART_MemMap
                0x00010674       0x34 Drivers\uart.o
                0x00010674                uart_getchar(UART_MemMap volatile*)
 .text._Z12uart_putcharPV11UART_MemMapc
                0x000106a8       0x38 Drivers\uart.o
                0x000106a8                uart_putchar(UART_MemMap volatile*, char)
 .text._ZL7mem_cpyPvPKvj
                0x000106e0       0x50 Drivers\ff.o
 .text._ZL7mem_setPvij
                0x00010730       0x44 Drivers\ff.o
 .text._ZL7mem_cmpPKvS0_j
                0x00010774       0x7c Drivers\ff.o
 .text._ZL7chk_chrPKci
                0x000107f0       0x48 Drivers\ff.o
 .text._ZL11move_windowP5FATFSm
                0x00010838       0xf0 Drivers\ff.o
 .text._ZL4syncP5FATFS
                0x00010928      0x188 Drivers\ff.o
 .text._Z10clust2sectP5FATFSm
                0x00010ab0       0x44 Drivers\ff.o
                0x00010ab0                clust2sect(FATFS*, unsigned long)
 .text._Z7get_fatP5FATFSm
                0x00010af4      0x1d4 Drivers\ff.o
                0x00010af4                get_fat(FATFS*, unsigned long)
 .text._Z7put_fatP5FATFSmm
                0x00010cc8      0x268 Drivers\ff.o
                0x00010cc8                put_fat(FATFS*, unsigned long, unsigned long)
 .text._ZL12remove_chainP5FATFSm
                0x00010f30       0xbc Drivers\ff.o
 .text._ZL12create_chainP5FATFSm
                0x00010fec      0x130 Drivers\ff.o
 .text._ZL10clmt_clustP3FILm
                0x0001111c       0x70 Drivers\ff.o
 .text._ZL7dir_sdiP3DIRt
                0x0001118c      0x124 Drivers\ff.o
 .text._ZL8dir_nextP3DIRi
                0x000112b0      0x1fc Drivers\ff.o
 .text._ZL8dir_findP3DIR
                0x000114ac       0xbc Drivers\ff.o
 .text._ZL12dir_registerP3DIR
                0x00011568       0xcc Drivers\ff.o
 .text._ZL11create_nameP3DIRPPKc
                0x00011634      0x250 Drivers\ff.o
 .text._ZL11follow_pathP3DIRPKc
                0x00011884      0x150 Drivers\ff.o
 .text._ZL8check_fsP5FATFSm
                0x000119d4       0xf0 Drivers\ff.o
 .text._ZL11chk_mountedPPKcPP5FATFSh
                0x00011ac4      0x5f8 Drivers\ff.o
 .text._ZL8validateP5FATFSt
                0x000120bc       0x54 Drivers\ff.o
 .text._Z7f_mounthP5FATFS
                0x00012110       0x64 Drivers\ff.o
                0x00012110                f_mount(unsigned char, FATFS*)
 .text._Z6f_openP3FILPKch
                0x00012174      0x358 Drivers\ff.o
                0x00012174                f_open(FIL*, char const*, unsigned char)
 .text._Z7f_writeP3FILPKvjPj
                0x000124cc      0x39c Drivers\ff.o
                0x000124cc                f_write(FIL*, void const*, unsigned int, unsigned int*)
 .text._Z6f_syncP3FIL
                0x00012868      0x1c0 Drivers\ff.o
                0x00012868                f_sync(FIL*)
 .text._Z7f_closeP3FIL
                0x00012a28       0x2c Drivers\ff.o
                0x00012a28                f_close(FIL*)
 .text._Z6f_putccP3FIL
                0x00012a54       0x44 Drivers\ff.o
                0x00012a54                f_putc(char, FIL*)
 .text._Z6f_putsPKcP3FIL
                0x00012a98       0x64 Drivers\ff.o
                0x00012a98                f_puts(char const*, FIL*)
 .text._Z5powerii
                0x00012afc       0x50 Drivers\ff.o
                0x00012afc                power(int, int)
 .text._Z8f_printfP3FILPKcSt9__va_list
                0x00012b4c      0x76c Drivers\ff.o
                0x00012b4c                f_printf(FIL*, char const*, std::__va_list)
 .text._ZL17SDHC_set_baudratemm
                0x000132b8      0x14c Drivers\SDHC.o
 .text._Z9SDHC_initP17esdhc_info_structPK17esdhc_init_struct
                0x00013404      0x1c4 Drivers\SDHC.o
                0x00013404                SDHC_init(esdhc_info_struct*, esdhc_init_struct const*)
 .text._ZL15SDHC_is_runningv
                0x000135c8       0x28 Drivers\SDHC.o
 .text._ZL16SDHC_status_waitm
                0x000135f0       0x38 Drivers\SDHC.o
 .text._ZL17SDHC_send_commandP20esdhc_command_struct
                0x00013628      0x2a0 Drivers\SDHC.o
 .text._Z10SDHC_ioctlmPv
                0x000138c8      0x978 Drivers\SDHC.o
                0x000138c8                SDHC_ioctl(unsigned long, void*)
 .text._Z15disk_initializeh
                0x00014240      0x448 Drivers\SDHC.o
                0x00014240                disk_initialize(unsigned char)
 .text._ZL14rcvr_datablockPhm
                0x00014688      0x134 Drivers\SDHC.o
 .text._Z9disk_readhPhmh
                0x000147bc      0x13c Drivers\SDHC.o
                0x000147bc                disk_read(unsigned char, unsigned char*, unsigned long, unsigned char)
 .text._ZL14xmit_datablockPKhm
                0x000148f8       0xe0 Drivers\SDHC.o
 .text._Z10disk_writehPKhmh
                0x000149d8      0x1cc Drivers\SDHC.o
                0x000149d8                disk_write(unsigned char, unsigned char const*, unsigned long, unsigned char)
 .text._Z10disk_ioctlhhPv
                0x00014ba4      0x128 Drivers\SDHC.o
                0x00014ba4                disk_ioctl(unsigned char, unsigned char, void*)
 .text._Z11disk_statush
                0x00014ccc       0x30 Drivers\SDHC.o
                0x00014ccc                disk_status(unsigned char)
 .text._Z13time_delay_msm
                0x00014cfc       0xa4 Drivers\lptmr.o
                0x00014cfc                time_delay_ms(unsigned long)
 .text._Z41__static_initialization_and_destruction_0ii
                0x00014da0       0x30 FEHProteus.o
 .text._GLOBAL__sub_I_Propeller
                0x00014dd0       0x14 FEHProteus.o
 .text._ZN12FEHPropellerC2Ev
                0x00014de4       0x20 Drivers\FEHPropeller.o
                0x00014de4                FEHPropeller::FEHPropeller()
                0x00014de4                FEHPropeller::FEHPropeller()
 .text._ZN12FEHPropeller10InitializeEv
                0x00014e04       0x94 Drivers\FEHPropeller.o
                0x00014e04                FEHPropeller::Initialize()
 .text._ZN12FEHPropeller12SetMotorRateEhhh
                0x00014e98       0x78 Drivers\FEHPropeller.o
                0x00014e98                FEHPropeller::SetMotorRate(unsigned char, unsigned char, unsigned char)
 .text._ZL5Delaymjj
                0x00014f10       0xc4 Libraries\FEHUtility.o
 .text._Z5Sleepi
                0x00014fd4       0x34 Libraries\FEHUtility.o
                0x00014fd4                Sleep(int)
 .text._Z5Sleepd
                0x00015008       0x58 Libraries\FEHUtility.o
                0x00015008                Sleep(double)
 .text._Z7TimeNowv
                0x00015060       0x70 Libraries\FEHUtility.o
                0x00015060                TimeNow()
 .text._Z11TimeNowMSecv
                0x000150d0       0x44 Libraries\FEHUtility.o
                0x000150d0                TimeNowMSec()
 .text._ZN15DigitalInputPinC2EN5FEHIO8FEHIOPinE
                0x00015114       0x24 Libraries\FEHIO.o
                0x00015114                DigitalInputPin::DigitalInputPin(FEHIO::FEHIOPin)
                0x00015114                DigitalInputPin::DigitalInputPin(FEHIO::FEHIOPin)
 .text._ZN15DigitalInputPin10InitializeEN5FEHIO8FEHIOPinE
                0x00015138      0x224 Libraries\FEHIO.o
                0x00015138                DigitalInputPin::Initialize(FEHIO::FEHIOPin)
 .text._ZN15DigitalInputPin5ValueEv
                0x0001535c      0x148 Libraries\FEHIO.o
                0x0001535c                DigitalInputPin::Value()
 .text._ZN14DigitalEncoderC2EN5FEHIO8FEHIOPinE
                0x000154a4       0x2c Libraries\FEHIO.o
                0x000154a4                DigitalEncoder::DigitalEncoder(FEHIO::FEHIOPin)
                0x000154a4                DigitalEncoder::DigitalEncoder(FEHIO::FEHIOPin)
 .text._Z10enable_irqi
                0x000154d0      0x1cc Libraries\FEHIO.o
                0x000154d0                enable_irq(int)
 .text._ZN14DigitalEncoder10InitializeEN5FEHIO8FEHIOPinENS0_21FEHIOInterruptTriggerE
                0x0001569c      0x224 Libraries\FEHIO.o
                0x0001569c                DigitalEncoder::Initialize(FEHIO::FEHIOPin, FEHIO::FEHIOInterruptTrigger)
 .text._Z9portB_isrv
                0x000158c0       0xd4 Libraries\FEHIO.o
                0x000158c0                portB_isr()
 .text._Z9portC_isrv
                0x00015994       0xd8 Libraries\FEHIO.o
                0x00015994                portC_isr()
 .text._Z9portA_isrv
                0x00015a6c       0xd8 Libraries\FEHIO.o
                0x00015a6c                portA_isr()
 .text._Z9portE_isrv
                0x00015b44       0xd0 Libraries\FEHIO.o
                0x00015b44                portE_isr()
 .text._ZN14DigitalEncoder6CountsEv
                0x00015c14       0x28 Libraries\FEHIO.o
                0x00015c14                DigitalEncoder::Counts()
 .text._ZN14DigitalEncoder11ResetCountsEv
                0x00015c3c       0x28 Libraries\FEHIO.o
                0x00015c3c                DigitalEncoder::ResetCounts()
 .text._ZN14AnalogInputPinC2EN5FEHIO8FEHIOPinE
                0x00015c64       0x20 Libraries\FEHIO.o
                0x00015c64                AnalogInputPin::AnalogInputPin(FEHIO::FEHIOPin)
                0x00015c64                AnalogInputPin::AnalogInputPin(FEHIO::FEHIOPin)
 *fill*         0x00015c84        0x4 00
 .text._ZN14AnalogInputPin5ValueEv
                0x00015c88      0x180 Libraries\FEHIO.o
                0x00015c88                AnalogInputPin::Value()
 .text._ZN13AnalogEncoder12EncoderValueEv
                0x00015e08       0xe4 Libraries\FEHIO.o
                0x00015e08                AnalogEncoder::EncoderValue()
 .text._ZN14AnalogInputPin8InitADCsEv
                0x00015eec      0x120 Libraries\FEHIO.o
                0x00015eec                AnalogInputPin::InitADCs()
 .text._Z8pit0_isrv
                0x0001600c       0x34 Libraries\FEHIO.o
                0x0001600c                pit0_isr()
 .text._ZN13AnalogEncoder4InitEv
                0x00016040       0x64 Libraries\FEHIO.o
                0x00016040                AnalogEncoder::Init()
 .text._ZN13AnalogEncoder14SetCounterInitEj
                0x000160a4       0x20 Libraries\FEHIO.o
                0x000160a4                AnalogEncoder::SetCounterInit(unsigned int)
 .text._ZN13AnalogEncoder10ProcessIntEv
                0x000160c4       0x80 Libraries\FEHIO.o
                0x000160c4                AnalogEncoder::ProcessInt()
 .text._ZN13AnalogEncoder14ProcessIntSelfEv
                0x00016144       0x80 Libraries\FEHIO.o
                0x00016144                AnalogEncoder::ProcessIntSelf()
 .text._Z7ADC_CalPV10ADC_MemMap
                0x000161c4      0x14c Drivers\adc16.o
                0x000161c4                ADC_Cal(ADC_MemMap volatile*)
 .text._Z14ADC_Config_AltPV10ADC_MemMapP7adc_cfg
                0x00016310       0x6c Drivers\adc16.o
                0x00016310                ADC_Config_Alt(ADC_MemMap volatile*, adc_cfg*)
 .text._ZN9FEHBuzzer4BeepEv
                0x0001637c       0x20 Libraries\FEHBuzzer.o
                0x0001637c                FEHBuzzer::Beep()
 .text._ZN9FEHBuzzer4BuzzEi
                0x0001639c       0x20 Libraries\FEHBuzzer.o
                0x0001639c                FEHBuzzer::Buzz(int)
 .text._ZN9FEHBuzzer4ToneEii
                0x000163bc       0xa8 Libraries\FEHBuzzer.o
                0x000163bc                FEHBuzzer::Tone(int, int)
 .text._ZN9FEHBuzzerC2Ev
                0x00016464       0x18 Libraries\FEHBuzzer.o
                0x00016464                FEHBuzzer::FEHBuzzer()
                0x00016464                FEHBuzzer::FEHBuzzer()
 .text._Z41__static_initialization_and_destruction_0ii
                0x0001647c       0x30 Libraries\FEHBuzzer.o
 .text._GLOBAL__sub_I_Buzzer
                0x000164ac       0x14 Libraries\FEHBuzzer.o
 .text._ZN8FEHServoC2ENS_12FEHServoPortE
                0x000164c0       0x3c Libraries\FEHServo.o
                0x000164c0                FEHServo::FEHServo(FEHServo::FEHServoPort)
                0x000164c0                FEHServo::FEHServo(FEHServo::FEHServoPort)
 .text._ZN8FEHServo6SetMinEi
                0x000164fc       0x3c Libraries\FEHServo.o
                0x000164fc                FEHServo::SetMin(int)
 .text._ZN8FEHServo6SetMaxEi
                0x00016538       0x3c Libraries\FEHServo.o
                0x00016538                FEHServo::SetMax(int)
 *fill*         0x00016574        0x4 00
 .text._ZN8FEHServo9SetDegreeEf
                0x00016578      0x148 Libraries\FEHServo.o
                0x00016578                FEHServo::SetDegree(float)
 .text._ZN6FEHLCD11_InitializeEv
                0x000166c0      0x5dc Libraries\FEHLCD.o
                0x000166c0                FEHLCD::_Initialize()
 .text._ZN6FEHLCDC2Ev
                0x00016c9c       0x64 Libraries\FEHLCD.o
                0x00016c9c                FEHLCD::FEHLCD()
                0x00016c9c                FEHLCD::FEHLCD()
 .text._ZN6FEHLCD10InitializeEv
                0x00016d00       0x38 Libraries\FEHLCD.o
                0x00016d00                FEHLCD::Initialize()
 .text._ZN6FEHLCD10PrintImageEii
                0x00016d38      0x100 Libraries\FEHLCD.o
                0x00016d38                FEHLCD::PrintImage(int, int)
 .text._ZN6FEHLCD9PrintLogoEii
                0x00016e38      0x100 Libraries\FEHLCD.o
                0x00016e38                FEHLCD::PrintLogo(int, int)
 .text._ZN6FEHLCD22ConvertFEHColorTo24BitENS_11FEHLCDColorE
                0x00016f38       0x80 Libraries\FEHLCD.o
                0x00016f38                FEHLCD::ConvertFEHColorTo24Bit(FEHLCD::FEHLCDColor)
 .text._ZN6FEHLCD24Convert24BitColorTo16BitEj
                0x00016fb8       0x40 Libraries\FEHLCD.o
                0x00016fb8                FEHLCD::Convert24BitColorTo16Bit(unsigned int)
 .text._ZN6FEHLCD22ConvertRGBColorTo16BitEhhh
                0x00016ff8       0x44 Libraries\FEHLCD.o
                0x00016ff8                FEHLCD::ConvertRGBColorTo16Bit(unsigned char, unsigned char, unsigned char)
 .text._ZN6FEHLCD5ClearENS_11FEHLCDColorE
                0x0001703c       0x28 Libraries\FEHLCD.o
                0x0001703c                FEHLCD::Clear(FEHLCD::FEHLCDColor)
 .text._ZN6FEHLCD5ClearEj
                0x00017064       0x2c Libraries\FEHLCD.o
                0x00017064                FEHLCD::Clear(unsigned int)
 .text._ZN6FEHLCD5ClearEv
                0x00017090       0x18 Libraries\FEHLCD.o
                0x00017090                FEHLCD::Clear()
 .text._ZN6FEHLCD18SetBackgroundColorENS_11FEHLCDColorE
                0x000170a8       0x28 Libraries\FEHLCD.o
                0x000170a8                FEHLCD::SetBackgroundColor(FEHLCD::FEHLCDColor)
 .text._ZN6FEHLCD18SetBackgroundColorEj
                0x000170d0       0x28 Libraries\FEHLCD.o
                0x000170d0                FEHLCD::SetBackgroundColor(unsigned int)
 .text._ZN6FEHLCD12SetFontColorENS_11FEHLCDColorE
                0x000170f8       0x28 Libraries\FEHLCD.o
                0x000170f8                FEHLCD::SetFontColor(FEHLCD::FEHLCDColor)
 .text._ZN6FEHLCD12SetFontColorEj
                0x00017120       0x28 Libraries\FEHLCD.o
                0x00017120                FEHLCD::SetFontColor(unsigned int)
 .text._ZN6FEHLCD7WriteAtEPKcii
                0x00017148       0x58 Libraries\FEHLCD.o
                0x00017148                FEHLCD::WriteAt(char const*, int, int)
 .text._ZN6FEHLCD7WriteAtEfii
                0x000171a0       0xf8 Libraries\FEHLCD.o
                0x000171a0                FEHLCD::WriteAt(float, int, int)
 .text._ZN6FEHLCD7WriteAtEdii
                0x00017298       0x2c Libraries\FEHLCD.o
                0x00017298                FEHLCD::WriteAt(double, int, int)
 .text._ZN6FEHLCD11TS_SPI_InitEv
                0x000172c4       0xa8 Libraries\FEHLCD.o
                0x000172c4                FEHLCD::TS_SPI_Init()
 *fill*         0x0001736c        0x4 00
 .text._ZN6FEHLCD5TouchEPfS0_
                0x00017370      0x240 Libraries\FEHLCD.o
                0x00017370                FEHLCD::Touch(float*, float*)
 .text._ZN6FEHLCD3absEi
                0x000175b0       0x28 Libraries\FEHLCD.o
                0x000175b0                FEHLCD::abs(int)
 .text._ZN6FEHLCD7WriteRCEPKcii
                0x000175d8       0x40 Libraries\FEHLCD.o
                0x000175d8                FEHLCD::WriteRC(char const*, int, int)
 .text._ZN6FEHLCD7WriteRCEfii
                0x00017618       0x40 Libraries\FEHLCD.o
                0x00017618                FEHLCD::WriteRC(float, int, int)
 .text._ZN6FEHLCD7WriteRCEdii
                0x00017658       0x44 Libraries\FEHLCD.o
                0x00017658                FEHLCD::WriteRC(double, int, int)
 .text._ZN6FEHLCD5WriteEPKc
                0x0001769c       0x5c Libraries\FEHLCD.o
                0x0001769c                FEHLCD::Write(char const*)
 .text._ZN6FEHLCD5WriteEi
                0x000176f8       0x34 Libraries\FEHLCD.o
                0x000176f8                FEHLCD::Write(int)
 .text._ZN6FEHLCD5WriteEc
                0x0001772c       0x30 Libraries\FEHLCD.o
                0x0001772c                FEHLCD::Write(char)
 .text._ZN6FEHLCD9WriteLineEPKc
                0x0001775c       0x28 Libraries\FEHLCD.o
                0x0001775c                FEHLCD::WriteLine(char const*)
 .text._ZN6FEHLCD9WriteLineEc
                0x00017784       0x2c Libraries\FEHLCD.o
                0x00017784                FEHLCD::WriteLine(char)
 .text._ZN6FEHLCD10WriteIndexEh
                0x000177b0      0x288 Libraries\FEHLCD.o
                0x000177b0                FEHLCD::WriteIndex(unsigned char)
 .text._ZN6FEHLCD14WriteParameterEh
                0x00017a38      0x254 Libraries\FEHLCD.o
                0x00017a38                FEHLCD::WriteParameter(unsigned char)
 .text._ZN6FEHLCD6_ClearEv
                0x00017c8c      0x228 Libraries\FEHLCD.o
                0x00017c8c                FEHLCD::_Clear()
 .text._ZN6FEHLCD8NextLineEv
                0x00017eb4       0x30 Libraries\FEHLCD.o
                0x00017eb4                FEHLCD::NextLine()
 .text._ZN6FEHLCD9CheckLineEv
                0x00017ee4       0x2c Libraries\FEHLCD.o
                0x00017ee4                FEHLCD::CheckLine()
 .text._ZN6FEHLCD8NextCharEv
                0x00017f10       0x34 Libraries\FEHLCD.o
                0x00017f10                FEHLCD::NextChar()
 .text._ZN6FEHLCD9DrawPixelEii
                0x00017f44       0x30 Libraries\FEHLCD.o
                0x00017f44                FEHLCD::DrawPixel(int, int)
 .text._Z4SwapRiS_
                0x00017f74       0x28 Libraries\FEHLCD.o
                0x00017f74                Swap(int&, int&)
 .text._ZN6FEHLCD13DrawRectangleEiiii
                0x00017f9c       0x80 Libraries\FEHLCD.o
                0x00017f9c                FEHLCD::DrawRectangle(int, int, int, int)
 .text._ZN6FEHLCD13SetDrawRegionEiiii
                0x0001801c      0x10c Libraries\FEHLCD.o
                0x0001801c                FEHLCD::SetDrawRegion(int, int, int, int)
 .text._ZN6FEHLCD8DrawLineEiiii
                0x00018128      0x17c Libraries\FEHLCD.o
                0x00018128                FEHLCD::DrawLine(int, int, int, int)
 .text._ZN6FEHLCD9WriteCharEiic
                0x000182a4       0x40 Libraries\FEHLCD.o
                0x000182a4                FEHLCD::WriteChar(int, int, char)
 .text._ZN6FEHLCD11WriteCharAtEiic
                0x000182e4      0x278 Libraries\FEHLCD.o
                0x000182e4                FEHLCD::WriteCharAt(int, int, char)
 .text._ZN6FEHLCD11RepeatColorEv
                0x0001855c       0xbc Libraries\FEHLCD.o
                0x0001855c                FEHLCD::RepeatColor()
 .text._ZN6FEHLCD10_ForePixelEv
                0x00018618      0x160 Libraries\FEHLCD.o
                0x00018618                FEHLCD::_ForePixel()
 .text._ZN6FEHLCD10_BackPixelEv
                0x00018778      0x160 Libraries\FEHLCD.o
                0x00018778                FEHLCD::_BackPixel()
 .text._ZN6FEHLCD22SetRegisterColorValuesEv
                0x000188d8      0x4c0 Libraries\FEHLCD.o
                0x000188d8                FEHLCD::SetRegisterColorValues()
 .text._ZN7FEHIcon4IconC2Ev
                0x00018d98       0x18 Libraries\FEHLCD.o
                0x00018d98                FEHIcon::Icon::Icon()
                0x00018d98                FEHIcon::Icon::Icon()
 .text._ZN7FEHIcon4Icon13SetPropertiesEPciiiijj
                0x00018db0       0x70 Libraries\FEHLCD.o
                0x00018db0                FEHIcon::Icon::SetProperties(char*, int, int, int, int, unsigned int, unsigned int)
 .text._ZN7FEHIcon4Icon4DrawEv
                0x00018e20       0xb0 Libraries\FEHLCD.o
                0x00018e20                FEHIcon::Icon::Draw()
 .text._ZN7FEHIcon4Icon6SelectEv
                0x00018ed0       0xb8 Libraries\FEHLCD.o
                0x00018ed0                FEHIcon::Icon::Select()
 .text._ZN7FEHIcon4Icon8DeselectEv
                0x00018f88       0xb4 Libraries\FEHLCD.o
                0x00018f88                FEHIcon::Icon::Deselect()
 .text._ZN7FEHIcon4Icon7PressedEffi
                0x0001903c      0x1dc Libraries\FEHLCD.o
                0x0001903c                FEHIcon::Icon::Pressed(float, float, int)
 .text._ZN7FEHIcon4Icon12WhilePressedEff
                0x00019218       0x5c Libraries\FEHLCD.o
                0x00019218                FEHIcon::Icon::WhilePressed(float, float)
 .text._ZN7FEHIcon13DrawIconArrayEPNS_4IconEiiiiiiPA20_cjj
                0x00019274      0x194 Libraries\FEHLCD.o
                0x00019274                FEHIcon::DrawIconArray(FEHIcon::Icon*, int, int, int, int, int, int, char (*) [20], unsigned int, unsigned int)
 .text._Z41__static_initialization_and_destruction_0ii
                0x00019408       0x30 Libraries\FEHLCD.o
 .text._GLOBAL__sub_I_image
                0x00019438       0x14 Libraries\FEHLCD.o
 .text._ZN8FEHAccelC2Ev
                0x0001944c       0x8c Libraries\FEHAccel.o
                0x0001944c                FEHAccel::FEHAccel()
                0x0001944c                FEHAccel::FEHAccel()
 .text._Z41__static_initialization_and_destruction_0ii
                0x000194d8       0x30 Libraries\FEHAccel.o
 .text._GLOBAL__sub_I_Accel
                0x00019508       0x14 Libraries\FEHAccel.o
 .text._ZN10FEHBattery7VoltageEv
                0x0001951c       0x38 Libraries\FEHBattery.o
                0x0001951c                FEHBattery::Voltage()
 .text._ZN10FEHBatteryC2EN5FEHIO8FEHIOPinE
                0x00019554       0x24 Libraries\FEHBattery.o
                0x00019554                FEHBattery::FEHBattery(FEHIO::FEHIOPin)
                0x00019554                FEHBattery::FEHBattery(FEHIO::FEHIOPin)
 .text._Z41__static_initialization_and_destruction_0ii
                0x00019578       0x34 Libraries\FEHBattery.o
 .text._GLOBAL__sub_I_Battery
                0x000195ac       0x14 Libraries\FEHBattery.o
 .text._ZN7FEHXBeeC2Ev
                0x000195c0       0x20 Drivers\FEHXBee.o
                0x000195c0                FEHXBee::FEHXBee()
                0x000195c0                FEHXBee::FEHXBee()
 .text._ZN7FEHXBee10InitializeEv
                0x000195e0      0x148 Drivers\FEHXBee.o
                0x000195e0                FEHXBee::Initialize()
 .text._ZN7FEHXBee13IsInitializedEv
                0x00019728       0x18 Drivers\FEHXBee.o
                0x00019728                FEHXBee::IsInitialized()
 .text._ZN7FEHXBee17ReceiveDataSearchEPcjh
                0x00019740       0xb4 Drivers\FEHXBee.o
                0x00019740                FEHXBee::ReceiveDataSearch(char*, unsigned int, unsigned char)
 .text._ZN7FEHXBee8SendDataEPcj
                0x000197f4       0x50 Drivers\FEHXBee.o
                0x000197f4                FEHXBee::SendData(char*, unsigned int)
 .text._ZN7FEHXBee17SetPacketCallBackEPFvPhhE
                0x00019844       0x20 Drivers\FEHXBee.o
                0x00019844                FEHXBee::SetPacketCallBack(void (*)(unsigned char*, unsigned char))
 .text._Z9UART0_ISRv
                0x00019864      0x174 Drivers\FEHXBee.o
                0x00019864                UART0_ISR()
 .text._ZN6FEHRPSC2Ev
                0x000199d8       0x88 Libraries\FEHRPS.o
                0x000199d8                FEHRPS::FEHRPS()
                0x000199d8                FEHRPS::FEHRPS()
 .text._ZN6FEHRPS10InitializeEi
                0x00019a60      0x8b4 Libraries\FEHRPS.o
                0x00019a60                FEHRPS::Initialize(int)
 .text._ZN6FEHRPS10InitializeEc
                0x0001a314       0x4c Libraries\FEHRPS.o
                0x0001a314                FEHRPS::Initialize(char)
 .text._ZN6FEHRPS19InitializeTouchMenuEv
                0x0001a360      0x908 Libraries\FEHRPS.o
                0x0001a360                FEHRPS::InitializeTouchMenu()
 .text._ZN6FEHRPS19CurrentRegionLetterEv
                0x0001ac68       0x20 Libraries\FEHRPS.o
                0x0001ac68                FEHRPS::CurrentRegionLetter()
 .text._ZN6FEHRPS13WaitForPacketEv
                0x0001ac88       0x78 Libraries\FEHRPS.o
                0x0001ac88                FEHRPS::WaitForPacket()
 .text._ZN6FEHRPS1XEv
                0x0001ad00       0x20 Libraries\FEHRPS.o
                0x0001ad00                FEHRPS::X()
 .text._ZN6FEHRPS1YEv
                0x0001ad20       0x20 Libraries\FEHRPS.o
                0x0001ad20                FEHRPS::Y()
 .text._ZN6FEHRPS7HeadingEv
                0x0001ad40       0x20 Libraries\FEHRPS.o
                0x0001ad40                FEHRPS::Heading()
 .text._Z14RPSDataProcessPhh
                0x0001ad60      0x18c Libraries\FEHRPS.o
                0x0001ad60                RPSDataProcess(unsigned char*, unsigned char)
 .text._Z41__static_initialization_and_destruction_0ii
                0x0001aeec       0x30 Libraries\FEHRPS.o
 .text._GLOBAL__sub_I_RPS
                0x0001af1c       0x14 Libraries\FEHRPS.o
 .text._ZN5FEHSDC2Ev
                0x0001af30       0x24 Libraries\FEHSD.o
                0x0001af30                FEHSD::FEHSD()
                0x0001af30                FEHSD::FEHSD()
 .text._ZN5FEHSD7OpenLogEv
                0x0001af54      0x1a4 Libraries\FEHSD.o
                0x0001af54                FEHSD::OpenLog()
 .text._ZN5FEHSD8CloseLogEv
                0x0001b0f8       0x38 Libraries\FEHSD.o
                0x0001b0f8                FEHSD::CloseLog()
 .text._ZN5FEHSD6PrintfEPKcz
                0x0001b130       0x30 Libraries\FEHSD.o
                0x0001b130                FEHSD::Printf(char const*, ...)
 .text._ZN5FEHSD10InitializeEv
                0x0001b160      0x118 Libraries\FEHSD.o
                0x0001b160                FEHSD::Initialize()
 .text._Z41__static_initialization_and_destruction_0ii
                0x0001b278       0x30 Libraries\FEHSD.o
 .text._GLOBAL__sub_I_SD
                0x0001b2a8       0x14 Libraries\FEHSD.o
 .text.atan2f   0x0001b2bc        0x4 C:\fehqt\Proteus/EWL/lib/armv7e-m\libm.a(w_atan2f.o)
                0x0001b2bc                atan2f
 .text.powf     0x0001b2c0        0x4 C:\fehqt\Proteus/EWL/lib/armv7e-m\libm.a(w_powf.o)
                0x0001b2c0                powf
 .text.sqrtf    0x0001b2c4        0x4 C:\fehqt\Proteus/EWL/lib/armv7e-m\libm.a(w_sqrtf.o)
                0x0001b2c4                sqrtf
 .text.__ieee754_atan2f
                0x0001b2c8      0x130 C:\fehqt\Proteus/EWL/lib/armv7e-m\libm.a(e_atan2f.o)
                0x0001b2c8                __ieee754_atan2f
 .text.__ieee754_powf
                0x0001b3f8      0x774 C:\fehqt\Proteus/EWL/lib/armv7e-m\libm.a(e_powf.o)
                0x0001b3f8                __ieee754_powf
 .text.__ieee754_sqrtf
                0x0001bb6c       0xb0 C:\fehqt\Proteus/EWL/lib/armv7e-m\libm.a(e_sqrtf.o)
                0x0001bb6c                __ieee754_sqrtf
 .text.__fpclassifyf
                0x0001bc1c       0x2c C:\fehqt\Proteus/EWL/lib/armv7e-m\libm.a(math_api.o)
                0x0001bc1c                __fpclassifyf
 .text.atanf    0x0001bc48      0x240 C:\fehqt\Proteus/EWL/lib/armv7e-m\libm.a(s_atanf.o)
                0x0001bc48                atanf
 .text.scalbnf  0x0001be88       0xac C:\fehqt\Proteus/EWL/lib/armv7e-m\libm.a(s_scalbnf.o)
                0x0001be88                scalbnf
 .text.sprintf  0x0001bf34       0x1c C:\fehqt\Proteus/EWL/lib/armv7e-m\libc.a(sprintf.o)
                0x0001bf34                sprintf
 .text.__StringWrite
                0x0001bf50       0x28 C:\fehqt\Proteus/EWL/lib/armv7e-m\libc.a(vsnprintf.o)
                0x0001bf50                __StringWrite
 .text.vsnprintf
                0x0001bf78       0x34 C:\fehqt\Proteus/EWL/lib/armv7e-m\libc.a(vsnprintf.o)
                0x0001bf78                vsnprintf
 .text.exit     0x0001bfac       0x38 C:\fehqt\Proteus/EWL/lib/armv7e-m\libc.a(exit.o)
                0x0001bfac                exit
 .text.memcpy   0x0001bfe4       0x12 C:\fehqt\Proteus/EWL/lib/armv7e-m\libc.a(memcpy.o)
                0x0001bfe4                memcpy
 .text.memset   0x0001bff6        0xc C:\fehqt\Proteus/EWL/lib/armv7e-m\libc.a(memset.o)
                0x0001bff6                memset
 .text.strcpy   0x0001c002       0x18 C:\fehqt\Proteus/EWL/lib/armv7e-m\libc.a(strcpy.o)
                0x0001c002                strcpy
 .text.strlen   0x0001c01a       0x10 C:\fehqt\Proteus/EWL/lib/armv7e-m\libc.a(strlen.o)
                0x0001c01a                strlen
 .text.long2str.isra.0
                0x0001c02a      0x196 C:\fehqt\Proteus/EWL/lib/armv7e-m\libc.a(printformat_.o)
 .text.__pformatter_
                0x0001c1c0      0x3f8 C:\fehqt\Proteus/EWL/lib/armv7e-m\libc.a(printformat_.o)
                0x0001c1c0                __pformatter_
 .text.__sformatter
                0x0001c5b8      0x74e C:\fehqt\Proteus/EWL/lib/armv7e-m\libc.a(scanformat_.o)
                0x0001c5b8                __sformatter
 *fill*         0x0001cd06        0x2 00
 .text.isalpha  0x0001cd08       0x1c C:\fehqt\Proteus/EWL/lib/armv7e-m\libc.a(ctype_aeabi.o)
                0x0001cd08                isalpha
 .text.isspace  0x0001cd24       0x1c C:\fehqt\Proteus/EWL/lib/armv7e-m\libc.a(ctype_aeabi.o)
                0x0001cd24                isspace
 .text.toupper  0x0001cd40        0xc C:\fehqt\Proteus/EWL/lib/armv7e-m\libc.a(ctype_aeabi.o)
                0x0001cd40                toupper
 .text.__strtoul
                0x0001cd4c      0x1dc C:\fehqt\Proteus/EWL/lib/armv7e-m\libc.a(__strtoul.o)
                0x0001cd4c                __strtoul
 .text.__fill_mem
                0x0001cf28       0x76 C:\fehqt\Proteus/EWL/lib/armv7e-m\libc.a(__filll_mem.o)
                0x0001cf28                __fill_mem
 .text.memchr   0x0001cf9e       0x1a C:\fehqt\Proteus/EWL/lib/armv7e-m\libc.a(memchr.o)
                0x0001cf9e                memchr
 .text.strchr   0x0001cfb8       0x1c C:\fehqt\Proteus/EWL/lib/armv7e-m\libc.a(strchr.o)
                0x0001cfb8                strchr
 .text.__init_cpp
                0x0001cfd4       0x4c C:\fehqt\Proteus/EWL/lib/armv7e-m\librt.a(gcc_ctor_dtor.o)
                0x0001cfd4                __init_cpp
 .text.__fini_cpp
                0x0001d020       0x34 C:\fehqt\Proteus/EWL/lib/armv7e-m\librt.a(gcc_ctor_dtor.o)
                0x0001d020                __fini_cpp
 .text.__copy_rom_section
                0x0001d054       0x44 C:\fehqt\Proteus/EWL/lib/armv7e-m\librt.a(ROMCopy.o)
                0x0001d054                __copy_rom_section
 .text.__copy_rom_sections_to_ram
                0x0001d098       0x34 C:\fehqt\Proteus/EWL/lib/armv7e-m\librt.a(ROMCopy.o)
                0x0001d098                __copy_rom_sections_to_ram
 .text.__destroy_global_chain
                0x0001d0cc       0x1c C:\fehqt\Proteus/EWL/lib/armv7e-m\librt.a(__arm_eabi_init.o)
                0x0001d0cc                __destroy_global_chain
 .text.__init_registers
                0x0001d0e8       0x20 C:\fehqt\Proteus/EWL/lib/armv7e-m\librt.a(__arm_eabi_init.o)
                0x0001d0e8                __init_registers
 .text.__init_user
                0x0001d108        0x4 C:\fehqt\Proteus/EWL/lib/armv7e-m\librt.a(__arm_eabi_init.o)
                0x0001d108                __init_user
 *(.rodata)
 .rodata        0x0001d10c      0x2f8 ..\main.o
 .rodata        0x0001d404       0x10 Drivers\ff.o
 .rodata        0x0001d414       0x78 Libraries\FEHIO.o
 .rodata        0x0001d48c       0x34 Libraries\FEHLCD.o
 .rodata        0x0001d4c0      0x220 Libraries\FEHRPS.o
 .rodata        0x0001d6e0       0xdc Libraries\FEHSD.o
 *(.rodata*)
 .rodata._ZL11STATE_NAMES
                0x0001d7bc      0x17c ..\main.o
 .rodata._ZZL11create_nameP3DIRPPKcE5excvt
                0x0001d938       0x80 Drivers\ff.o
 .rodata.K60_SDHC0_init
                0x0001d9b8        0xc Drivers\SDHC.o
                0x0001d9b8                K60_SDHC0_init
 .rodata._ZL21ESDHC_COMMAND_XFERTYP
                0x0001d9c4      0x100 Drivers\SDHC.o
 .rodata._ZL9GPIOPorts
                0x0001dac4       0x20 Libraries\FEHIO.o
 .rodata._ZL10ADCNumbers
                0x0001dae4       0x24 Libraries\FEHIO.o
 .rodata._ZL14GPIOPinNumbers
                0x0001db08       0x80 Libraries\FEHIO.o
 .rodata._ZL16AnalogPinNumbers
                0x0001db88       0x84 Libraries\FEHIO.o
 .rodata.dp_h   0x0001dc0c        0x8 C:\fehqt\Proteus/EWL/lib/armv7e-m\libm.a(e_powf.o)
 .rodata.dp_l   0x0001dc14        0x8 C:\fehqt\Proteus/EWL/lib/armv7e-m\libm.a(e_powf.o)
 .rodata.bp     0x0001dc1c        0x8 C:\fehqt\Proteus/EWL/lib/armv7e-m\libm.a(e_powf.o)
 .rodata.atanlo
                0x0001dc24       0x10 C:\fehqt\Proteus/EWL/lib/armv7e-m\libm.a(s_atanf.o)
 .rodata.atanhi
                0x0001dc34       0x10 C:\fehqt\Proteus/EWL/lib/armv7e-m\libm.a(s_atanf.o)
 .rodata.str1.1
                0x0001dc44        0x1 C:\fehqt\Proteus/EWL/lib/armv7e-m\libc.a(printformat_.o)
 .rodata.__aeabi_ctype_table_C
                0x0001dc45      0x101 C:\fehqt\Proteus/EWL/lib/armv7e-m\libc.a(ctype_aeabi.o)
                0x0001dc45                __aeabi_ctype_table_C
 *(.glue_7)
 .glue_7        0x00000000        0x0 linker stubs
 *(.glue_7t)
 .glue_7t       0x00000000        0x0 linker stubs
 *(.eh_frame)
 *(.init)
 *(.fini)
                0x0001dd48                . = ALIGN (0x4)
 *fill*         0x0001dd46        0x2 00
                0x0001dd48                _etext = .

.vfp11_veneer   0x0001dd48        0x0
 .vfp11_veneer  0x00000000        0x0 linker stubs

.v4_bx          0x0001dd48        0x0
 .v4_bx         0x00000000        0x0 linker stubs

.ARM.extab
 *(.ARM.extab* .gnu.linkonce.armextab.*)

.ARM            0x0001dd48        0x0
                0x0001dd48                __exidx_start = .
 *(.ARM.exidx*)
                0x0001dd48                __exidx_end = .

.ctors          0x0001dd48        0x0
                0x0001dd48                __CTOR_LIST__ = .
 *crtbegin.o(.ctors)
 *(EXCLUDE_FILE(*crtend.o) .ctors)
 *(SORT(.ctors.*))
 *(.ctors)
                0x0001dd48                __CTOR_END__ = .

.dtors          0x0001dd48        0x0
                0x0001dd48                __DTOR_LIST__ = .
 *crtbegin.o(.dtors)
 *(EXCLUDE_FILE(*crtend.o) .dtors)
 *(SORT(.dtors.*))
 *(.dtors)
                0x0001dd48                __DTOR_END__ = .

.preinit_array  0x0001dd48        0x0
                0x0001dd48                PROVIDE (__preinit_array_start, .)
 *(.preinit_array*)
                0x0001dd48                PROVIDE (__preinit_array_end, .)

.init_array     0x0001dd48       0x20
                0x0001dd48                PROVIDE (__init_array_start, .)
 *(SORT(.init_array.*))
 *(.init_array*)
 .init_array    0x0001dd48        0x4 ..\main.o
 .init_array    0x0001dd4c        0x4 FEHProteus.o
 .init_array    0x0001dd50        0x4 Libraries\FEHBuzzer.o
 .init_array    0x0001dd54        0x4 Libraries\FEHLCD.o
 .init_array    0x0001dd58        0x4 Libraries\FEHAccel.o
 .init_array    0x0001dd5c        0x4 Libraries\FEHBattery.o
 .init_array    0x0001dd60        0x4 Libraries\FEHRPS.o
 .init_array    0x0001dd64        0x4 Libraries\FEHSD.o
                0x0001dd68                PROVIDE (__init_array_end, .)

.fini_array     0x0001dd68        0x0
                0x0001dd68                PROVIDE (__fini_array_start, .)
 *(SORT(.fini_array.*))
 *(.fini_array*)
                0x0001dd68                PROVIDE (__fini_array_end, .)
                0x0001dd68                ___ROM_AT = .

.data           0x1fff0400      0xd1c load address 0x0001dd68
                0x1fff0400                . = ALIGN (0x4)
                0x1fff0400                _sdata = .
 *(.data)
 *(.data*)
 .data._ZL4Stat
                0x1fff0400        0x1 Drivers\SDHC.o
 *fill*         0x1fff0401        0x3 00
 .data.image    0x1fff0404      0x750 Libraries\FEHLCD.o
                0x1fff0404                image
 .data.logo     0x1fff0b54      0x3e8 Libraries\FEHLCD.o
                0x1fff0b54                logo
 .data._ZN6FEHLCD8fontDataE
                0x1fff0f3c      0x1e0 Libraries\FEHLCD.o
                0x1fff0f3c                FEHLCD::fontData
                0x1fff111c                . = ALIGN (0x4)
                0x1fff111c                _edata = .
                0x00000d1c                ___data_size = (_edata - _sdata)
                0x0001ea84                ___m_data2_ROMStart = (___ROM_AT + SIZEOF (.data))

.user_data2     0x20000000        0x0 load address 0x0001ea84
                0x20000000                . = ALIGN (0x4)
                0x20000000                ___m_data2_RAMStart = .
 *(.data2)
                0x20000000                ___m_data2_RAMEnd = .
                0x20000000                . = ALIGN (0x4)
                0x00000000                ___m_data2_ROMSize = (___m_data2_RAMEnd - ___m_data2_RAMStart)
                0x20000000                . = ALIGN (0x4)

.bss            0x1fff111c      0x850 load address 0x0001ea84
                0x1fff111c                __START_BSS = .
                0x1fff111c                PROVIDE (__bss_start__, __START_BSS)
 *(.bss)
 *(.bss*)
 .bss.leftMotor
                0x1fff111c        0x8 ..\main.o
                0x1fff111c                leftMotor
 .bss.rightMotor
                0x1fff1124        0x8 ..\main.o
                0x1fff1124                rightMotor
 .bss.rightEncoder
                0x1fff112c        0x4 ..\main.o
                0x1fff112c                rightEncoder
 .bss.leftEncoder
                0x1fff1130        0x4 ..\main.o
                0x1fff1130                leftEncoder
 .bss.servoArm  0x1fff1134        0xc ..\main.o
                0x1fff1134                servoArm
 .bss.servoForkLift
                0x1fff1140        0xc ..\main.o
                0x1fff1140                servoForkLift
 .bss.buttonTopLeft
                0x1fff114c        0x4 ..\main.o
                0x1fff114c                buttonTopLeft
 .bss.buttonTopRight
                0x1fff1150        0x4 ..\main.o
                0x1fff1150                buttonTopRight
 .bss.buttonBottomLeft
                0x1fff1154        0x4 ..\main.o
                0x1fff1154                buttonBottomLeft
 .bss.buttonBottomRight
                0x1fff1158        0x4 ..\main.o
                0x1fff1158                buttonBottomRight
 .bss.CdS       0x1fff115c        0x4 ..\main.o
                0x1fff115c                CdS
 .bss.runningCourse
                0x1fff1160        0x1 ..\main.o
                0x1fff1160                runningCourse
 .bss.currentState
                0x1fff1161        0x1 ..\main.o
                0x1fff1161                currentState
 *fill*         0x1fff1162        0x2 00
 .bss.distanceToTravel
                0x1fff1164        0x4 ..\main.o
                0x1fff1164                distanceToTravel
 .bss.destination
                0x1fff1168        0x8 ..\main.o
                0x1fff1168                destination
 .bss.numberOfStateChanges
                0x1fff1170        0x4 ..\main.o
                0x1fff1170                numberOfStateChanges
 .bss._ZL4argv  0x1fff1174        0x4 Startup\__arm_start.o
 .bss.MasterTransmission
                0x1fff1178        0x1 Drivers\i2c.o
                0x1fff1178                MasterTransmission
 .bss.SlaveID   0x1fff1179        0x1 Drivers\i2c.o
                0x1fff1179                SlaveID
 *fill*         0x1fff117a        0x2 00
 .bss._ZL5FatFs
                0x1fff117c        0x4 Drivers\ff.o
 .bss._ZL4Fsid  0x1fff1180        0x2 Drivers\ff.o
 .bss._ZL7CurrVol
                0x1fff1182        0x1 Drivers\ff.o
 *fill*         0x1fff1183        0x1 00
 .bss.SDHC_Card
                0x1fff1184       0x14 Drivers\SDHC.o
                0x1fff1184                SDHC_Card
 .bss.SDHC_Init
                0x1fff1198        0x4 Drivers\SDHC.o
                0x1fff1198                SDHC_Init
 .bss.SDHC_Info
                0x1fff119c      0x204 Drivers\SDHC.o
                0x1fff119c                SDHC_Info
 .bss.SDHC_Device
                0x1fff13a0        0x8 Drivers\SDHC.o
                0x1fff13a0                SDHC_Device
 .bss.Propeller
                0x1fff13a8        0x4 FEHProteus.o
                0x1fff13a8                Propeller
 .bss.CoreClockKHz
                0x1fff13ac        0x4 FEHProteus.o
                0x1fff13ac                CoreClockKHz
 .bss.CoreClockMHz
                0x1fff13b0        0x4 FEHProteus.o
                0x1fff13b0                CoreClockMHz
 .bss.PeripheralClockKHz
                0x1fff13b4        0x4 FEHProteus.o
                0x1fff13b4                PeripheralClockKHz
 .bss._ZN14AnalogInputPin17Master_Adc_ConfigE
                0x1fff13b8       0x10 Libraries\FEHIO.o
                0x1fff13b8                AnalogInputPin::Master_Adc_Config
 .bss._ZN14AnalogInputPin18Encoder_Adc_ConfigE
                0x1fff13c8       0x10 Libraries\FEHIO.o
                0x1fff13c8                AnalogInputPin::Encoder_Adc_Config
 .bss.interrupt_counts
                0x1fff13d8       0x80 Libraries\FEHIO.o
                0x1fff13d8                interrupt_counts
 .bss._ZN13AnalogEncoder7pinListE
                0x1fff1458        0x4 Libraries\FEHIO.o
                0x1fff1458                AnalogEncoder::pinList
 .bss.__interrupt_counter
                0x1fff145c        0x4 Libraries\FEHIO.o
                0x1fff145c                __interrupt_counter
 .bss.Buzzer    0x1fff1460        0x4 Libraries\FEHBuzzer.o
                0x1fff1460                Buzzer
 .bss.LCD       0x1fff1464       0x44 Libraries\FEHLCD.o
                0x1fff1464                LCD
 .bss.initialized
                0x1fff14a8        0x1 Libraries\FEHLCD.o
                0x1fff14a8                initialized
 *fill*         0x1fff14a9        0x3 00
 .bss.Accel     0x1fff14ac        0x4 Libraries\FEHAccel.o
                0x1fff14ac                Accel
 .bss.Battery   0x1fff14b0        0x4 Libraries\FEHBattery.o
                0x1fff14b0                Battery
 .bss.XBeeDataProcess
                0x1fff14b4        0x4 Drivers\FEHXBee.o
                0x1fff14b4                XBeeDataProcess
 .bss._xbeebuffer
                0x1fff14b8       0x10 Drivers\FEHXBee.o
                0x1fff14b8                _xbeebuffer
 .bss._xbeebufferindex
                0x1fff14c8        0x1 Drivers\FEHXBee.o
                0x1fff14c8                _xbeebufferindex
 .bss._xbeestate
                0x1fff14c9        0x1 Drivers\FEHXBee.o
                0x1fff14c9                _xbeestate
 .bss._xbeebytereceived
                0x1fff14ca        0x1 Drivers\FEHXBee.o
                0x1fff14ca                _xbeebytereceived
 .bss._xbeebyte
                0x1fff14cb        0x1 Drivers\FEHXBee.o
                0x1fff14cb                _xbeebyte
 .bss.RPS       0x1fff14cc        0x8 Libraries\FEHRPS.o
                0x1fff14cc                RPS
 .bss._enabled  0x1fff14d4        0x1 Libraries\FEHRPS.o
                0x1fff14d4                _enabled
 *fill*         0x1fff14d5        0x3 00
 .bss._RPS_x    0x1fff14d8        0x4 Libraries\FEHRPS.o
                0x1fff14d8                _RPS_x
 .bss._RPS_y    0x1fff14dc        0x4 Libraries\FEHRPS.o
                0x1fff14dc                _RPS_y
 .bss._RPS_heading
                0x1fff14e0        0x4 Libraries\FEHRPS.o
                0x1fff14e0                _RPS_heading
 .bss._RPS_objective
                0x1fff14e4        0x4 Libraries\FEHRPS.o
                0x1fff14e4                _RPS_objective
 .bss._RPS_time
                0x1fff14e8        0x1 Libraries\FEHRPS.o
                0x1fff14e8                _RPS_time
 .bss._RPS_stop
                0x1fff14e9        0x1 Libraries\FEHRPS.o
                0x1fff14e9                _RPS_stop
 .bss._RPS_foundpacket
                0x1fff14ea        0x1 Libraries\FEHRPS.o
                0x1fff14ea                _RPS_foundpacket
 *fill*         0x1fff14eb        0x1 00
 .bss.SD        0x1fff14ec        0x4 Libraries\FEHSD.o
                0x1fff14ec                SD
 .bss.logfil    0x1fff14f0      0x228 Libraries\FEHSD.o
                0x1fff14f0                logfil
 .bss._ZL9FATFS_Obj
                0x1fff1718      0x234 Libraries\FEHSD.o
 .bss.f_res     0x1fff194c        0x1 Libraries\FEHSD.o
                0x1fff194c                f_res
 *fill*         0x1fff194d        0x3 00
 .bss.__stdio_exit
                0x1fff1950        0x4 C:\fehqt\Proteus/EWL/lib/armv7e-m\libc.a(exit.o)
                0x1fff1950                __stdio_exit
 .bss.__console_exit
                0x1fff1954        0x4 C:\fehqt\Proteus/EWL/lib/armv7e-m\libc.a(exit.o)
                0x1fff1954                __console_exit
 .bss.__S_romp  0x1fff1958        0xc C:\fehqt\Proteus/EWL/lib/armv7e-m\librt.a(ROMCopy.o)
 .bss.__global_destructor_chain
                0x1fff1964        0x4 C:\fehqt\Proteus/EWL/lib/armv7e-m\librt.a(__arm_eabi_init.o)
                0x1fff1964                __global_destructor_chain
 *(COMMON)
 COMMON         0x1fff1968        0x4 C:\fehqt\Proteus/EWL/lib/armv7e-m\libc.a(errno.o)
                0x1fff1968                errno
                0x1fff196c                . = ALIGN (0x4)
                0x1fff196c                __END_BSS = .
                0x1fff196c                PROVIDE (__bss_end__, __END_BSS)

._user_heap_stack
                0x1fff196c     0x1000 load address 0x0001f2d4
                0x1fff196c                . = ALIGN (0x4)
                0x1fff196c                PROVIDE (end, .)
                0x1fff196c                PROVIDE (_end, .)
                0x1fff196c                __heap_addr = .
                0x1fff216c                . = (. + __heap_size)
 *fill*         0x1fff196c      0x800 00
                0x1fff296c                . = (. + __stack_size)
 *fill*         0x1fff216c      0x800 00
                0x1fff296c                . = ALIGN (0x4)
                0x0001ea84                _romp_at = ((___ROM_AT + SIZEOF (.data)) + SIZEOF (.user_data2))

.romp           0x20000000       0x24 load address 0x0001ea84
                0x0001ea84                __S_romp = _romp_at
                0x20000000        0x4 LONG 0x1dd68 ___ROM_AT
                0x20000004        0x4 LONG 0x1fff0400 _sdata
                0x20000008        0x4 LONG 0xd1c ___data_size
                0x2000000c        0x4 LONG 0x1ea84 ___m_data2_ROMStart
                0x20000010        0x4 LONG 0x20000000 ___m_data2_RAMStart
                0x20000014        0x4 LONG 0x0 ___m_data2_ROMSize
                0x20000018        0x4 LONG 0x0
                0x2000001c        0x4 LONG 0x0
                0x20000020        0x4 LONG 0x0

.ARM.attributes
                0x00000000       0x33
 *(.ARM.attributes)
 .ARM.attributes
                0x00000000       0x33 ..\main.o
 .ARM.attributes
                0x00000033       0x33 Startup\__arm_start.o
 .ARM.attributes
                0x00000066       0x33 Startup\__arm_end.o
 .ARM.attributes
                0x00000099       0x33 Startup\kinetis_sysinit.o
 .ARM.attributes
                0x000000cc       0x33 Libraries\FEHMotor.o
 .ARM.attributes
                0x000000ff       0x33 Drivers\i2c.o
 .ARM.attributes
                0x00000132       0x33 Drivers\spi.o
 .ARM.attributes
                0x00000165       0x33 Drivers\uart.o
 .ARM.attributes
                0x00000198       0x33 Drivers\ff.o
 .ARM.attributes
                0x000001cb       0x33 Drivers\SDHC.o
 .ARM.attributes
                0x000001fe       0x33 Drivers\lptmr.o
 .ARM.attributes
                0x00000231       0x33 FEHProteus.o
 .ARM.attributes
                0x00000264       0x33 Drivers\FEHPropeller.o
 .ARM.attributes
                0x00000297       0x33 Libraries\FEHUtility.o
 .ARM.attributes
                0x000002ca       0x33 Libraries\FEHIO.o
 .ARM.attributes
                0x000002fd       0x33 Drivers\adc16.o
 .ARM.attributes
                0x00000330       0x33 Libraries\FEHBuzzer.o
 .ARM.attributes
                0x00000363       0x33 Libraries\FEHServo.o
 .ARM.attributes
                0x00000396       0x33 Libraries\FEHLCD.o
 .ARM.attributes
                0x000003c9       0x33 Libraries\FEHAccel.o
 .ARM.attributes
                0x000003fc       0x33 Libraries\FEHBattery.o
 .ARM.attributes
                0x0000042f       0x33 Drivers\FEHXBee.o
 .ARM.attributes
                0x00000462       0x33 Libraries\FEHRPS.o
 .ARM.attributes
                0x00000495       0x33 Libraries\FEHSD.o
 .ARM.attributes
                0x000004c8       0x33 C:\fehqt\Proteus/EWL/lib/armv7e-m\libm.a(w_atan2f.o)
 .ARM.attributes
                0x000004fb       0x33 C:\fehqt\Proteus/EWL/lib/armv7e-m\libm.a(w_powf.o)
 .ARM.attributes
                0x0000052e       0x33 C:\fehqt\Proteus/EWL/lib/armv7e-m\libm.a(w_sqrtf.o)
 .ARM.attributes
                0x00000561       0x33 C:\fehqt\Proteus/EWL/lib/armv7e-m\libm.a(e_atan2f.o)
 .ARM.attributes
                0x00000594       0x33 C:\fehqt\Proteus/EWL/lib/armv7e-m\libm.a(e_powf.o)
 .ARM.attributes
                0x000005c7       0x33 C:\fehqt\Proteus/EWL/lib/armv7e-m\libm.a(e_sqrtf.o)
 .ARM.attributes
                0x000005fa       0x33 C:\fehqt\Proteus/EWL/lib/armv7e-m\libm.a(math_api.o)
 .ARM.attributes
                0x0000062d       0x33 C:\fehqt\Proteus/EWL/lib/armv7e-m\libm.a(s_atanf.o)
 .ARM.attributes
                0x00000660       0x33 C:\fehqt\Proteus/EWL/lib/armv7e-m\libm.a(s_scalbnf.o)
 .ARM.attributes
                0x00000693       0x33 C:\fehqt\Proteus/EWL/lib/armv7e-m\libc.a(errno.o)
 .ARM.attributes
                0x000006c6       0x33 C:\fehqt\Proteus/EWL/lib/armv7e-m\libc.a(sprintf.o)
 .ARM.attributes
                0x000006f9       0x33 C:\fehqt\Proteus/EWL/lib/armv7e-m\libc.a(vsnprintf.o)
 .ARM.attributes
                0x0000072c       0x33 C:\fehqt\Proteus/EWL/lib/armv7e-m\libc.a(exit.o)
 .ARM.attributes
                0x0000075f       0x33 C:\fehqt\Proteus/EWL/lib/armv7e-m\libc.a(memcpy.o)
 .ARM.attributes
                0x00000792       0x33 C:\fehqt\Proteus/EWL/lib/armv7e-m\libc.a(memset.o)
 .ARM.attributes
                0x000007c5       0x33 C:\fehqt\Proteus/EWL/lib/armv7e-m\libc.a(strcpy.o)
 .ARM.attributes
                0x000007f8       0x33 C:\fehqt\Proteus/EWL/lib/armv7e-m\libc.a(strlen.o)
 .ARM.attributes
                0x0000082b       0x33 C:\fehqt\Proteus/EWL/lib/armv7e-m\libc.a(printformat_.o)
 .ARM.attributes
                0x0000085e       0x33 C:\fehqt\Proteus/EWL/lib/armv7e-m\libc.a(scanformat_.o)
 .ARM.attributes
                0x00000891       0x33 C:\fehqt\Proteus/EWL/lib/armv7e-m\libc.a(ctype_aeabi.o)
 .ARM.attributes
                0x000008c4       0x33 C:\fehqt\Proteus/EWL/lib/armv7e-m\libc.a(__strtoul.o)
 .ARM.attributes
                0x000008f7       0x33 C:\fehqt\Proteus/EWL/lib/armv7e-m\libc.a(__filll_mem.o)
 .ARM.attributes
                0x0000092a       0x33 C:\fehqt\Proteus/EWL/lib/armv7e-m\libc.a(memchr.o)
 .ARM.attributes
                0x0000095d       0x33 C:\fehqt\Proteus/EWL/lib/armv7e-m\libc.a(strchr.o)
 .ARM.attributes
                0x00000990       0x1e c:/fehqt/proteus/gcc/bin/../lib/gcc/arm-none-eabi/4.6.2/armv7e-m\libgcc.a(_arm_addsubdf3.o)
 .ARM.attributes
                0x000009ae       0x1e c:/fehqt/proteus/gcc/bin/../lib/gcc/arm-none-eabi/4.6.2/armv7e-m\libgcc.a(_arm_muldivdf3.o)
 .ARM.attributes
                0x000009cc       0x1e c:/fehqt/proteus/gcc/bin/../lib/gcc/arm-none-eabi/4.6.2/armv7e-m\libgcc.a(_arm_cmpdf2.o)
 .ARM.attributes
                0x000009ea       0x1e c:/fehqt/proteus/gcc/bin/../lib/gcc/arm-none-eabi/4.6.2/armv7e-m\libgcc.a(_arm_fixdfsi.o)
 .ARM.attributes
                0x00000a08       0x1e c:/fehqt/proteus/gcc/bin/../lib/gcc/arm-none-eabi/4.6.2/armv7e-m\libgcc.a(_arm_fixunsdfsi.o)
 .ARM.attributes
                0x00000a26       0x1e c:/fehqt/proteus/gcc/bin/../lib/gcc/arm-none-eabi/4.6.2/armv7e-m\libgcc.a(_arm_truncdfsf2.o)
 .ARM.attributes
                0x00000a44       0x1e c:/fehqt/proteus/gcc/bin/../lib/gcc/arm-none-eabi/4.6.2/armv7e-m\libgcc.a(_arm_addsubsf3.o)
 .ARM.attributes
                0x00000a62       0x1e c:/fehqt/proteus/gcc/bin/../lib/gcc/arm-none-eabi/4.6.2/armv7e-m\libgcc.a(_arm_muldivsf3.o)
 .ARM.attributes
                0x00000a80       0x1e c:/fehqt/proteus/gcc/bin/../lib/gcc/arm-none-eabi/4.6.2/armv7e-m\libgcc.a(_arm_cmpsf2.o)
 .ARM.attributes
                0x00000a9e       0x1e c:/fehqt/proteus/gcc/bin/../lib/gcc/arm-none-eabi/4.6.2/armv7e-m\libgcc.a(_arm_fixsfsi.o)
 .ARM.attributes
                0x00000abc       0x33 C:\fehqt\Proteus/EWL/lib/armv7e-m\librt.a(gcc_ctor_dtor.o)
 .ARM.attributes
                0x00000aef       0x33 C:\fehqt\Proteus/EWL/lib/armv7e-m\librt.a(ROMCopy.o)
 .ARM.attributes
                0x00000b22       0x33 C:\fehqt\Proteus/EWL/lib/armv7e-m\librt.a(__arm_eabi_init.o)
OUTPUT(../FEH_Robot.elf elf32-littlearm)

.debug_info     0x00000000    0x168e1
 .debug_info    0x00000000     0x2521 ..\main.o
 .debug_info    0x00002521     0x12c5 Startup\__arm_start.o
 .debug_info    0x000037e6       0x58 Startup\__arm_end.o
 .debug_info    0x0000383e      0x57d Startup\kinetis_sysinit.o
 .debug_info    0x00003dbb      0x335 Libraries\FEHMotor.o
 .debug_info    0x000040f0      0x250 Drivers\i2c.o
 .debug_info    0x00004340      0x6cf Drivers\spi.o
 .debug_info    0x00004a0f      0x59c Drivers\uart.o
 .debug_info    0x00004fab     0x1da0 Drivers\ff.o
 .debug_info    0x00006d4b      0xf1d Drivers\SDHC.o
 .debug_info    0x00007c68      0x2de Drivers\lptmr.o
 .debug_info    0x00007f46      0x1a7 FEHProteus.o
 .debug_info    0x000080ed      0x722 Drivers\FEHPropeller.o
 .debug_info    0x0000880f      0x36c Libraries\FEHUtility.o
 .debug_info    0x00008b7b     0x1c6a Libraries\FEHIO.o
 .debug_info    0x0000a7e5      0x4ab Drivers\adc16.o
 .debug_info    0x0000ac90      0xa42 Libraries\FEHBuzzer.o
 .debug_info    0x0000b6d2     0x1500 Libraries\FEHServo.o
 .debug_info    0x0000cbd2     0x2c25 Libraries\FEHLCD.o
 .debug_info    0x0000f7f7      0x26a Libraries\FEHAccel.o
 .debug_info    0x0000fa61      0x3a9 Libraries\FEHBattery.o
 .debug_info    0x0000fe0a      0xac3 Drivers\FEHXBee.o
 .debug_info    0x000108cd     0x1a09 Libraries\FEHRPS.o
 .debug_info    0x000122d6     0x1242 Libraries\FEHSD.o
 .debug_info    0x00013518       0xc6 C:\fehqt\Proteus/EWL/lib/armv7e-m\libm.a(w_atan2f.o)
 .debug_info    0x000135de       0xc7 C:\fehqt\Proteus/EWL/lib/armv7e-m\libm.a(w_powf.o)
 .debug_info    0x000136a5       0xba C:\fehqt\Proteus/EWL/lib/armv7e-m\libm.a(w_sqrtf.o)
 .debug_info    0x0001375f      0x205 C:\fehqt\Proteus/EWL/lib/armv7e-m\libm.a(e_atan2f.o)
 .debug_info    0x00013964      0x4fa C:\fehqt\Proteus/EWL/lib/armv7e-m\libm.a(e_powf.o)
 .debug_info    0x00013e5e      0x1d5 C:\fehqt\Proteus/EWL/lib/armv7e-m\libm.a(e_sqrtf.o)
 .debug_info    0x00014033      0x32c C:\fehqt\Proteus/EWL/lib/armv7e-m\libm.a(math_api.o)
 .debug_info    0x0001435f      0x1eb C:\fehqt\Proteus/EWL/lib/armv7e-m\libm.a(s_atanf.o)
 .debug_info    0x0001454a      0x18f C:\fehqt\Proteus/EWL/lib/armv7e-m\libm.a(s_scalbnf.o)
 .debug_info    0x000146d9       0xa5 C:\fehqt\Proteus/EWL/lib/armv7e-m\libc.a(errno.o)
 .debug_info    0x0001477e      0x11f C:\fehqt\Proteus/EWL/lib/armv7e-m\libc.a(sprintf.o)
 .debug_info    0x0001489d      0x206 C:\fehqt\Proteus/EWL/lib/armv7e-m\libc.a(vsnprintf.o)
 .debug_info    0x00014aa3      0x103 C:\fehqt\Proteus/EWL/lib/armv7e-m\libc.a(exit.o)
 .debug_info    0x00014ba6      0x113 C:\fehqt\Proteus/EWL/lib/armv7e-m\libc.a(memcpy.o)
 .debug_info    0x00014cb9       0xf4 C:\fehqt\Proteus/EWL/lib/armv7e-m\libc.a(memset.o)
 .debug_info    0x00014dad      0x10a C:\fehqt\Proteus/EWL/lib/armv7e-m\libc.a(strcpy.o)
 .debug_info    0x00014eb7       0xf3 C:\fehqt\Proteus/EWL/lib/armv7e-m\libc.a(strlen.o)
 .debug_info    0x00014faa      0x512 C:\fehqt\Proteus/EWL/lib/armv7e-m\libc.a(printformat_.o)
 .debug_info    0x000154bc      0x564 C:\fehqt\Proteus/EWL/lib/armv7e-m\libc.a(scanformat_.o)
 .debug_info    0x00015a20      0x32a C:\fehqt\Proteus/EWL/lib/armv7e-m\libc.a(ctype_aeabi.o)
 .debug_info    0x00015d4a      0x1d7 C:\fehqt\Proteus/EWL/lib/armv7e-m\libc.a(__strtoul.o)
 .debug_info    0x00015f21      0x13d C:\fehqt\Proteus/EWL/lib/armv7e-m\libc.a(__filll_mem.o)
 .debug_info    0x0001605e      0x129 C:\fehqt\Proteus/EWL/lib/armv7e-m\libc.a(memchr.o)
 .debug_info    0x00016187      0x110 C:\fehqt\Proteus/EWL/lib/armv7e-m\libc.a(strchr.o)
 .debug_info    0x00016297      0x1c0 C:\fehqt\Proteus/EWL/lib/armv7e-m\librt.a(gcc_ctor_dtor.o)
 .debug_info    0x00016457      0x1b8 C:\fehqt\Proteus/EWL/lib/armv7e-m\librt.a(ROMCopy.o)
 .debug_info    0x0001660f      0x2d2 C:\fehqt\Proteus/EWL/lib/armv7e-m\librt.a(__arm_eabi_init.o)

.debug_abbrev   0x00000000     0x4663
 .debug_abbrev  0x00000000      0x3e1 ..\main.o
 .debug_abbrev  0x000003e1      0x28f Startup\__arm_start.o
 .debug_abbrev  0x00000670       0x45 Startup\__arm_end.o
 .debug_abbrev  0x000006b5      0x18a Startup\kinetis_sysinit.o
 .debug_abbrev  0x0000083f      0x18c Libraries\FEHMotor.o
 .debug_abbrev  0x000009cb       0xfc Drivers\i2c.o
 .debug_abbrev  0x00000ac7      0x18b Drivers\spi.o
 .debug_abbrev  0x00000c52      0x15f Drivers\uart.o
 .debug_abbrev  0x00000db1      0x18f Drivers\ff.o
 .debug_abbrev  0x00000f40      0x223 Drivers\SDHC.o
 .debug_abbrev  0x00001163       0xd2 Drivers\lptmr.o
 .debug_abbrev  0x00001235      0x101 FEHProteus.o
 .debug_abbrev  0x00001336      0x1c6 Drivers\FEHPropeller.o
 .debug_abbrev  0x000014fc      0x154 Libraries\FEHUtility.o
 .debug_abbrev  0x00001650      0x448 Libraries\FEHIO.o
 .debug_abbrev  0x00001a98      0x12a Drivers\adc16.o
 .debug_abbrev  0x00001bc2      0x1da Libraries\FEHBuzzer.o
 .debug_abbrev  0x00001d9c      0x312 Libraries\FEHServo.o
 .debug_abbrev  0x000020ae      0x38c Libraries\FEHLCD.o
 .debug_abbrev  0x0000243a      0x13b Libraries\FEHAccel.o
 .debug_abbrev  0x00002575      0x1cb Libraries\FEHBattery.o
 .debug_abbrev  0x00002740      0x231 Drivers\FEHXBee.o
 .debug_abbrev  0x00002971      0x37f Libraries\FEHRPS.o
 .debug_abbrev  0x00002cf0      0x33a Libraries\FEHSD.o
 .debug_abbrev  0x0000302a       0x5d C:\fehqt\Proteus/EWL/lib/armv7e-m\libm.a(w_atan2f.o)
 .debug_abbrev  0x00003087       0x5d C:\fehqt\Proteus/EWL/lib/armv7e-m\libm.a(w_powf.o)
 .debug_abbrev  0x000030e4       0x5d C:\fehqt\Proteus/EWL/lib/armv7e-m\libm.a(w_sqrtf.o)
 .debug_abbrev  0x00003141       0xe3 C:\fehqt\Proteus/EWL/lib/armv7e-m\libm.a(e_atan2f.o)
 .debug_abbrev  0x00003224      0x13a C:\fehqt\Proteus/EWL/lib/armv7e-m\libm.a(e_powf.o)
 .debug_abbrev  0x0000335e       0xe3 C:\fehqt\Proteus/EWL/lib/armv7e-m\libm.a(e_sqrtf.o)
 .debug_abbrev  0x00003441      0x136 C:\fehqt\Proteus/EWL/lib/armv7e-m\libm.a(math_api.o)
 .debug_abbrev  0x00003577       0xe4 C:\fehqt\Proteus/EWL/lib/armv7e-m\libm.a(s_atanf.o)
 .debug_abbrev  0x0000365b       0xb4 C:\fehqt\Proteus/EWL/lib/armv7e-m\libm.a(s_scalbnf.o)
 .debug_abbrev  0x0000370f       0x48 C:\fehqt\Proteus/EWL/lib/armv7e-m\libc.a(errno.o)
 .debug_abbrev  0x00003757       0xb5 C:\fehqt\Proteus/EWL/lib/armv7e-m\libc.a(sprintf.o)
 .debug_abbrev  0x0000380c       0xf4 C:\fehqt\Proteus/EWL/lib/armv7e-m\libc.a(vsnprintf.o)
 .debug_abbrev  0x00003900       0x8f C:\fehqt\Proteus/EWL/lib/armv7e-m\libc.a(exit.o)
 .debug_abbrev  0x0000398f       0x97 C:\fehqt\Proteus/EWL/lib/armv7e-m\libc.a(memcpy.o)
 .debug_abbrev  0x00003a26       0x66 C:\fehqt\Proteus/EWL/lib/armv7e-m\libc.a(memset.o)
 .debug_abbrev  0x00003a8c       0x7c C:\fehqt\Proteus/EWL/lib/armv7e-m\libc.a(strcpy.o)
 .debug_abbrev  0x00003b08       0x7e C:\fehqt\Proteus/EWL/lib/armv7e-m\libc.a(strlen.o)
 .debug_abbrev  0x00003b86      0x204 C:\fehqt\Proteus/EWL/lib/armv7e-m\libc.a(printformat_.o)
 .debug_abbrev  0x00003d8a      0x1fb C:\fehqt\Proteus/EWL/lib/armv7e-m\libc.a(scanformat_.o)
 .debug_abbrev  0x00003f85       0x9a C:\fehqt\Proteus/EWL/lib/armv7e-m\libc.a(ctype_aeabi.o)
 .debug_abbrev  0x0000401f       0xc6 C:\fehqt\Proteus/EWL/lib/armv7e-m\libc.a(__strtoul.o)
 .debug_abbrev  0x000040e5       0x8b C:\fehqt\Proteus/EWL/lib/armv7e-m\libc.a(__filll_mem.o)
 .debug_abbrev  0x00004170       0x99 C:\fehqt\Proteus/EWL/lib/armv7e-m\libc.a(memchr.o)
 .debug_abbrev  0x00004209       0x8d C:\fehqt\Proteus/EWL/lib/armv7e-m\libc.a(strchr.o)
 .debug_abbrev  0x00004296       0x9d C:\fehqt\Proteus/EWL/lib/armv7e-m\librt.a(gcc_ctor_dtor.o)
 .debug_abbrev  0x00004333      0x160 C:\fehqt\Proteus/EWL/lib/armv7e-m\librt.a(ROMCopy.o)
 .debug_abbrev  0x00004493      0x1d0 C:\fehqt\Proteus/EWL/lib/armv7e-m\librt.a(__arm_eabi_init.o)

.debug_loc      0x00000000     0x7973
 .debug_loc     0x00000000      0x45c ..\main.o
 .debug_loc     0x0000045c       0xb0 Startup\__arm_start.o
 .debug_loc     0x0000050c       0x38 Startup\__arm_end.o
 .debug_loc     0x00000544       0x84 Startup\kinetis_sysinit.o
 .debug_loc     0x000005c8       0xe0 Libraries\FEHMotor.o
 .debug_loc     0x000006a8       0xe0 Drivers\i2c.o
 .debug_loc     0x00000788      0x19c Drivers\spi.o
 .debug_loc     0x00000924       0xe0 Drivers\uart.o
 .debug_loc     0x00000a04      0xa96 Drivers\ff.o
 .debug_loc     0x0000149a      0x370 Drivers\SDHC.o
 .debug_loc     0x0000180a       0x38 Drivers\lptmr.o
 .debug_loc     0x00001842       0x64 FEHProteus.o
 .debug_loc     0x000018a6      0x118 Drivers\FEHPropeller.o
 .debug_loc     0x000019be      0x1a8 Libraries\FEHUtility.o
 .debug_loc     0x00001b66      0x8d6 Libraries\FEHIO.o
 .debug_loc     0x0000243c       0xa8 Drivers\adc16.o
 .debug_loc     0x000024e4      0x304 Libraries\FEHBuzzer.o
 .debug_loc     0x000027e8      0x1fa Libraries\FEHServo.o
 .debug_loc     0x000029e2     0x1147 Libraries\FEHLCD.o
 .debug_loc     0x00003b29      0x144 Libraries\FEHAccel.o
 .debug_loc     0x00003c6d       0xd4 Libraries\FEHBattery.o
 .debug_loc     0x00003d41      0x1c0 Drivers\FEHXBee.o
 .debug_loc     0x00003f01      0x420 Libraries\FEHRPS.o
 .debug_loc     0x00004321      0x188 Libraries\FEHSD.o
 .debug_loc     0x000044a9       0x26 C:\fehqt\Proteus/EWL/lib/armv7e-m\libm.a(w_atan2f.o)
 .debug_loc     0x000044cf       0x26 C:\fehqt\Proteus/EWL/lib/armv7e-m\libm.a(w_powf.o)
 .debug_loc     0x000044f5       0x13 C:\fehqt\Proteus/EWL/lib/armv7e-m\libm.a(w_sqrtf.o)
 .debug_loc     0x00004508      0x29f C:\fehqt\Proteus/EWL/lib/armv7e-m\libm.a(e_atan2f.o)
 .debug_loc     0x000047a7      0x6d0 C:\fehqt\Proteus/EWL/lib/armv7e-m\libm.a(e_powf.o)
 .debug_loc     0x00004e77      0x110 C:\fehqt\Proteus/EWL/lib/armv7e-m\libm.a(e_sqrtf.o)
 .debug_loc     0x00004f87      0x27c C:\fehqt\Proteus/EWL/lib/armv7e-m\libm.a(math_api.o)
 .debug_loc     0x00005203      0x1c0 C:\fehqt\Proteus/EWL/lib/armv7e-m\libm.a(s_atanf.o)
 .debug_loc     0x000053c3       0xe5 C:\fehqt\Proteus/EWL/lib/armv7e-m\libm.a(s_scalbnf.o)
 .debug_loc     0x000054a8       0x3f C:\fehqt\Proteus/EWL/lib/armv7e-m\libc.a(sprintf.o)
 .debug_loc     0x000054e7      0x105 C:\fehqt\Proteus/EWL/lib/armv7e-m\libc.a(vsnprintf.o)
 .debug_loc     0x000055ec       0x3e C:\fehqt\Proteus/EWL/lib/armv7e-m\libc.a(exit.o)
 .debug_loc     0x0000562a       0x46 C:\fehqt\Proteus/EWL/lib/armv7e-m\libc.a(memcpy.o)
 .debug_loc     0x00005670       0x64 C:\fehqt\Proteus/EWL/lib/armv7e-m\libc.a(memset.o)
 .debug_loc     0x000056d4       0x20 C:\fehqt\Proteus/EWL/lib/armv7e-m\libc.a(strcpy.o)
 .debug_loc     0x000056f4       0x31 C:\fehqt\Proteus/EWL/lib/armv7e-m\libc.a(strlen.o)
 .debug_loc     0x00005725     0x106f C:\fehqt\Proteus/EWL/lib/armv7e-m\libc.a(printformat_.o)
 .debug_loc     0x00006794      0x8cb C:\fehqt\Proteus/EWL/lib/armv7e-m\libc.a(scanformat_.o)
 .debug_loc     0x0000705f      0x18e C:\fehqt\Proteus/EWL/lib/armv7e-m\libc.a(ctype_aeabi.o)
 .debug_loc     0x000071ed      0x2ad C:\fehqt\Proteus/EWL/lib/armv7e-m\libc.a(__strtoul.o)
 .debug_loc     0x0000749a      0x12c C:\fehqt\Proteus/EWL/lib/armv7e-m\libc.a(__filll_mem.o)
 .debug_loc     0x000075c6       0x82 C:\fehqt\Proteus/EWL/lib/armv7e-m\libc.a(memchr.o)
 .debug_loc     0x00007648       0x78 C:\fehqt\Proteus/EWL/lib/armv7e-m\libc.a(strchr.o)
 .debug_loc     0x000076c0       0xbe C:\fehqt\Proteus/EWL/lib/armv7e-m\librt.a(gcc_ctor_dtor.o)
 .debug_loc     0x0000777e       0x9b C:\fehqt\Proteus/EWL/lib/armv7e-m\librt.a(ROMCopy.o)
 .debug_loc     0x00007819      0x15a C:\fehqt\Proteus/EWL/lib/armv7e-m\librt.a(__arm_eabi_init.o)

.debug_aranges  0x00000000     0x1088
 .debug_aranges
                0x00000000       0xb8 ..\main.o
 .debug_aranges
                0x000000b8       0x48 Startup\__arm_start.o
 .debug_aranges
                0x00000100       0x20 Startup\__arm_end.o
 .debug_aranges
                0x00000120       0x30 Startup\kinetis_sysinit.o
 .debug_aranges
                0x00000150       0x38 Libraries\FEHMotor.o
 .debug_aranges
                0x00000188       0x38 Drivers\i2c.o
 .debug_aranges
                0x000001c0       0x58 Drivers\spi.o
 .debug_aranges
                0x00000218       0x38 Drivers\uart.o
 .debug_aranges
                0x00000250      0x198 Drivers\ff.o
 .debug_aranges
                0x000003e8       0x98 Drivers\SDHC.o
 .debug_aranges
                0x00000480       0x20 Drivers\lptmr.o
 .debug_aranges
                0x000004a0       0x28 FEHProteus.o
 .debug_aranges
                0x000004c8       0x40 Drivers\FEHPropeller.o
 .debug_aranges
                0x00000508       0x58 Libraries\FEHUtility.o
 .debug_aranges
                0x00000560      0x160 Libraries\FEHIO.o
 .debug_aranges
                0x000006c0       0x30 Drivers\adc16.o
 .debug_aranges
                0x000006f0       0x88 Libraries\FEHBuzzer.o
 .debug_aranges
                0x00000778       0x60 Libraries\FEHServo.o
 .debug_aranges
                0x000007d8      0x290 Libraries\FEHLCD.o
 .debug_aranges
                0x00000a68       0x48 Libraries\FEHAccel.o
 .debug_aranges
                0x00000ab0       0x38 Libraries\FEHBattery.o
 .debug_aranges
                0x00000ae8       0x58 Drivers\FEHXBee.o
 .debug_aranges
                0x00000b40       0xb0 Libraries\FEHRPS.o
 .debug_aranges
                0x00000bf0       0x50 Libraries\FEHSD.o
 .debug_aranges
                0x00000c40       0x20 C:\fehqt\Proteus/EWL/lib/armv7e-m\libm.a(w_atan2f.o)
 .debug_aranges
                0x00000c60       0x20 C:\fehqt\Proteus/EWL/lib/armv7e-m\libm.a(w_powf.o)
 .debug_aranges
                0x00000c80       0x20 C:\fehqt\Proteus/EWL/lib/armv7e-m\libm.a(w_sqrtf.o)
 .debug_aranges
                0x00000ca0       0x20 C:\fehqt\Proteus/EWL/lib/armv7e-m\libm.a(e_atan2f.o)
 .debug_aranges
                0x00000cc0       0x20 C:\fehqt\Proteus/EWL/lib/armv7e-m\libm.a(e_powf.o)
 .debug_aranges
                0x00000ce0       0x20 C:\fehqt\Proteus/EWL/lib/armv7e-m\libm.a(e_sqrtf.o)
 .debug_aranges
                0x00000d00       0x60 C:\fehqt\Proteus/EWL/lib/armv7e-m\libm.a(math_api.o)
 .debug_aranges
                0x00000d60       0x20 C:\fehqt\Proteus/EWL/lib/armv7e-m\libm.a(s_atanf.o)
 .debug_aranges
                0x00000d80       0x20 C:\fehqt\Proteus/EWL/lib/armv7e-m\libm.a(s_scalbnf.o)
 .debug_aranges
                0x00000da0       0x20 C:\fehqt\Proteus/EWL/lib/armv7e-m\libc.a(sprintf.o)
 .debug_aranges
                0x00000dc0       0x28 C:\fehqt\Proteus/EWL/lib/armv7e-m\libc.a(vsnprintf.o)
 .debug_aranges
                0x00000de8       0x20 C:\fehqt\Proteus/EWL/lib/armv7e-m\libc.a(exit.o)
 .debug_aranges
                0x00000e08       0x20 C:\fehqt\Proteus/EWL/lib/armv7e-m\libc.a(memcpy.o)
 .debug_aranges
                0x00000e28       0x20 C:\fehqt\Proteus/EWL/lib/armv7e-m\libc.a(memset.o)
 .debug_aranges
                0x00000e48       0x20 C:\fehqt\Proteus/EWL/lib/armv7e-m\libc.a(strcpy.o)
 .debug_aranges
                0x00000e68       0x20 C:\fehqt\Proteus/EWL/lib/armv7e-m\libc.a(strlen.o)
 .debug_aranges
                0x00000e88       0x28 C:\fehqt\Proteus/EWL/lib/armv7e-m\libc.a(printformat_.o)
 .debug_aranges
                0x00000eb0       0x20 C:\fehqt\Proteus/EWL/lib/armv7e-m\libc.a(scanformat_.o)
 .debug_aranges
                0x00000ed0       0x88 C:\fehqt\Proteus/EWL/lib/armv7e-m\libc.a(ctype_aeabi.o)
 .debug_aranges
                0x00000f58       0x20 C:\fehqt\Proteus/EWL/lib/armv7e-m\libc.a(__strtoul.o)
 .debug_aranges
                0x00000f78       0x20 C:\fehqt\Proteus/EWL/lib/armv7e-m\libc.a(__filll_mem.o)
 .debug_aranges
                0x00000f98       0x20 C:\fehqt\Proteus/EWL/lib/armv7e-m\libc.a(memchr.o)
 .debug_aranges
                0x00000fb8       0x20 C:\fehqt\Proteus/EWL/lib/armv7e-m\libc.a(strchr.o)
 .debug_aranges
                0x00000fd8       0x28 C:\fehqt\Proteus/EWL/lib/armv7e-m\librt.a(gcc_ctor_dtor.o)
 .debug_aranges
                0x00001000       0x30 C:\fehqt\Proteus/EWL/lib/armv7e-m\librt.a(ROMCopy.o)
 .debug_aranges
                0x00001030       0x58 C:\fehqt\Proteus/EWL/lib/armv7e-m\librt.a(__arm_eabi_init.o)

.debug_line     0x00000000     0x8903
 .debug_line    0x00000000      0x863 ..\main.o
 .debug_line    0x00000863      0x3ad Startup\__arm_start.o
 .debug_line    0x00000c10      0x21a Startup\__arm_end.o
 .debug_line    0x00000e2a      0x283 Startup\kinetis_sysinit.o
 .debug_line    0x000010ad      0x237 Libraries\FEHMotor.o
 .debug_line    0x000012e4      0x2ad Drivers\i2c.o
 .debug_line    0x00001591      0x295 Drivers\spi.o
 .debug_line    0x00001826      0x212 Drivers\uart.o
 .debug_line    0x00001a38     0x1114 Drivers\ff.o
 .debug_line    0x00002b4c      0x678 Drivers\SDHC.o
 .debug_line    0x000031c4      0x1c0 Drivers\lptmr.o
 .debug_line    0x00003384      0x1da FEHProteus.o
 .debug_line    0x0000355e      0x264 Drivers\FEHPropeller.o
 .debug_line    0x000037c2      0x282 Libraries\FEHUtility.o
 .debug_line    0x00003a44      0x6ee Libraries\FEHIO.o
 .debug_line    0x00004132      0x20f Drivers\adc16.o
 .debug_line    0x00004341      0x2df Libraries\FEHBuzzer.o
 .debug_line    0x00004620      0x545 Libraries\FEHServo.o
 .debug_line    0x00004b65     0x1151 Libraries\FEHLCD.o
 .debug_line    0x00005cb6      0x23f Libraries\FEHAccel.o
 .debug_line    0x00005ef5      0x218 Libraries\FEHBattery.o
 .debug_line    0x0000610d      0x349 Drivers\FEHXBee.o
 .debug_line    0x00006456      0x70d Libraries\FEHRPS.o
 .debug_line    0x00006b63      0x334 Libraries\FEHSD.o
 .debug_line    0x00006e97       0x78 C:\fehqt\Proteus/EWL/lib/armv7e-m\libm.a(w_atan2f.o)
 .debug_line    0x00006f0f       0x76 C:\fehqt\Proteus/EWL/lib/armv7e-m\libm.a(w_powf.o)
 .debug_line    0x00006f85       0x77 C:\fehqt\Proteus/EWL/lib/armv7e-m\libm.a(w_sqrtf.o)
 .debug_line    0x00006ffc      0x10c C:\fehqt\Proteus/EWL/lib/armv7e-m\libm.a(e_atan2f.o)
 .debug_line    0x00007108      0x1f0 C:\fehqt\Proteus/EWL/lib/armv7e-m\libm.a(e_powf.o)
 .debug_line    0x000072f8       0xf0 C:\fehqt\Proteus/EWL/lib/armv7e-m\libm.a(e_sqrtf.o)
 .debug_line    0x000073e8      0x178 C:\fehqt\Proteus/EWL/lib/armv7e-m\libm.a(math_api.o)
 .debug_line    0x00007560       0xe6 C:\fehqt\Proteus/EWL/lib/armv7e-m\libm.a(s_atanf.o)
 .debug_line    0x00007646       0xc7 C:\fehqt\Proteus/EWL/lib/armv7e-m\libm.a(s_scalbnf.o)
 .debug_line    0x0000770d       0x4d C:\fehqt\Proteus/EWL/lib/armv7e-m\libc.a(errno.o)
 .debug_line    0x0000775a       0x94 C:\fehqt\Proteus/EWL/lib/armv7e-m\libc.a(sprintf.o)
 .debug_line    0x000077ee       0xd2 C:\fehqt\Proteus/EWL/lib/armv7e-m\libc.a(vsnprintf.o)
 .debug_line    0x000078c0       0x94 C:\fehqt\Proteus/EWL/lib/armv7e-m\libc.a(exit.o)
 .debug_line    0x00007954       0x8d C:\fehqt\Proteus/EWL/lib/armv7e-m\libc.a(memcpy.o)
 .debug_line    0x000079e1       0x8f C:\fehqt\Proteus/EWL/lib/armv7e-m\libc.a(memset.o)
 .debug_line    0x00007a70       0x8e C:\fehqt\Proteus/EWL/lib/armv7e-m\libc.a(strcpy.o)
 .debug_line    0x00007afe       0x89 C:\fehqt\Proteus/EWL/lib/armv7e-m\libc.a(strlen.o)
 .debug_line    0x00007b87      0x2c6 C:\fehqt\Proteus/EWL/lib/armv7e-m\libc.a(printformat_.o)
 .debug_line    0x00007e4d      0x2e3 C:\fehqt\Proteus/EWL/lib/armv7e-m\libc.a(scanformat_.o)
 .debug_line    0x00008130      0x1dd C:\fehqt\Proteus/EWL/lib/armv7e-m\libc.a(ctype_aeabi.o)
 .debug_line    0x0000830d      0x141 C:\fehqt\Proteus/EWL/lib/armv7e-m\libc.a(__strtoul.o)
 .debug_line    0x0000844e      0x121 C:\fehqt\Proteus/EWL/lib/armv7e-m\libc.a(__filll_mem.o)
 .debug_line    0x0000856f       0xa3 C:\fehqt\Proteus/EWL/lib/armv7e-m\libc.a(memchr.o)
 .debug_line    0x00008612       0x84 C:\fehqt\Proteus/EWL/lib/armv7e-m\libc.a(strchr.o)
 .debug_line    0x00008696       0x94 C:\fehqt\Proteus/EWL/lib/armv7e-m\librt.a(gcc_ctor_dtor.o)
 .debug_line    0x0000872a       0xc0 C:\fehqt\Proteus/EWL/lib/armv7e-m\librt.a(ROMCopy.o)
 .debug_line    0x000087ea      0x119 C:\fehqt\Proteus/EWL/lib/armv7e-m\librt.a(__arm_eabi_init.o)

.debug_macinfo  0x00000000   0x89ee60
 .debug_macinfo
                0x00000000    0x68196 ..\main.o
 .debug_macinfo
                0x00068196    0x647fb Startup\__arm_start.o
 .debug_macinfo
                0x000cc991     0x3464 Startup\__arm_end.o
 .debug_macinfo
                0x000cfdf5    0x64cce Startup\kinetis_sysinit.o
 .debug_macinfo
                0x00134ac3    0x6305c Libraries\FEHMotor.o
 .debug_macinfo
                0x00197b1f    0x6318f Drivers\i2c.o
 .debug_macinfo
                0x001facae    0x62fd6 Drivers\spi.o
 .debug_macinfo
                0x0025dc84    0x62fc7 Drivers\uart.o
 .debug_macinfo
                0x002c0c4b     0x4396 Drivers\ff.o
 .debug_macinfo
                0x002c4fe1    0x6452b Drivers\SDHC.o
 .debug_macinfo
                0x0032950c    0x63036 Drivers\lptmr.o
 .debug_macinfo
                0x0038c542    0x62fdc FEHProteus.o
 .debug_macinfo
                0x003ef51e    0x63085 Drivers\FEHPropeller.o
 .debug_macinfo
                0x004525a3    0x62ff1 Libraries\FEHUtility.o
 .debug_macinfo
                0x004b5594    0x64348 Libraries\FEHIO.o
 .debug_macinfo
                0x005198dc    0x63678 Drivers\adc16.o
 .debug_macinfo
                0x0057cf54    0x6301e Libraries\FEHBuzzer.o
 .debug_macinfo
                0x005dff72    0x64476 Libraries\FEHServo.o
 .debug_macinfo
                0x006443e8    0x649ab Libraries\FEHLCD.o
 .debug_macinfo
                0x006a8d93    0x631be Libraries\FEHAccel.o
 .debug_macinfo
                0x0070bf51    0x636a3 Libraries\FEHBattery.o
 .debug_macinfo
                0x0076f5f4    0x63d5d Drivers\FEHXBee.o
 .debug_macinfo
                0x007d3351    0x6627e Libraries\FEHRPS.o
 .debug_macinfo
                0x008395cf    0x65891 Libraries\FEHSD.o

.debug_str      0x00000000     0x5341
 .debug_str     0x00000000     0x1bf5 ..\main.o
                               0x1d37 (size before relaxing)
 .debug_str     0x00001bf5      0x338 Startup\__arm_start.o
                                0xe54 (size before relaxing)
 .debug_str     0x00001f2d       0x23 Startup\__arm_end.o
                                 0xa8 (size before relaxing)
 .debug_str     0x00001f50      0x154 Startup\kinetis_sysinit.o
                                0x353 (size before relaxing)
 .debug_str     0x000020a4       0x2a Libraries\FEHMotor.o
                                0x2c6 (size before relaxing)
 .debug_str     0x000020ce      0x11a Drivers\i2c.o
                                0x1ef (size before relaxing)
 .debug_str     0x000021e8      0x18b Drivers\spi.o
                                0x3a8 (size before relaxing)
 .debug_str     0x00002373      0x188 Drivers\uart.o
                                0x33d (size before relaxing)
 .debug_str     0x000024fb      0x6b5 Drivers\ff.o
                                0x840 (size before relaxing)
 .debug_str     0x00002bb0      0x546 Drivers\SDHC.o
                                0x816 (size before relaxing)
 .debug_str     0x000030f6       0x5a Drivers\lptmr.o
                                0x1f6 (size before relaxing)
 .debug_str     0x00003150       0x28 FEHProteus.o
                                0x242 (size before relaxing)
 .debug_str     0x00003178       0x25 Drivers\FEHPropeller.o
                                0x383 (size before relaxing)
 .debug_str     0x0000319d       0xc0 Libraries\FEHUtility.o
                                0x1c7 (size before relaxing)
 .debug_str     0x0000325d      0xcf1 Libraries\FEHIO.o
                               0x1298 (size before relaxing)
 .debug_str     0x00003f4e       0xd7 Drivers\adc16.o
                                0x287 (size before relaxing)
 .debug_str     0x00004025       0x79 Libraries\FEHBuzzer.o
                                0x399 (size before relaxing)
 .debug_str     0x0000409e       0xa7 Libraries\FEHServo.o
                               0x10f9 (size before relaxing)
 .debug_str     0x00004145      0x2c3 Libraries\FEHLCD.o
                               0x10fa (size before relaxing)
 .debug_str     0x00004408       0x68 Libraries\FEHAccel.o
                                0x18b (size before relaxing)
 .debug_str     0x00004470       0x30 Libraries\FEHBattery.o
                                0x34c (size before relaxing)
 .debug_str     0x000044a0       0xfd Drivers\FEHXBee.o
                                0x532 (size before relaxing)
 .debug_str     0x0000459d      0x165 Libraries\FEHRPS.o
                               0x1542 (size before relaxing)
 .debug_str     0x00004702       0x75 Libraries\FEHSD.o
                                0xf17 (size before relaxing)
 .debug_str     0x00004777       0x86 C:\fehqt\Proteus/EWL/lib/armv7e-m\libm.a(w_atan2f.o)
                                0x12f (size before relaxing)
 .debug_str     0x000047fd       0x12 C:\fehqt\Proteus/EWL/lib/armv7e-m\libm.a(w_powf.o)
                                0x12b (size before relaxing)
 .debug_str     0x0000480f       0x13 C:\fehqt\Proteus/EWL/lib/armv7e-m\libm.a(w_sqrtf.o)
                                0x12d (size before relaxing)
 .debug_str     0x00004822       0x64 C:\fehqt\Proteus/EWL/lib/armv7e-m\libm.a(e_atan2f.o)
                                0x18f (size before relaxing)
 .debug_str     0x00004886       0x6c C:\fehqt\Proteus/EWL/lib/armv7e-m\libm.a(e_powf.o)
                                0x1c2 (size before relaxing)
 .debug_str     0x000048f2       0x23 C:\fehqt\Proteus/EWL/lib/armv7e-m\libm.a(e_sqrtf.o)
                                0x179 (size before relaxing)
 .debug_str     0x00004915       0xee C:\fehqt\Proteus/EWL/lib/armv7e-m\libm.a(math_api.o)
                                0x228 (size before relaxing)
 .debug_str     0x00004a03       0x27 C:\fehqt\Proteus/EWL/lib/armv7e-m\libm.a(s_atanf.o)
                                0x168 (size before relaxing)
 .debug_str     0x00004a2a       0x2f C:\fehqt\Proteus/EWL/lib/armv7e-m\libm.a(s_scalbnf.o)
                                0x17b (size before relaxing)
 .debug_str     0x00004a59       0x12 C:\fehqt\Proteus/EWL/lib/armv7e-m\libc.a(errno.o)
                                0x12c (size before relaxing)