Archive member included because of file (symbol)

C:\fehqt\Proteus/EWL/lib/armv7e-m\libc.a(sprintf.o)
                              Libraries\FEHLCD.o (sprintf)
C:\fehqt\Proteus/EWL/lib/armv7e-m\libc.a(vsnprintf.o)
                              C:\fehqt\Proteus/EWL/lib/armv7e-m\libc.a(sprintf.o) (vsnprintf)
C:\fehqt\Proteus/EWL/lib/armv7e-m\libc.a(exit.o)
                              Startup\__arm_start.o (exit)
C:\fehqt\Proteus/EWL/lib/armv7e-m\libc.a(memcpy.o)
                              C:\fehqt\Proteus/EWL/lib/armv7e-m\libc.a(vsnprintf.o) (memcpy)
C:\fehqt\Proteus/EWL/lib/armv7e-m\libc.a(memset.o)
                              Startup\__arm_start.o (memset)
C:\fehqt\Proteus/EWL/lib/armv7e-m\libc.a(strcmp.o)
                              Libraries\FEHLCD.o (strcmp)
C:\fehqt\Proteus/EWL/lib/armv7e-m\libc.a(strcpy.o)
                              Libraries\FEHLCD.o (strcpy)
C:\fehqt\Proteus/EWL/lib/armv7e-m\libc.a(strlen.o)
                              Libraries\FEHLCD.o (strlen)
C:\fehqt\Proteus/EWL/lib/armv7e-m\libc.a(printformat_.o)
                              (__pformatter_)
C:\fehqt\Proteus/EWL/lib/armv7e-m\libc.a(scanformat_.o)
                              (__sformatter)
C:\fehqt\Proteus/EWL/lib/armv7e-m\libc.a(ctype_aeabi.o)
                              C:\fehqt\Proteus/EWL/lib/armv7e-m\libc.a(scanformat_.o) (isspace)
C:\fehqt\Proteus/EWL/lib/armv7e-m\libc.a(__strtoul.o)
                              C:\fehqt\Proteus/EWL/lib/armv7e-m\libc.a(scanformat_.o) (__strtoul)
C:\fehqt\Proteus/EWL/lib/armv7e-m\libc.a(__filll_mem.o)
                              C:\fehqt\Proteus/EWL/lib/armv7e-m\libc.a(memset.o) (__fill_mem)
C:\fehqt\Proteus/EWL/lib/armv7e-m\libc.a(memchr.o)
                              C:\fehqt\Proteus/EWL/lib/armv7e-m\libc.a(printformat_.o) (memchr)
C:\fehqt\Proteus/EWL/lib/armv7e-m\libc.a(strchr.o)
                              C:\fehqt\Proteus/EWL/lib/armv7e-m\libc.a(printformat_.o) (strchr)
c:/fehqt/proteus/gcc/bin/../lib/gcc/arm-none-eabi/4.6.2/armv7e-m\libgcc.a(_arm_addsubdf3.o)
                              Libraries\FEHLCD.o (__aeabi_dsub)
c:/fehqt/proteus/gcc/bin/../lib/gcc/arm-none-eabi/4.6.2/armv7e-m\libgcc.a(_arm_muldivdf3.o)
                              Libraries\FEHMotor.o (__aeabi_dmul)
c:/fehqt/proteus/gcc/bin/../lib/gcc/arm-none-eabi/4.6.2/armv7e-m\libgcc.a(_arm_cmpdf2.o)
                              Drivers\ff.o (__aeabi_dcmplt)
c:/fehqt/proteus/gcc/bin/../lib/gcc/arm-none-eabi/4.6.2/armv7e-m\libgcc.a(_arm_fixdfsi.o)
                              Libraries\FEHMotor.o (__aeabi_d2iz)
c:/fehqt/proteus/gcc/bin/../lib/gcc/arm-none-eabi/4.6.2/armv7e-m\libgcc.a(_arm_fixunsdfsi.o)
                              Libraries\FEHUtility.o (__aeabi_d2uiz)
c:/fehqt/proteus/gcc/bin/../lib/gcc/arm-none-eabi/4.6.2/armv7e-m\libgcc.a(_arm_truncdfsf2.o)
                              Libraries\FEHMotor.o (__aeabi_d2f)
c:/fehqt/proteus/gcc/bin/../lib/gcc/arm-none-eabi/4.6.2/armv7e-m\libgcc.a(_arm_addsubsf3.o)
                              Libraries\FEHLCD.o (__aeabi_fsub)
c:/fehqt/proteus/gcc/bin/../lib/gcc/arm-none-eabi/4.6.2/armv7e-m\libgcc.a(_arm_muldivsf3.o)
                              Drivers\mcg.o (__aeabi_fmul)
c:/fehqt/proteus/gcc/bin/../lib/gcc/arm-none-eabi/4.6.2/armv7e-m\libgcc.a(_arm_cmpsf2.o)
                              Libraries\FEHServo.o (__aeabi_fcmpeq)
c:/fehqt/proteus/gcc/bin/../lib/gcc/arm-none-eabi/4.6.2/armv7e-m\libgcc.a(_arm_fixsfsi.o)
                              Libraries\FEHLCD.o (__aeabi_f2iz)
c:/fehqt/proteus/gcc/bin/../lib/gcc/arm-none-eabi/4.6.2/armv7e-m\libgcc.a(_arm_fixunssfsi.o)
                              Drivers\mcg.o (__aeabi_f2uiz)
C:\fehqt\Proteus/EWL/lib/armv7e-m\librt.a(gcc_ctor_dtor.o)
                              Startup\__arm_start.o (__init_cpp)
C:\fehqt\Proteus/EWL/lib/armv7e-m\librt.a(ROMCopy.o)
                              Startup\__arm_start.o (__copy_rom_sections_to_ram)
C:\fehqt\Proteus/EWL/lib/armv7e-m\librt.a(__arm_eabi_init.o)
                              C:\fehqt\Proteus/EWL/lib/armv7e-m\libc.a(exit.o) (__destroy_global_chain)
C:\fehqt\Proteus/EWL/lib/armv7e-m\librt.a(New.o)
                              Libraries\FEHIO.o (operator new(unsigned int))
c:/fehqt/proteus/gcc/bin/../lib/gcc/arm-none-eabi/4.6.2/../../../../arm-none-eabi/lib/armv7e-m\libsupc++.a(class_type_info.o)
                              C:\fehqt\Proteus/EWL/lib/armv7e-m\librt.a(New.o) (vtable for __cxxabiv1::__class_type_info)
c:/fehqt/proteus/gcc/bin/../lib/gcc/arm-none-eabi/4.6.2/../../../../arm-none-eabi/lib/armv7e-m\libsupc++.a(eh_alloc.o)
                              C:\fehqt\Proteus/EWL/lib/armv7e-m\librt.a(New.o) (__cxa_allocate_exception)
c:/fehqt/proteus/gcc/bin/../lib/gcc/arm-none-eabi/4.6.2/../../../../arm-none-eabi/lib/armv7e-m\libsupc++.a(eh_arm.o)
                              C:\fehqt\Proteus/EWL/lib/armv7e-m\librt.a(New.o) (__cxa_end_cleanup)
[...]
Memory Configuration

Name             Origin             Length             Attributes
m_interrupts     0x0000c000         0x00000400         xr
m_cfmprotrom     0x0000c400         0x00000010         xr
m_text           0x0000c410         0x00073bf0         xr
m_data           0x1fff0400         0x0000fc00         xrw
m_data2          0x20000000         0x00010000         xrw
*default*        0x00000000         0xffffffff

Linker script and memory map

LOAD ..\main.o
LOAD Startup\__arm_start.o
LOAD Startup\__arm_end.o
LOAD Startup\kinetis_sysinit.o
LOAD Libraries\FEHMotor.o
LOAD Drivers\mcg.o
LOAD Drivers\i2c.o
LOAD Drivers\spi.o
LOAD Drivers\uart.o
LOAD Drivers\ff.o
LOAD Drivers\SDHC.o
LOAD Drivers\lptmr.o
LOAD FEHProteus.o
LOAD Drivers\FEHPropeller.o
LOAD Libraries\FEHUtility.o
LOAD Libraries\FEHIO.o
LOAD Drivers\adc16.o
LOAD Libraries\FEHBuzzer.o
LOAD Libraries\FEHServo.o
LOAD Libraries\FEHLCD.o
LOAD Libraries\FEHAccel.o
LOAD Libraries\FEHBattery.o
LOAD Drivers\FEHXBee.o
LOAD Libraries\FEHRPS.o
LOAD Libraries\FEHSD.o
                0x000126c4                __pformatter = __pformatter_
                [0x00012abc]                __sformatter = __sformatter
LOAD C:\fehqt\Proteus/EWL/lib/armv7e-m\libstdc++.a
LOAD C:\fehqt\Proteus/EWL/lib/armv7e-m\libm.a
START GROUP
LOAD C:\fehqt\Proteus/EWL/lib/armv7e-m\libc.a
LOAD C:\fehqt\Proteus/EWL/lib/armv7e-m\libc++.a
LOAD C:\fehqt\Proteus/EWL/lib/armv7e-m\libm.a
LOAD c:/fehqt/proteus/gcc/bin/../lib/gcc/arm-none-eabi/4.6.2/armv7e-m\libgcc.a
LOAD C:\fehqt\Proteus/EWL/lib/armv7e-m\librt.a
LOAD c:/fehqt/proteus/gcc/bin/../lib/gcc/arm-none-eabi/4.6.2/../../../../arm-none-eabi/lib/armv7e-m\libsupc++.a
END GROUP
                0x20000000                _estack = 0x20000000
                0x20000000                __SP_INIT = _estack
                0x00000800                __heap_size = 0x800
                0x00000800                __stack_size = 0x800

.interrupts     0x0000c000      0x1e0
                0x0000c000                __vector_table = .
                0x0000c000                . = ALIGN (0x4)
 *(.vectortable)
 .vectortable   0x0000c000      0x1e0 Startup\kinetis_sysinit.o
                0x0000c1e0                . = ALIGN (0x4)

.cfmprotect     0x0000c400        0x0
                0x0000c400                . = ALIGN (0x4)
 *(.cfmconfig)
                0x0000c400                . = ALIGN (0x4)

.text           0x0000c410     0x7578
                0x0000c410                . = ALIGN (0x4)
 *(.text)
 .text          0x0000c410      0x424 c:/fehqt/proteus/gcc/bin/../lib/gcc/arm-none-eabi/4.6.2/armv7e-m\libgcc.a(_arm_muldivdf3.o)
                0x0000c410                __aeabi_dmul
                0x0000c410                __muldf3
                0x0000c664                __divdf3
                0x0000c664                __aeabi_ddiv
 .text          0x0000c834       0x40 c:/fehqt/proteus/gcc/bin/../lib/gcc/arm-none-eabi/4.6.2/armv7e-m\libgcc.a(_arm_fixunsdfsi.o)
                0x0000c834                __aeabi_d2uiz
                0x0000c834                __fixunsdfsi
 .text          0x0000c874      0x21c c:/fehqt/proteus/gcc/bin/../lib/gcc/arm-none-eabi/4.6.2/armv7e-m\libgcc.a(_arm_addsubsf3.o)
                0x0000c874                __aeabi_frsub
                0x0000c87c                __subsf3
                0x0000c87c                __aeabi_fsub
                0x0000c880                __aeabi_fadd
                0x0000c880                __addsf3
                0x0000c9e0                __aeabi_ui2f
                0x0000c9e0                __floatunsisf
                0x0000c9e8                __aeabi_i2f
                0x0000c9e8                __floatsisf
                0x0000ca04                __aeabi_ul2f
                0x0000ca04                __floatundisf
                0x0000ca14                __aeabi_l2f
                0x0000ca14                __floatdisf
 .text          0x0000ca90      0x2a0 c:/fehqt/proteus/gcc/bin/../lib/gcc/arm-none-eabi/4.6.2/armv7e-m\libgcc.a(_arm_muldivsf3.o)
                0x0000ca90                __mulsf3
                0x0000ca90                __aeabi_fmul
                0x0000cbf8                __aeabi_fdiv
                0x0000cbf8                __divsf3
 *(.text*)
 .text.main     0x0000cd30       0x40 ..\main.o
                0x0000cd30                main
 .text.zero_fill_bss
                0x0000cd70       0x34 Startup\__arm_start.o
 .text.__thumb_startup
                0x0000cda4       0x34 Startup\__arm_start.o
                0x0000cda4                __thumb_startup
 .text.InitFEHProteus
                0x0000cdd8      0x15c Startup\__arm_start.o
                0x0000cdd8                InitFEHProteus
 .text.pll_init_bl
                0x0000cf34      0x130 Startup\__arm_start.o
 .text.InitPowerButton
                0x0000d064       0x90 Startup\__arm_start.o
                0x0000d064                InitPowerButton
 .text._ExitProcess
                0x0000d0f4        0xc Startup\__arm_end.o
                0x0000d0f4                _ExitProcess
 .text.Default_Handler
                0x0000d100        0xc Startup\kinetis_sysinit.o
                0x0000d100                BusFault_Handler()
                0x0000d100                HardFault_Handler()
                0x0000d100                SysTick_Handler()
                0x0000d100                PendSV_Handler()
                0x0000d100                DebugMonitor_Handler()
                0x0000d100                MemManage_Handler()
                0x0000d100                NMI_Handler()
                0x0000d100                SVC_Handler()
                0x0000d100                Default_Handler
                0x0000d100                UsageFault_Handler()
 .text.__init_hardware
                0x0000d10c       0x44 Startup\kinetis_sysinit.o
                0x0000d10c                __init_hardware
 .text._Z8PortDISRv
                0x0000d150       0x64 Startup\kinetis_sysinit.o
                0x0000d150                PortDISR()
 .text._Z21IIC_StartTransmissionhh
                0x0000d1b4       0x98 Drivers\i2c.o
                0x0000d1b4                IIC_StartTransmission(unsigned char, unsigned char)
 .text._Z5Pausev
                0x0000d24c       0x34 Drivers\i2c.o
                0x0000d24c                Pause()
 .text._Z21MMA8451QWriteRegisterhh
                0x0000d280      0x12c Drivers\i2c.o
                0x0000d280                MMA8451QWriteRegister(unsigned char, unsigned char)
 .text._Z12SPI_SendCharh
                0x0000d3ac       0x1c Drivers\spi.o
                0x0000d3ac                SPI_SendChar(unsigned char)
 .text._Z16SPI_WriteCommandhh
                0x0000d3c8       0x34 Drivers\spi.o
                0x0000d3c8                SPI_WriteCommand(unsigned char, unsigned char)
 .text._Z13SPI_CS_Assertv
                0x0000d3fc       0x24 Drivers\spi.o
                0x0000d3fc                SPI_CS_Assert()
 .text._Z15SPI_CS_Deassertv
                0x0000d420       0x24 Drivers\spi.o
                0x0000d420                SPI_CS_Deassert()
 .text._Z12SPI_Transferh
                0x0000d444       0x88 Drivers\spi.o
                0x0000d444                SPI_Transfer(unsigned char)
 *fill*         0x0000d4cc        0x4 00
 .text._Z8SPI_Initv
                0x0000d4d0       0xe8 Drivers\spi.o
                0x0000d4d0                SPI_Init()
 .text._Z9uart_initPV11UART_MemMapii
                0x0000d5b8      0x20c Drivers\uart.o
                0x0000d5b8                uart_init(UART_MemMap volatile*, int, int)
 .text._Z12uart_getcharPV11UART_MemMap
                0x0000d7c4       0x34 Drivers\uart.o
                0x0000d7c4                uart_getchar(UART_MemMap volatile*)
 .text._ZL7mem_setPvij
                0x0000d7f8       0x44 Drivers\ff.o
 .text._ZL11move_windowP5FATFSm
                0x0000d83c       0xf0 Drivers\ff.o
 .text._ZL4syncP5FATFS
                0x0000d92c      0x188 Drivers\ff.o
 .text._ZL8validateP5FATFSt
                0x0000dab4       0x54 Drivers\ff.o
 .text._Z6f_syncP3FIL
                0x0000db08      0x1c0 Drivers\ff.o
                0x0000db08                f_sync(FIL*)
 .text._Z7f_closeP3FIL
                0x0000dcc8       0x2c Drivers\ff.o
                0x0000dcc8                f_close(FIL*)
 .text._ZL17SDHC_set_baudratemm
                0x0000dcf4      0x14c Drivers\SDHC.o
 .text._Z9SDHC_initP17esdhc_info_structPK17esdhc_init_struct
                0x0000de40      0x1c4 Drivers\SDHC.o
                0x0000de40                SDHC_init(esdhc_info_struct*, esdhc_init_struct const*)
 .text._ZL15SDHC_is_runningv
                0x0000e004       0x28 Drivers\SDHC.o
 .text._ZL16SDHC_status_waitm
                0x0000e02c       0x38 Drivers\SDHC.o
 .text._ZL17SDHC_send_commandP20esdhc_command_struct
                0x0000e064      0x2a0 Drivers\SDHC.o
 .text._Z10SDHC_ioctlmPv
                0x0000e304      0x978 Drivers\SDHC.o
                0x0000e304                SDHC_ioctl(unsigned long, void*)
 .text._ZL14rcvr_datablockPhm
                0x0000ec7c      0x134 Drivers\SDHC.o
 .text._Z9disk_readhPhmh
                0x0000edb0      0x13c Drivers\SDHC.o
                0x0000edb0                disk_read(unsigned char, unsigned char*, unsigned long, unsigned char)
 .text._ZL14xmit_datablockPKhm
                0x0000eeec       0xe0 Drivers\SDHC.o
 .text._Z10disk_writehPKhmh
                0x0000efcc      0x1cc Drivers\SDHC.o
                0x0000efcc                disk_write(unsigned char, unsigned char const*, unsigned long, unsigned char)
 .text._Z10disk_ioctlhhPv
                0x0000f198      0x128 Drivers\SDHC.o
                0x0000f198                disk_ioctl(unsigned char, unsigned char, void*)
 .text._Z11disk_statush
                0x0000f2c0       0x30 Drivers\SDHC.o
                0x0000f2c0                disk_status(unsigned char)
 .text._Z13time_delay_msm
                0x0000f2f0       0xa4 Drivers\lptmr.o
                0x0000f2f0                time_delay_ms(unsigned long)
 .text._Z41__static_initialization_and_destruction_0ii
                0x0000f394       0x30 FEHProteus.o
 .text._GLOBAL__sub_I_Propeller
                0x0000f3c4       0x14 FEHProteus.o
 .text._ZN12FEHPropellerC2Ev
                0x0000f3d8       0x20 Drivers\FEHPropeller.o
                0x0000f3d8                FEHPropeller::FEHPropeller()
                0x0000f3d8                FEHPropeller::FEHPropeller()
 .text._ZN12FEHPropeller10InitializeEv
                0x0000f3f8       0x94 Drivers\FEHPropeller.o
                0x0000f3f8                FEHPropeller::Initialize()
 .text._ZL5Delaymjj
                0x0000f48c       0xc4 Libraries\FEHUtility.o
 .text._Z5Sleepi
                0x0000f550       0x34 Libraries\FEHUtility.o
                0x0000f550                Sleep(int)
 *fill*         0x0000f584        0x4 00
 .text._Z5Sleepd
                0x0000f588       0x58 Libraries\FEHUtility.o
                0x0000f588                Sleep(double)
 .text._Z9portB_isrv
                0x0000f5e0       0xd4 Libraries\FEHIO.o
                0x0000f5e0                portB_isr()
 .text._Z9portC_isrv
                0x0000f6b4       0xd8 Libraries\FEHIO.o
                0x0000f6b4                portC_isr()
 .text._Z9portA_isrv
                0x0000f78c       0xd8 Libraries\FEHIO.o
                0x0000f78c                portA_isr()
 .text._Z9portE_isrv
                0x0000f864       0xd0 Libraries\FEHIO.o
                0x0000f864                portE_isr()
 .text._ZN14AnalogInputPinC2EN5FEHIO8FEHIOPinE
                0x0000f934       0x20 Libraries\FEHIO.o
                0x0000f934                AnalogInputPin::AnalogInputPin(FEHIO::FEHIOPin)
                0x0000f934                AnalogInputPin::AnalogInputPin(FEHIO::FEHIOPin)
 .text._ZN13AnalogEncoder12EncoderValueEv
                0x0000f954       0xe4 Libraries\FEHIO.o
                0x0000f954                AnalogEncoder::EncoderValue()
 .text._ZN14AnalogInputPin8InitADCsEv
                0x0000fa38      0x120 Libraries\FEHIO.o
                0x0000fa38                AnalogInputPin::InitADCs()
 .text._Z8pit0_isrv
                0x0000fb58       0x34 Libraries\FEHIO.o
                0x0000fb58                pit0_isr()
 .text._ZN13AnalogEncoder4InitEv
                0x0000fb8c       0x64 Libraries\FEHIO.o
                0x0000fb8c                AnalogEncoder::Init()
 .text._ZN13AnalogEncoder14SetCounterInitEj
                0x0000fbf0       0x20 Libraries\FEHIO.o
                0x0000fbf0                AnalogEncoder::SetCounterInit(unsigned int)
 .text._ZN13AnalogEncoder10ProcessIntEv
                0x0000fc10       0x80 Libraries\FEHIO.o
                0x0000fc10                AnalogEncoder::ProcessInt()
 .text._ZN13AnalogEncoder14ProcessIntSelfEv
                0x0000fc90       0x80 Libraries\FEHIO.o
                0x0000fc90                AnalogEncoder::ProcessIntSelf()
 .text._Z7ADC_CalPV10ADC_MemMap
                0x0000fd10      0x14c Drivers\adc16.o
                0x0000fd10                ADC_Cal(ADC_MemMap volatile*)
 .text._Z14ADC_Config_AltPV10ADC_MemMapP7adc_cfg
                0x0000fe5c       0x6c Drivers\adc16.o
                0x0000fe5c                ADC_Config_Alt(ADC_MemMap volatile*, adc_cfg*)
 .text._ZN9FEHBuzzerC2Ev
                0x0000fec8       0x18 Libraries\FEHBuzzer.o
                0x0000fec8                FEHBuzzer::FEHBuzzer()
                0x0000fec8                FEHBuzzer::FEHBuzzer()
 .text._Z41__static_initialization_and_destruction_0ii
                0x0000fee0       0x30 Libraries\FEHBuzzer.o
 .text._GLOBAL__sub_I_Buzzer
                0x0000ff10       0x14 Libraries\FEHBuzzer.o
 .text._ZN6FEHLCD11_InitializeEv
                0x0000ff24      0x5dc Libraries\FEHLCD.o
                0x0000ff24                FEHLCD::_Initialize()
 .text._ZN6FEHLCDC2Ev
                0x00010500       0x64 Libraries\FEHLCD.o
                0x00010500                FEHLCD::FEHLCD()
                0x00010500                FEHLCD::FEHLCD()
 .text._ZN6FEHLCD10InitializeEv
                0x00010564       0x38 Libraries\FEHLCD.o
                0x00010564                FEHLCD::Initialize()
 .text._ZN6FEHLCD10PrintImageEii
                0x0001059c      0x100 Libraries\FEHLCD.o
                0x0001059c                FEHLCD::PrintImage(int, int)
 .text._ZN6FEHLCD9PrintLogoEii
                0x0001069c      0x100 Libraries\FEHLCD.o
                0x0001069c                FEHLCD::PrintLogo(int, int)
 .text._ZN6FEHLCD22ConvertFEHColorTo24BitENS_11FEHLCDColorE
                0x0001079c       0x80 Libraries\FEHLCD.o
                0x0001079c                FEHLCD::ConvertFEHColorTo24Bit(FEHLCD::FEHLCDColor)
 .text._ZN6FEHLCD24Convert24BitColorTo16BitEj
                0x0001081c       0x40 Libraries\FEHLCD.o
                0x0001081c                FEHLCD::Convert24BitColorTo16Bit(unsigned int)
 .text._ZN6FEHLCD22ConvertRGBColorTo16BitEhhh
                0x0001085c       0x44 Libraries\FEHLCD.o
                0x0001085c                FEHLCD::ConvertRGBColorTo16Bit(unsigned char, unsigned char, unsigned char)
 .text._ZN6FEHLCD5ClearENS_11FEHLCDColorE
                0x000108a0       0x28 Libraries\FEHLCD.o
                0x000108a0                FEHLCD::Clear(FEHLCD::FEHLCDColor)
 .text._ZN6FEHLCD5ClearEj
                0x000108c8       0x2c Libraries\FEHLCD.o
                0x000108c8                FEHLCD::Clear(unsigned int)
 .text._ZN6FEHLCD18SetBackgroundColorENS_11FEHLCDColorE
                0x000108f4       0x28 Libraries\FEHLCD.o
                0x000108f4                FEHLCD::SetBackgroundColor(FEHLCD::FEHLCDColor)
 .text._ZN6FEHLCD18SetBackgroundColorEj
                0x0001091c       0x28 Libraries\FEHLCD.o
                0x0001091c                FEHLCD::SetBackgroundColor(unsigned int)
 .text._ZN6FEHLCD12SetFontColorENS_11FEHLCDColorE
                0x00010944       0x28 Libraries\FEHLCD.o
                0x00010944                FEHLCD::SetFontColor(FEHLCD::FEHLCDColor)
 .text._ZN6FEHLCD12SetFontColorEj
                0x0001096c       0x28 Libraries\FEHLCD.o
                0x0001096c                FEHLCD::SetFontColor(unsigned int)
 .text._ZN6FEHLCD7WriteAtEPKcii
                0x00010994       0x58 Libraries\FEHLCD.o
                0x00010994                FEHLCD::WriteAt(char const*, int, int)
 .text._ZN6FEHLCD11TS_SPI_InitEv
                0x000109ec       0xa8 Libraries\FEHLCD.o
                0x000109ec                FEHLCD::TS_SPI_Init()
 .text._ZN6FEHLCD5WriteEPKc
                0x00010a94       0x5c Libraries\FEHLCD.o
                0x00010a94                FEHLCD::Write(char const*)
 .text._ZN6FEHLCD9WriteLineEPKc
                0x00010af0       0x28 Libraries\FEHLCD.o
                0x00010af0                FEHLCD::WriteLine(char const*)
 .text._ZN6FEHLCD10WriteIndexEh
                0x00010b18      0x288 Libraries\FEHLCD.o
                0x00010b18                FEHLCD::WriteIndex(unsigned char)
 .text._ZN6FEHLCD14WriteParameterEh
                0x00010da0      0x254 Libraries\FEHLCD.o
                0x00010da0                FEHLCD::WriteParameter(unsigned char)
 .text._ZN6FEHLCD6_ClearEv
                0x00010ff4      0x228 Libraries\FEHLCD.o
                0x00010ff4                FEHLCD::_Clear()
 .text._ZN6FEHLCD8NextLineEv
                0x0001121c       0x30 Libraries\FEHLCD.o
                0x0001121c                FEHLCD::NextLine()
 .text._ZN6FEHLCD9CheckLineEv
                0x0001124c       0x2c Libraries\FEHLCD.o
                0x0001124c                FEHLCD::CheckLine()
 .text._ZN6FEHLCD8NextCharEv
                0x00011278       0x34 Libraries\FEHLCD.o
                0x00011278                FEHLCD::NextChar()
 .text._ZN6FEHLCD13SetDrawRegionEiiii
                0x000112ac      0x10c Libraries\FEHLCD.o
                0x000112ac                FEHLCD::SetDrawRegion(int, int, int, int)
 .text._ZN6FEHLCD9WriteCharEiic
                0x000113b8       0x40 Libraries\FEHLCD.o
                0x000113b8                FEHLCD::WriteChar(int, int, char)
 .text._ZN6FEHLCD11WriteCharAtEiic
                0x000113f8      0x278 Libraries\FEHLCD.o
                0x000113f8                FEHLCD::WriteCharAt(int, int, char)
 .text._ZN6FEHLCD11RepeatColorEv
                0x00011670       0xbc Libraries\FEHLCD.o
                0x00011670                FEHLCD::RepeatColor()
 .text._ZN6FEHLCD10_ForePixelEv
                0x0001172c      0x160 Libraries\FEHLCD.o
                0x0001172c                FEHLCD::_ForePixel()
 .text._ZN6FEHLCD10_BackPixelEv
                0x0001188c      0x160 Libraries\FEHLCD.o
                0x0001188c                FEHLCD::_BackPixel()
 .text._ZN6FEHLCD22SetRegisterColorValuesEv
                0x000119ec      0x4c0 Libraries\FEHLCD.o
                0x000119ec                FEHLCD::SetRegisterColorValues()
 .text._Z41__static_initialization_and_destruction_0ii
                0x00011eac       0x30 Libraries\FEHLCD.o
 .text._GLOBAL__sub_I_image
                0x00011edc       0x14 Libraries\FEHLCD.o
 .text._ZN8FEHAccelC2Ev
                0x00011ef0       0x8c Libraries\FEHAccel.o
                0x00011ef0                FEHAccel::FEHAccel()
                0x00011ef0                FEHAccel::FEHAccel()
 .text._Z41__static_initialization_and_destruction_0ii
                0x00011f7c       0x30 Libraries\FEHAccel.o
 .text._GLOBAL__sub_I_Accel
                0x00011fac       0x14 Libraries\FEHAccel.o
 .text._ZN10FEHBatteryC2EN5FEHIO8FEHIOPinE
                0x00011fc0       0x24 Libraries\FEHBattery.o
                0x00011fc0                FEHBattery::FEHBattery(FEHIO::FEHIOPin)
                0x00011fc0                FEHBattery::FEHBattery(FEHIO::FEHIOPin)
 .text._Z41__static_initialization_and_destruction_0ii
                0x00011fe4       0x34 Libraries\FEHBattery.o
 .text._GLOBAL__sub_I_Battery
                0x00012018       0x14 Libraries\FEHBattery.o
 .text._ZN7FEHXBeeC2Ev
                0x0001202c       0x20 Drivers\FEHXBee.o
                0x0001202c                FEHXBee::FEHXBee()
                0x0001202c                FEHXBee::FEHXBee()
 .text._ZN7FEHXBee17SetPacketCallBackEPFvPhhE
                0x0001204c       0x20 Drivers\FEHXBee.o
                0x0001204c                FEHXBee::SetPacketCallBack(void (*)(unsigned char*, unsigned char))
 .text._Z9UART0_ISRv
                0x0001206c      0x174 Drivers\FEHXBee.o
                0x0001206c                UART0_ISR()
 .text._ZN6FEHRPSC2Ev
                0x000121e0       0x88 Libraries\FEHRPS.o
                0x000121e0                FEHRPS::FEHRPS()
                0x000121e0                FEHRPS::FEHRPS()
 .text._Z14RPSDataProcessPhh
                0x00012268      0x18c Libraries\FEHRPS.o
                0x00012268                RPSDataProcess(unsigned char*, unsigned char)
 .text._Z41__static_initialization_and_destruction_0ii
                0x000123f4       0x30 Libraries\FEHRPS.o
 .text._GLOBAL__sub_I_RPS
                0x00012424       0x14 Libraries\FEHRPS.o
 .text._ZN5FEHSDC2Ev
                0x00012438       0x24 Libraries\FEHSD.o
                0x00012438                FEHSD::FEHSD()
                0x00012438                FEHSD::FEHSD()
 .text._ZN5FEHSD8CloseLogEv
                0x0001245c       0x38 Libraries\FEHSD.o
                0x0001245c                FEHSD::CloseLog()
 .text._Z41__static_initialization_and_destruction_0ii
                0x00012494       0x30 Libraries\FEHSD.o
 .text._GLOBAL__sub_I_SD
                0x000124c4       0x14 Libraries\FEHSD.o
 .text.exit     0x000124d8       0x38 C:\fehqt\Proteus/EWL/lib/armv7e-m\libc.a(exit.o)
                0x000124d8                exit
 .text.memset   0x00012510        0xc C:\fehqt\Proteus/EWL/lib/armv7e-m\libc.a(memset.o)
                0x00012510                memset
 .text.strlen   0x0001251c       0x10 C:\fehqt\Proteus/EWL/lib/armv7e-m\libc.a(strlen.o)
                0x0001251c                strlen
 .text.long2str.isra.0
                0x0001252c      0x196 C:\fehqt\Proteus/EWL/lib/armv7e-m\libc.a(printformat_.o)
 *fill*         0x000126c2        0x2 00
 .text.__pformatter_
                0x000126c4      0x3f8 C:\fehqt\Proteus/EWL/lib/armv7e-m\libc.a(printformat_.o)
                0x000126c4                __pformatter_
 .text.__sformatter
                0x00012abc      0x74e C:\fehqt\Proteus/EWL/lib/armv7e-m\libc.a(scanformat_.o)
                0x00012abc                __sformatter
 *fill*         0x0001320a        0x2 00
 .text.isalpha  0x0001320c       0x1c C:\fehqt\Proteus/EWL/lib/armv7e-m\libc.a(ctype_aeabi.o)
                0x0001320c                isalpha
 .text.isspace  0x00013228       0x1c C:\fehqt\Proteus/EWL/lib/armv7e-m\libc.a(ctype_aeabi.o)
                0x00013228                isspace
 .text.toupper  0x00013244        0xc C:\fehqt\Proteus/EWL/lib/armv7e-m\libc.a(ctype_aeabi.o)
                0x00013244                toupper
 .text.__strtoul
                0x00013250      0x1dc C:\fehqt\Proteus/EWL/lib/armv7e-m\libc.a(__strtoul.o)
                0x00013250                __strtoul
 .text.__fill_mem
                0x0001342c       0x76 C:\fehqt\Proteus/EWL/lib/armv7e-m\libc.a(__filll_mem.o)
                0x0001342c                __fill_mem
 .text.memchr   0x000134a2       0x1a C:\fehqt\Proteus/EWL/lib/armv7e-m\libc.a(memchr.o)
                0x000134a2                memchr
 .text.strchr   0x000134bc       0x1c C:\fehqt\Proteus/EWL/lib/armv7e-m\libc.a(strchr.o)
                0x000134bc                strchr
 .text.__init_cpp
                0x000134d8       0x4c C:\fehqt\Proteus/EWL/lib/armv7e-m\librt.a(gcc_ctor_dtor.o)
                0x000134d8                __init_cpp
 .text.__fini_cpp
                0x00013524       0x34 C:\fehqt\Proteus/EWL/lib/armv7e-m\librt.a(gcc_ctor_dtor.o)
                0x00013524                __fini_cpp
 .text.__copy_rom_section
                0x00013558       0x44 C:\fehqt\Proteus/EWL/lib/armv7e-m\librt.a(ROMCopy.o)
                0x00013558                __copy_rom_section
 .text.__copy_rom_sections_to_ram
                0x0001359c       0x34 C:\fehqt\Proteus/EWL/lib/armv7e-m\librt.a(ROMCopy.o)
                0x0001359c                __copy_rom_sections_to_ram
 .text.__destroy_global_chain
                0x000135d0       0x1c C:\fehqt\Proteus/EWL/lib/armv7e-m\librt.a(__arm_eabi_init.o)
                0x000135d0                __destroy_global_chain
 .text.__init_registers
                0x000135ec       0x20 C:\fehqt\Proteus/EWL/lib/armv7e-m\librt.a(__arm_eabi_init.o)
                0x000135ec                __init_registers
 .text.__init_user
                0x0001360c        0x4 C:\fehqt\Proteus/EWL/lib/armv7e-m\librt.a(__arm_eabi_init.o)
                0x0001360c                __init_user
 *(.rodata)
 .rodata        0x00013610       0x14 ..\main.o
 .rodata        0x00013624       0x78 Libraries\FEHIO.o
 .rodata        0x0001369c       0x34 Libraries\FEHLCD.o
 *(.rodata*)
 .rodata.K60_SDHC0_init
                0x000136d0        0xc Drivers\SDHC.o
                0x000136d0                K60_SDHC0_init
 .rodata._ZL21ESDHC_COMMAND_XFERTYP
                0x000136dc      0x100 Drivers\SDHC.o
 .rodata._ZL10ADCNumbers
                0x000137dc       0x24 Libraries\FEHIO.o
 .rodata._ZL16AnalogPinNumbers
                0x00013800       0x84 Libraries\FEHIO.o
 .rodata.str1.1
                0x00013884        0x1 C:\fehqt\Proteus/EWL/lib/armv7e-m\libc.a(printformat_.o)
 .rodata.__aeabi_ctype_table_C
                0x00013885      0x101 C:\fehqt\Proteus/EWL/lib/armv7e-m\libc.a(ctype_aeabi.o)
                0x00013885                __aeabi_ctype_table_C
 *(.glue_7)
 .glue_7        0x00000000        0x0 linker stubs
 *(.glue_7t)
 .glue_7t       0x00000000        0x0 linker stubs
 *(.eh_frame)
 *(.init)
 *(.fini)
                0x00013988                . = ALIGN (0x4)
 *fill*         0x00013986        0x2 00
                0x00013988                _etext = .

.vfp11_veneer   0x00013988        0x0
 .vfp11_veneer  0x00000000        0x0 linker stubs

.v4_bx          0x00013988        0x0
 .v4_bx         0x00000000        0x0 linker stubs

.ARM.extab
 *(.ARM.extab* .gnu.linkonce.armextab.*)

.ARM            0x00013988        0x0
                0x00013988                __exidx_start = .
 *(.ARM.exidx*)
                0x00013988                __exidx_end = .

.ctors          0x00013988        0x0
                0x00013988                __CTOR_LIST__ = .
 *crtbegin.o(.ctors)
 *(EXCLUDE_FILE(*crtend.o) .ctors)
 *(SORT(.ctors.*))
 *(.ctors)
                0x00013988                __CTOR_END__ = .

.dtors          0x00013988        0x0
                0x00013988                __DTOR_LIST__ = .
 *crtbegin.o(.dtors)
 *(EXCLUDE_FILE(*crtend.o) .dtors)
 *(SORT(.dtors.*))
 *(.dtors)
                0x00013988                __DTOR_END__ = .

.preinit_array  0x00013988        0x0
                0x00013988                PROVIDE (__preinit_array_start, .)
 *(.preinit_array*)
                0x00013988                PROVIDE (__preinit_array_end, .)

.init_array     0x00013988       0x1c
                0x00013988                PROVIDE (__init_array_start, .)
 *(SORT(.init_array.*))
 *(.init_array*)
 .init_array    0x00013988        0x4 FEHProteus.o
 .init_array    0x0001398c        0x4 Libraries\FEHBuzzer.o
 .init_array    0x00013990        0x4 Libraries\FEHLCD.o
 .init_array    0x00013994        0x4 Libraries\FEHAccel.o
 .init_array    0x00013998        0x4 Libraries\FEHBattery.o
 .init_array    0x0001399c        0x4 Libraries\FEHRPS.o
 .init_array    0x000139a0        0x4 Libraries\FEHSD.o
                0x000139a4                PROVIDE (__init_array_end, .)

.fini_array     0x000139a4        0x0
                0x000139a4                PROVIDE (__fini_array_start, .)
 *(SORT(.fini_array.*))
 *(.fini_array*)
                0x000139a4                PROVIDE (__fini_array_end, .)
                0x000139a4                ___ROM_AT = .

.data           0x1fff0400      0xd1c load address 0x000139a4
                0x1fff0400                . = ALIGN (0x4)
                0x1fff0400                _sdata = .
 *(.data)
 *(.data*)
 .data._ZL4Stat
                0x1fff0400        0x1 Drivers\SDHC.o
 *fill*         0x1fff0401        0x3 00
 .data.image    0x1fff0404      0x750 Libraries\FEHLCD.o
                0x1fff0404                image
 .data.logo     0x1fff0b54      0x3e8 Libraries\FEHLCD.o
                0x1fff0b54                logo
 .data._ZN6FEHLCD8fontDataE
                0x1fff0f3c      0x1e0 Libraries\FEHLCD.o
                0x1fff0f3c                FEHLCD::fontData
                0x1fff111c                . = ALIGN (0x4)
                0x1fff111c                _edata = .
                0x00000d1c                ___data_size = (_edata - _sdata)
                0x000146c0                ___m_data2_ROMStart = (___ROM_AT + SIZEOF (.data))

.user_data2     0x20000000        0x0 load address 0x000146c0
                0x20000000                . = ALIGN (0x4)
                0x20000000                ___m_data2_RAMStart = .
 *(.data2)
                0x20000000                ___m_data2_RAMEnd = .
                0x20000000                . = ALIGN (0x4)
                0x00000000                ___m_data2_ROMSize = (___m_data2_RAMEnd - ___m_data2_RAMStart)
                0x20000000                . = ALIGN (0x4)

.bss            0x1fff111c      0x5b0 load address 0x000146c0
                0x1fff111c                __START_BSS = .
                0x1fff111c                PROVIDE (__bss_start__, __START_BSS)
 *(.bss)
 *(.bss*)
 .bss._ZL4argv  0x1fff111c        0x4 Startup\__arm_start.o
 .bss.MasterTransmission
                0x1fff1120        0x1 Drivers\i2c.o
                0x1fff1120                MasterTransmission
 .bss.SlaveID   0x1fff1121        0x1 Drivers\i2c.o
                0x1fff1121                SlaveID
 *fill*         0x1fff1122        0x2 00
 .bss.SDHC_Card
                0x1fff1124       0x14 Drivers\SDHC.o
                0x1fff1124                SDHC_Card
 .bss.SDHC_Info
                0x1fff1138      0x204 Drivers\SDHC.o
                0x1fff1138                SDHC_Info
 .bss.SDHC_Device
                0x1fff133c        0x8 Drivers\SDHC.o
                0x1fff133c                SDHC_Device
 .bss.Propeller
                0x1fff1344        0x4 FEHProteus.o
                0x1fff1344                Propeller
 .bss.CoreClockKHz
                0x1fff1348        0x4 FEHProteus.o
                0x1fff1348                CoreClockKHz
 .bss.CoreClockMHz
                0x1fff134c        0x4 FEHProteus.o
                0x1fff134c                CoreClockMHz
 .bss.PeripheralClockKHz
                0x1fff1350        0x4 FEHProteus.o
                0x1fff1350                PeripheralClockKHz
 .bss._ZN14AnalogInputPin17Master_Adc_ConfigE
                0x1fff1354       0x10 Libraries\FEHIO.o
                0x1fff1354                AnalogInputPin::Master_Adc_Config
 .bss._ZN14AnalogInputPin18Encoder_Adc_ConfigE
                0x1fff1364       0x10 Libraries\FEHIO.o
                0x1fff1364                AnalogInputPin::Encoder_Adc_Config
 .bss.interrupt_counts
                0x1fff1374       0x80 Libraries\FEHIO.o
                0x1fff1374                interrupt_counts
 .bss._ZN13AnalogEncoder7pinListE
                0x1fff13f4        0x4 Libraries\FEHIO.o
                0x1fff13f4                AnalogEncoder::pinList
 .bss.__interrupt_counter
                0x1fff13f8        0x4 Libraries\FEHIO.o
                0x1fff13f8                __interrupt_counter
 .bss.Buzzer    0x1fff13fc        0x4 Libraries\FEHBuzzer.o
                0x1fff13fc                Buzzer
 .bss.LCD       0x1fff1400       0x44 Libraries\FEHLCD.o
                0x1fff1400                LCD
 .bss.initialized
                0x1fff1444        0x1 Libraries\FEHLCD.o
                0x1fff1444                initialized
 *fill*         0x1fff1445        0x3 00
 .bss.Accel     0x1fff1448        0x4 Libraries\FEHAccel.o
                0x1fff1448                Accel
 .bss.Battery   0x1fff144c        0x4 Libraries\FEHBattery.o
                0x1fff144c                Battery
 .bss.XBeeDataProcess
                0x1fff1450        0x4 Drivers\FEHXBee.o
                0x1fff1450                XBeeDataProcess
 .bss._xbeebuffer
                0x1fff1454       0x10 Drivers\FEHXBee.o
                0x1fff1454                _xbeebuffer
 .bss._xbeebufferindex
                0x1fff1464        0x1 Drivers\FEHXBee.o
                0x1fff1464                _xbeebufferindex
 .bss._xbeestate
                0x1fff1465        0x1 Drivers\FEHXBee.o
                0x1fff1465                _xbeestate
 .bss._xbeebytereceived
                0x1fff1466        0x1 Drivers\FEHXBee.o
                0x1fff1466                _xbeebytereceived
 .bss._xbeebyte
                0x1fff1467        0x1 Drivers\FEHXBee.o
                0x1fff1467                _xbeebyte
 .bss.RPS       0x1fff1468        0x8 Libraries\FEHRPS.o
                0x1fff1468                RPS
 .bss._enabled  0x1fff1470        0x1 Libraries\FEHRPS.o
                0x1fff1470                _enabled
 *fill*         0x1fff1471        0x3 00
 .bss._RPS_x    0x1fff1474        0x4 Libraries\FEHRPS.o
                0x1fff1474                _RPS_x
 .bss._RPS_y    0x1fff1478        0x4 Libraries\FEHRPS.o
                0x1fff1478                _RPS_y
 .bss._RPS_heading
                0x1fff147c        0x4 Libraries\FEHRPS.o
                0x1fff147c                _RPS_heading
 .bss._RPS_objective
                0x1fff1480        0x4 Libraries\FEHRPS.o
                0x1fff1480                _RPS_objective
 .bss._RPS_time
                0x1fff1484        0x1 Libraries\FEHRPS.o
                0x1fff1484                _RPS_time
 .bss._RPS_stop
                0x1fff1485        0x1 Libraries\FEHRPS.o
                0x1fff1485                _RPS_stop
 .bss._RPS_foundpacket
                0x1fff1486        0x1 Libraries\FEHRPS.o
                0x1fff1486                _RPS_foundpacket
 *fill*         0x1fff1487        0x1 00
 .bss.SD        0x1fff1488        0x4 Libraries\FEHSD.o
                0x1fff1488                SD
 .bss.logfil    0x1fff148c      0x228 Libraries\FEHSD.o
                0x1fff148c                logfil
 .bss.__stdio_exit
                0x1fff16b4        0x4 C:\fehqt\Proteus/EWL/lib/armv7e-m\libc.a(exit.o)
                0x1fff16b4                __stdio_exit
 .bss.__console_exit
                0x1fff16b8        0x4 C:\fehqt\Proteus/EWL/lib/armv7e-m\libc.a(exit.o)
                0x1fff16b8                __console_exit
 .bss.__S_romp  0x1fff16bc        0xc C:\fehqt\Proteus/EWL/lib/armv7e-m\librt.a(ROMCopy.o)
 .bss.__global_destructor_chain
                0x1fff16c8        0x4 C:\fehqt\Proteus/EWL/lib/armv7e-m\librt.a(__arm_eabi_init.o)
                0x1fff16c8                __global_destructor_chain
 *(COMMON)
                0x1fff16cc                . = ALIGN (0x4)
                0x1fff16cc                __END_BSS = .
                0x1fff16cc                PROVIDE (__bss_end__, __END_BSS)

._user_heap_stack
                0x1fff16cc     0x1000 load address 0x00014c70
                0x1fff16cc                . = ALIGN (0x4)
                0x1fff16cc                PROVIDE (end, .)
                0x1fff16cc                PROVIDE (_end, .)
                0x1fff16cc                __heap_addr = .
                0x1fff1ecc                . = (. + __heap_size)
 *fill*         0x1fff16cc      0x800 00
                0x1fff26cc                . = (. + __stack_size)
 *fill*         0x1fff1ecc      0x800 00
                0x1fff26cc                . = ALIGN (0x4)
                0x000146c0                _romp_at = ((___ROM_AT + SIZEOF (.data)) + SIZEOF (.user_data2))

.romp           0x20000000       0x24 load address 0x000146c0
                0x000146c0                __S_romp = _romp_at
                0x20000000        0x4 LONG 0x139a4 ___ROM_AT
                0x20000004        0x4 LONG 0x1fff0400 _sdata
                0x20000008        0x4 LONG 0xd1c ___data_size
                0x2000000c        0x4 LONG 0x146c0 ___m_data2_ROMStart
                0x20000010        0x4 LONG 0x20000000 ___m_data2_RAMStart
                0x20000014        0x4 LONG 0x0 ___m_data2_ROMSize
                0x20000018        0x4 LONG 0x0
                0x2000001c        0x4 LONG 0x0
                0x20000020        0x4 LONG 0x0

.ARM.attributes
                0x00000000       0x33
 *(.ARM.attributes)
 .ARM.attributes
                0x00000000       0x33 ..\main.o
 .ARM.attributes
                0x00000033       0x33 Startup\__arm_start.o
 .ARM.attributes
                0x00000066       0x33 Startup\__arm_end.o
 .ARM.attributes
                0x00000099       0x33 Startup\kinetis_sysinit.o
 .ARM.attributes
                0x000000cc       0x33 Drivers\i2c.o
 .ARM.attributes
                0x000000ff       0x33 Drivers\spi.o
 .ARM.attributes
                0x00000132       0x33 Drivers\uart.o
 .ARM.attributes
                0x00000165       0x33 Drivers\ff.o
 .ARM.attributes
                0x00000198       0x33 Drivers\SDHC.o
 .ARM.attributes
                0x000001cb       0x33 Drivers\lptmr.o
 .ARM.attributes
                0x000001fe       0x33 FEHProteus.o
 .ARM.attributes
                0x00000231       0x33 Drivers\FEHPropeller.o
 .ARM.attributes
                0x00000264       0x33 Libraries\FEHUtility.o
 .ARM.attributes
                0x00000297       0x33 Libraries\FEHIO.o
 .ARM.attributes
                0x000002ca       0x33 Drivers\adc16.o
 .ARM.attributes
                0x000002fd       0x33 Libraries\FEHBuzzer.o
 .ARM.attributes
                0x00000330       0x33 Libraries\FEHLCD.o
 .ARM.attributes
                0x00000363       0x33 Libraries\FEHAccel.o
 .ARM.attributes
                0x00000396       0x33 Libraries\FEHBattery.o
 .ARM.attributes
                0x000003c9       0x33 Drivers\FEHXBee.o
 .ARM.attributes
                0x000003fc       0x33 Libraries\FEHRPS.o
 .ARM.attributes
                0x0000042f       0x33 Libraries\FEHSD.o
 .ARM.attributes
                0x00000462       0x33 C:\fehqt\Proteus/EWL/lib/armv7e-m\libc.a(exit.o)
 .ARM.attributes
                0x00000495       0x33 C:\fehqt\Proteus/EWL/lib/armv7e-m\libc.a(memset.o)
 .ARM.attributes
                0x000004c8       0x33 C:\fehqt\Proteus/EWL/lib/armv7e-m\libc.a(strlen.o)
 .ARM.attributes
                0x000004fb       0x33 C:\fehqt\Proteus/EWL/lib/armv7e-m\libc.a(printformat_.o)
 .ARM.attributes
                0x0000052e       0x33 C:\fehqt\Proteus/EWL/lib/armv7e-m\libc.a(scanformat_.o)
 .ARM.attributes
                0x00000561       0x33 C:\fehqt\Proteus/EWL/lib/armv7e-m\libc.a(ctype_aeabi.o)
 .ARM.attributes
                0x00000594       0x33 C:\fehqt\Proteus/EWL/lib/armv7e-m\libc.a(__strtoul.o)
 .ARM.attributes
                0x000005c7       0x33 C:\fehqt\Proteus/EWL/lib/armv7e-m\libc.a(__filll_mem.o)
 .ARM.attributes
                0x000005fa       0x33 C:\fehqt\Proteus/EWL/lib/armv7e-m\libc.a(memchr.o)
 .ARM.attributes
                0x0000062d       0x33 C:\fehqt\Proteus/EWL/lib/armv7e-m\libc.a(strchr.o)
 .ARM.attributes
                0x00000660       0x1e c:/fehqt/proteus/gcc/bin/../lib/gcc/arm-none-eabi/4.6.2/armv7e-m\libgcc.a(_arm_muldivdf3.o)
 .ARM.attributes
                0x0000067e       0x1e c:/fehqt/proteus/gcc/bin/../lib/gcc/arm-none-eabi/4.6.2/armv7e-m\libgcc.a(_arm_fixunsdfsi.o)
 .ARM.attributes
                0x0000069c       0x1e c:/fehqt/proteus/gcc/bin/../lib/gcc/arm-none-eabi/4.6.2/armv7e-m\libgcc.a(_arm_addsubsf3.o)
 .ARM.attributes
                0x000006ba       0x1e c:/fehqt/proteus/gcc/bin/../lib/gcc/arm-none-eabi/4.6.2/armv7e-m\libgcc.a(_arm_muldivsf3.o)
 .ARM.attributes
                0x000006d8       0x33 C:\fehqt\Proteus/EWL/lib/armv7e-m\librt.a(gcc_ctor_dtor.o)
 .ARM.attributes
                0x0000070b       0x33 C:\fehqt\Proteus/EWL/lib/armv7e-m\librt.a(ROMCopy.o)
 .ARM.attributes
                0x0000073e       0x33 C:\fehqt\Proteus/EWL/lib/armv7e-m\librt.a(__arm_eabi_init.o)
OUTPUT(../FEH_Robot.elf elf32-littlearm)

.debug_info     0x00000000    0x11ea1
 .debug_info    0x00000000      0xa9f ..\main.o
 .debug_info    0x00000a9f     0x12c5 Startup\__arm_start.o
 .debug_info    0x00001d64       0x58 Startup\__arm_end.o
 .debug_info    0x00001dbc      0x57d Startup\kinetis_sysinit.o
 .debug_info    0x00002339      0x250 Drivers\i2c.o
 .debug_info    0x00002589      0x6cf Drivers\spi.o
 .debug_info    0x00002c58      0x59c Drivers\uart.o
 .debug_info    0x000031f4     0x1da0 Drivers\ff.o
 .debug_info    0x00004f94      0xf1d Drivers\SDHC.o
 .debug_info    0x00005eb1      0x2de Drivers\lptmr.o
 .debug_info    0x0000618f      0x1a7 FEHProteus.o
 .debug_info    0x00006336      0x722 Drivers\FEHPropeller.o
 .debug_info    0x00006a58      0x36c Libraries\FEHUtility.o
 .debug_info    0x00006dc4     0x1c6a Libraries\FEHIO.o
 .debug_info    0x00008a2e      0x4ab Drivers\adc16.o
 .debug_info    0x00008ed9      0xa42 Libraries\FEHBuzzer.o
 .debug_info    0x0000991b     0x2c25 Libraries\FEHLCD.o
 .debug_info    0x0000c540      0x26a Libraries\FEHAccel.o
 .debug_info    0x0000c7aa      0x3a9 Libraries\FEHBattery.o
 .debug_info    0x0000cb53      0xac3 Drivers\FEHXBee.o
 .debug_info    0x0000d616     0x1a09 Libraries\FEHRPS.o
 .debug_info    0x0000f01f     0x1261 Libraries\FEHSD.o
 .debug_info    0x00010280      0x103 C:\fehqt\Proteus/EWL/lib/armv7e-m\libc.a(exit.o)
 .debug_info    0x00010383       0xf4 C:\fehqt\Proteus/EWL/lib/armv7e-m\libc.a(memset.o)
 .debug_info    0x00010477       0xf3 C:\fehqt\Proteus/EWL/lib/armv7e-m\libc.a(strlen.o)
 .debug_info    0x0001056a      0x512 C:\fehqt\Proteus/EWL/lib/armv7e-m\libc.a(printformat_.o)
 .debug_info    0x00010a7c      0x564 C:\fehqt\Proteus/EWL/lib/armv7e-m\libc.a(scanformat_.o)
 .debug_info    0x00010fe0      0x32a C:\fehqt\Proteus/EWL/lib/armv7e-m\libc.a(ctype_aeabi.o)
 .debug_info    0x0001130a      0x1d7 C:\fehqt\Proteus/EWL/lib/armv7e-m\libc.a(__strtoul.o)
 .debug_info    0x000114e1      0x13d C:\fehqt\Proteus/EWL/lib/armv7e-m\libc.a(__filll_mem.o)
 .debug_info    0x0001161e      0x129 C:\fehqt\Proteus/EWL/lib/armv7e-m\libc.a(memchr.o)
 .debug_info    0x00011747      0x110 C:\fehqt\Proteus/EWL/lib/armv7e-m\libc.a(strchr.o)
 .debug_info    0x00011857      0x1c0 C:\fehqt\Proteus/EWL/lib/armv7e-m\librt.a(gcc_ctor_dtor.o)
 .debug_info    0x00011a17      0x1b8 C:\fehqt\Proteus/EWL/lib/armv7e-m\librt.a(ROMCopy.o)
 .debug_info    0x00011bcf      0x2d2 C:\fehqt\Proteus/EWL/lib/armv7e-m\librt.a(__arm_eabi_init.o)

.debug_abbrev   0x00000000     0x35a3
 .debug_abbrev  0x00000000      0x1a8 ..\main.o
 .debug_abbrev  0x000001a8      0x28f Startup\__arm_start.o
 .debug_abbrev  0x00000437       0x45 Startup\__arm_end.o
 .debug_abbrev  0x0000047c      0x18a Startup\kinetis_sysinit.o
 .debug_abbrev  0x00000606       0xfc Drivers\i2c.o
 .debug_abbrev  0x00000702      0x18b Drivers\spi.o
 .debug_abbrev  0x0000088d      0x15f Drivers\uart.o
 .debug_abbrev  0x000009ec      0x18f Drivers\ff.o
 .debug_abbrev  0x00000b7b      0x223 Drivers\SDHC.o
 .debug_abbrev  0x00000d9e       0xd2 Drivers\lptmr.o
 .debug_abbrev  0x00000e70      0x101 FEHProteus.o
 .debug_abbrev  0x00000f71      0x1c6 Drivers\FEHPropeller.o
 .debug_abbrev  0x00001137      0x154 Libraries\FEHUtility.o
 .debug_abbrev  0x0000128b      0x448 Libraries\FEHIO.o
 .debug_abbrev  0x000016d3      0x12a Drivers\adc16.o
 .debug_abbrev  0x000017fd      0x1da Libraries\FEHBuzzer.o
 .debug_abbrev  0x000019d7      0x38c Libraries\FEHLCD.o
 .debug_abbrev  0x00001d63      0x13b Libraries\FEHAccel.o
 .debug_abbrev  0x00001e9e      0x1cb Libraries\FEHBattery.o
 .debug_abbrev  0x00002069      0x231 Drivers\FEHXBee.o
 .debug_abbrev  0x0000229a      0x37f Libraries\FEHRPS.o
 .debug_abbrev  0x00002619      0x33a Libraries\FEHSD.o
 .debug_abbrev  0x00002953       0x8f C:\fehqt\Proteus/EWL/lib/armv7e-m\libc.a(exit.o)
 .debug_abbrev  0x000029e2       0x66 C:\fehqt\Proteus/EWL/lib/armv7e-m\libc.a(memset.o)
 .debug_abbrev  0x00002a48       0x7e C:\fehqt\Proteus/EWL/lib/armv7e-m\libc.a(strlen.o)
 .debug_abbrev  0x00002ac6      0x204 C:\fehqt\Proteus/EWL/lib/armv7e-m\libc.a(printformat_.o)
 .debug_abbrev  0x00002cca      0x1fb C:\fehqt\Proteus/EWL/lib/armv7e-m\libc.a(scanformat_.o)
 .debug_abbrev  0x00002ec5       0x9a C:\fehqt\Proteus/EWL/lib/armv7e-m\libc.a(ctype_aeabi.o)
 .debug_abbrev  0x00002f5f       0xc6 C:\fehqt\Proteus/EWL/lib/armv7e-m\libc.a(__strtoul.o)
 .debug_abbrev  0x00003025       0x8b C:\fehqt\Proteus/EWL/lib/armv7e-m\libc.a(__filll_mem.o)
 .debug_abbrev  0x000030b0       0x99 C:\fehqt\Proteus/EWL/lib/armv7e-m\libc.a(memchr.o)
 .debug_abbrev  0x00003149       0x8d C:\fehqt\Proteus/EWL/lib/armv7e-m\libc.a(strchr.o)
 .debug_abbrev  0x000031d6       0x9d C:\fehqt\Proteus/EWL/lib/armv7e-m\librt.a(gcc_ctor_dtor.o)
 .debug_abbrev  0x00003273      0x160 C:\fehqt\Proteus/EWL/lib/armv7e-m\librt.a(ROMCopy.o)
 .debug_abbrev  0x000033d3      0x1d0 C:\fehqt\Proteus/EWL/lib/armv7e-m\librt.a(__arm_eabi_init.o)

.debug_loc      0x00000000     0x60c2
 .debug_loc     0x00000000       0x2c ..\main.o
 .debug_loc     0x0000002c       0xb0 Startup\__arm_start.o
 .debug_loc     0x000000dc       0x38 Startup\__arm_end.o
 .debug_loc     0x00000114       0x84 Startup\kinetis_sysinit.o
 .debug_loc     0x00000198       0xe0 Drivers\i2c.o
 .debug_loc     0x00000278      0x19c Drivers\spi.o
 .debug_loc     0x00000414       0xe0 Drivers\uart.o
 .debug_loc     0x000004f4      0xa96 Drivers\ff.o
 .debug_loc     0x00000f8a      0x370 Drivers\SDHC.o
 .debug_loc     0x000012fa       0x38 Drivers\lptmr.o
 .debug_loc     0x00001332       0x64 FEHProteus.o
 .debug_loc     0x00001396      0x118 Drivers\FEHPropeller.o
 .debug_loc     0x000014ae      0x1a8 Libraries\FEHUtility.o
 .debug_loc     0x00001656      0x8d6 Libraries\FEHIO.o
 .debug_loc     0x00001f2c       0xa8 Drivers\adc16.o
 .debug_loc     0x00001fd4      0x304 Libraries\FEHBuzzer.o
 .debug_loc     0x000022d8     0x1147 Libraries\FEHLCD.o
 .debug_loc     0x0000341f      0x144 Libraries\FEHAccel.o
 .debug_loc     0x00003563       0xd4 Libraries\FEHBattery.o
 .debug_loc     0x00003637      0x1c0 Drivers\FEHXBee.o
 .debug_loc     0x000037f7      0x420 Libraries\FEHRPS.o
 .debug_loc     0x00003c17      0x18a Libraries\FEHSD.o
 .debug_loc     0x00003da1       0x3e C:\fehqt\Proteus/EWL/lib/armv7e-m\libc.a(exit.o)
 .debug_loc     0x00003ddf       0x64 C:\fehqt\Proteus/EWL/lib/armv7e-m\libc.a(memset.o)
 .debug_loc     0x00003e43       0x31 C:\fehqt\Proteus/EWL/lib/armv7e-m\libc.a(strlen.o)
 .debug_loc     0x00003e74     0x106f C:\fehqt\Proteus/EWL/lib/armv7e-m\libc.a(printformat_.o)
 .debug_loc     0x00004ee3      0x8cb C:\fehqt\Proteus/EWL/lib/armv7e-m\libc.a(scanformat_.o)
 .debug_loc     0x000057ae      0x18e C:\fehqt\Proteus/EWL/lib/armv7e-m\libc.a(ctype_aeabi.o)
 .debug_loc     0x0000593c      0x2ad C:\fehqt\Proteus/EWL/lib/armv7e-m\libc.a(__strtoul.o)
 .debug_loc     0x00005be9      0x12c C:\fehqt\Proteus/EWL/lib/armv7e-m\libc.a(__filll_mem.o)
 .debug_loc     0x00005d15       0x82 C:\fehqt\Proteus/EWL/lib/armv7e-m\libc.a(memchr.o)
 .debug_loc     0x00005d97       0x78 C:\fehqt\Proteus/EWL/lib/armv7e-m\libc.a(strchr.o)
 .debug_loc     0x00005e0f       0xbe C:\fehqt\Proteus/EWL/lib/armv7e-m\librt.a(gcc_ctor_dtor.o)
 .debug_loc     0x00005ecd       0x9b C:\fehqt\Proteus/EWL/lib/armv7e-m\librt.a(ROMCopy.o)
 .debug_loc     0x00005f68      0x15a C:\fehqt\Proteus/EWL/lib/armv7e-m\librt.a(__arm_eabi_init.o)

.debug_aranges  0x00000000      0xd70
 .debug_aranges
                0x00000000       0x20 ..\main.o
 .debug_aranges
                0x00000020       0x48 Startup\__arm_start.o
 .debug_aranges
                0x00000068       0x20 Startup\__arm_end.o
 .debug_aranges
                0x00000088       0x30 Startup\kinetis_sysinit.o
 .debug_aranges
                0x000000b8       0x38 Drivers\i2c.o
 .debug_aranges
                0x000000f0       0x58 Drivers\spi.o
 .debug_aranges
                0x00000148       0x38 Drivers\uart.o
 .debug_aranges
                0x00000180      0x198 Drivers\ff.o
 .debug_aranges
                0x00000318       0x98 Drivers\SDHC.o
 .debug_aranges
                0x000003b0       0x20 Drivers\lptmr.o
 .debug_aranges
                0x000003d0       0x28 FEHProteus.o
 .debug_aranges
                0x000003f8       0x40 Drivers\FEHPropeller.o
 .debug_aranges
                0x00000438       0x58 Libraries\FEHUtility.o
 .debug_aranges
                0x00000490      0x160 Libraries\FEHIO.o
 .debug_aranges
                0x000005f0       0x30 Drivers\adc16.o
 .debug_aranges
                0x00000620       0x88 Libraries\FEHBuzzer.o
 .debug_aranges
                0x000006a8      0x290 Libraries\FEHLCD.o
 .debug_aranges
                0x00000938       0x48 Libraries\FEHAccel.o
 .debug_aranges
                0x00000980       0x38 Libraries\FEHBattery.o
 .debug_aranges
                0x000009b8       0x58 Drivers\FEHXBee.o
 .debug_aranges
                0x00000a10       0xb0 Libraries\FEHRPS.o
 .debug_aranges
                0x00000ac0       0x50 Libraries\FEHSD.o
 .debug_aranges
                0x00000b10       0x20 C:\fehqt\Proteus/EWL/lib/armv7e-m\libc.a(exit.o)
 .debug_aranges
                0x00000b30       0x20 C:\fehqt\Proteus/EWL/lib/armv7e-m\libc.a(memset.o)
 .debug_aranges
                0x00000b50       0x20 C:\fehqt\Proteus/EWL/lib/armv7e-m\libc.a(strlen.o)
 .debug_aranges
                0x00000b70       0x28 C:\fehqt\Proteus/EWL/lib/armv7e-m\libc.a(printformat_.o)
 .debug_aranges
                0x00000b98       0x20 C:\fehqt\Proteus/EWL/lib/armv7e-m\libc.a(scanformat_.o)
 .debug_aranges
                0x00000bb8       0x88 C:\fehqt\Proteus/EWL/lib/armv7e-m\libc.a(ctype_aeabi.o)
 .debug_aranges
                0x00000c40       0x20 C:\fehqt\Proteus/EWL/lib/armv7e-m\libc.a(__strtoul.o)
 .debug_aranges
                0x00000c60       0x20 C:\fehqt\Proteus/EWL/lib/armv7e-m\libc.a(__filll_mem.o)
 .debug_aranges
                0x00000c80       0x20 C:\fehqt\Proteus/EWL/lib/armv7e-m\libc.a(memchr.o)
 .debug_aranges
                0x00000ca0       0x20 C:\fehqt\Proteus/EWL/lib/armv7e-m\libc.a(strchr.o)
 .debug_aranges
                0x00000cc0       0x28 C:\fehqt\Proteus/EWL/lib/armv7e-m\librt.a(gcc_ctor_dtor.o)
 .debug_aranges
                0x00000ce8       0x30 C:\fehqt\Proteus/EWL/lib/armv7e-m\librt.a(ROMCopy.o)
 .debug_aranges
                0x00000d18       0x58 C:\fehqt\Proteus/EWL/lib/armv7e-m\librt.a(__arm_eabi_init.o)

.debug_line     0x00000000     0x7009
 .debug_line    0x00000000      0x224 ..\main.o
 .debug_line    0x00000224      0x3ad Startup\__arm_start.o
 .debug_line    0x000005d1      0x21a Startup\__arm_end.o
 .debug_line    0x000007eb      0x283 Startup\kinetis_sysinit.o
 .debug_line    0x00000a6e      0x2ad Drivers\i2c.o
 .debug_line    0x00000d1b      0x295 Drivers\spi.o
 .debug_line    0x00000fb0      0x212 Drivers\uart.o
 .debug_line    0x000011c2     0x1114 Drivers\ff.o
 .debug_line    0x000022d6      0x678 Drivers\SDHC.o
 .debug_line    0x0000294e      0x1c0 Drivers\lptmr.o
 .debug_line    0x00002b0e      0x1da FEHProteus.o
 .debug_line    0x00002ce8      0x264 Drivers\FEHPropeller.o
 .debug_line    0x00002f4c      0x282 Libraries\FEHUtility.o
 .debug_line    0x000031ce      0x6ee Libraries\FEHIO.o
 .debug_line    0x000038bc      0x20f Drivers\adc16.o
 .debug_line    0x00003acb      0x2df Libraries\FEHBuzzer.o
 .debug_line    0x00003daa     0x1151 Libraries\FEHLCD.o
 .debug_line    0x00004efb      0x23f Libraries\FEHAccel.o
 .debug_line    0x0000513a      0x218 Libraries\FEHBattery.o
 .debug_line    0x00005352      0x349 Drivers\FEHXBee.o
 .debug_line    0x0000569b      0x70d Libraries\FEHRPS.o
 .debug_line    0x00005da8      0x339 Libraries\FEHSD.o
 .debug_line    0x000060e1       0x94 C:\fehqt\Proteus/EWL/lib/armv7e-m\libc.a(exit.o)
 .debug_line    0x00006175       0x8f C:\fehqt\Proteus/EWL/lib/armv7e-m\libc.a(memset.o)
 .debug_line    0x00006204       0x89 C:\fehqt\Proteus/EWL/lib/armv7e-m\libc.a(strlen.o)
 .debug_line    0x0000628d      0x2c6 C:\fehqt\Proteus/EWL/lib/armv7e-m\libc.a(printformat_.o)
 .debug_line    0x00006553      0x2e3 C:\fehqt\Proteus/EWL/lib/armv7e-m\libc.a(scanformat_.o)
 .debug_line    0x00006836      0x1dd C:\fehqt\Proteus/EWL/lib/armv7e-m\libc.a(ctype_aeabi.o)
 .debug_line    0x00006a13      0x141 C:\fehqt\Proteus/EWL/lib/armv7e-m\libc.a(__strtoul.o)
 .debug_line    0x00006b54      0x121 C:\fehqt\Proteus/EWL/lib/armv7e-m\libc.a(__filll_mem.o)
 .debug_line    0x00006c75       0xa3 C:\fehqt\Proteus/EWL/lib/armv7e-m\libc.a(memchr.o)
 .debug_line    0x00006d18       0x84 C:\fehqt\Proteus/EWL/lib/armv7e-m\libc.a(strchr.o)
 .debug_line    0x00006d9c       0x94 C:\fehqt\Proteus/EWL/lib/armv7e-m\librt.a(gcc_ctor_dtor.o)
 .debug_line    0x00006e30       0xc0 C:\fehqt\Proteus/EWL/lib/armv7e-m\librt.a(ROMCopy.o)
 .debug_line    0x00006ef0      0x119 C:\fehqt\Proteus/EWL/lib/armv7e-m\librt.a(__arm_eabi_init.o)

.debug_macinfo  0x00000000   0x7d3b36
 .debug_macinfo
                0x00000000    0x6433e ..\main.o
 .debug_macinfo
                0x0006433e    0x647fb Startup\__arm_start.o
 .debug_macinfo
                0x000c8b39     0x3464 Startup\__arm_end.o
 .debug_macinfo
                0x000cbf9d    0x64cce Startup\kinetis_sysinit.o
 .debug_macinfo
                0x00130c6b    0x6318f Drivers\i2c.o
 .debug_macinfo
                0x00193dfa    0x62fd6 Drivers\spi.o
 .debug_macinfo
                0x001f6dd0    0x62fc7 Drivers\uart.o
 .debug_macinfo
                0x00259d97     0x4396 Drivers\ff.o
 .debug_macinfo
                0x0025e12d    0x6452b Drivers\SDHC.o
 .debug_macinfo
                0x002c2658    0x63036 Drivers\lptmr.o
 .debug_macinfo
                0x0032568e    0x62fdc FEHProteus.o
 .debug_macinfo
                0x0038866a    0x63085 Drivers\FEHPropeller.o
 .debug_macinfo
                0x003eb6ef    0x62ff1 Libraries\FEHUtility.o
 .debug_macinfo
                0x0044e6e0    0x64348 Libraries\FEHIO.o
 .debug_macinfo
                0x004b2a28    0x63678 Drivers\adc16.o
 .debug_macinfo
                0x005160a0    0x6301e Libraries\FEHBuzzer.o
 .debug_macinfo
                0x005790be    0x649ab Libraries\FEHLCD.o
 .debug_macinfo
                0x005dda69    0x631be Libraries\FEHAccel.o
 .debug_macinfo
                0x00640c27    0x636a3 Libraries\FEHBattery.o
 .debug_macinfo
                0x006a42ca    0x63d5d Drivers\FEHXBee.o
 .debug_macinfo
                0x00708027    0x6627e Libraries\FEHRPS.o
 .debug_macinfo
                0x0076e2a5    0x65891 Libraries\FEHSD.o

.debug_str      0x00000000     0x482d
 .debug_str     0x00000000      0xa81 ..\main.o
                                0xae9 (size before relaxing)
 .debug_str     0x00000a81      0x369 Startup\__arm_start.o
                                0xe54 (size before relaxing)
 .debug_str     0x00000dea       0x23 Startup\__arm_end.o
                                 0xa8 (size before relaxing)
 .debug_str     0x00000e0d      0x1df Startup\kinetis_sysinit.o
                                0x353 (size before relaxing)
 .debug_str     0x00000fec      0x11a Drivers\i2c.o
                                0x1ef (size before relaxing)
 .debug_str     0x00001106      0x18b Drivers\spi.o
                                0x3a8 (size before relaxing)
 .debug_str     0x00001291      0x188 Drivers\uart.o
                                0x33d (size before relaxing)
 .debug_str     0x00001419      0x6bb Drivers\ff.o
                                0x840 (size before relaxing)
 .debug_str     0x00001ad4      0x546 Drivers\SDHC.o
                                0x816 (size before relaxing)
 .debug_str     0x0000201a       0x5a Drivers\lptmr.o
                                0x1f6 (size before relaxing)
 .debug_str     0x00002074       0x6c FEHProteus.o
                                0x242 (size before relaxing)
 .debug_str     0x000020e0       0x2a Drivers\FEHPropeller.o
                                0x383 (size before relaxing)
 .debug_str     0x0000210a       0xc0 Libraries\FEHUtility.o
                                0x1c7 (size before relaxing)
 .debug_str     0x000021ca      0xfde Libraries\FEHIO.o
                               0x1298 (size before relaxing)
 .debug_str     0x000031a8       0xd7 Drivers\adc16.o
                                0x287 (size before relaxing)
 .debug_str     0x0000327f      0x1ba Libraries\FEHBuzzer.o
                                0x399 (size before relaxing)
 .debug_str     0x00003439      0x471 Libraries\FEHLCD.o
                               0x10fa (size before relaxing)
 .debug_str     0x000038aa       0x68 Libraries\FEHAccel.o
                                0x18b (size before relaxing)
 .debug_str     0x00003912       0x5d Libraries\FEHBattery.o
                                0x34c (size before relaxing)
 .debug_str     0x0000396f      0x1f6 Drivers\FEHXBee.o
                                0x532 (size before relaxing)
 .debug_str     0x00003b65      0x3b1 Libraries\FEHRPS.o
                               0x1542 (size before relaxing)
 .debug_str     0x00003f16       0x82 Libraries\FEHSD.o
                                0xf24 (size before relaxing)
 .debug_str     0x00003f98       0xbd C:\fehqt\Proteus/EWL/lib/armv7e-m\libc.a(exit.o)
                                0x14e (size before relaxing)
 .debug_str     0x00004055       0x1c C:\fehqt\Proteus/EWL/lib/armv7e-m\libc.a(memset.o)
                                0x140 (size before relaxing)
 .debug_str     0x00004071       0x24 C:\fehqt\Proteus/EWL/lib/armv7e-m\libc.a(strlen.o)
                                0x140 (size before relaxing)
 .debug_str     0x00004095      0x21a C:\fehqt\Proteus/EWL/lib/armv7e-m\libc.a(printformat_.o)
                                0x3aa (size before relaxing)
 .debug_str     0x000042af      0x17b C:\fehqt\Proteus/EWL/lib/armv7e-m\libc.a(scanformat_.o)
                                0x3f0 (size before relaxing)
 .debug_str     0x0000442a       0x9d C:\fehqt\Proteus/EWL/lib/armv7e-m\libc.a(ctype_aeabi.o)
                                0x1b3 (size before relaxing)
 .debug_str     0x000044c7       0x55 C:\fehqt\Proteus/EWL/lib/armv7e-m\libc.a(__strtoul.o)
                                0x1f2 (size before relaxing)
 .debug_str     0x0000451c       0x25 C:\fehqt\Proteus/EWL/lib/armv7e-m\libc.a(__filll_mem.o)
                                0x152 (size before relaxing)
 .debug_str     0x00004541       0x1c C:\fehqt\Proteus/EWL/lib/armv7e-m\libc.a(memchr.o)
                                0x148 (size before relaxing)
 .debug_str     0x0000455d       0x1c C:\fehqt\Proteus/EWL/lib/armv7e-m\libc.a(strchr.o)
                                0x137 (size before relaxing)
 .debug_str     0x00004579      0x126 C:\fehqt\Proteus/EWL/lib/armv7e-m\librt.a(gcc_ctor_dtor.o)
                                0x185 (size before relaxing)
 .debug_str     0x0000469f       0x9b C:\fehqt\Proteus/EWL/lib/armv7e-m\librt.a(ROMCopy.o)
                                0x140 (size before relaxing)
 .debug_str     0x0000473a       0xf3 C:\fehqt\Proteus/EWL/lib/armv7e-m\librt.a(__arm_eabi_init.o)
                                0x1ac (size before relaxing)

.comment        0x00000000       0x79
 .comment       0x00000000       0x79 ..\main.o
                                 0x7a (size before relaxing)
 .comment       0x00000000       0x7a Startup\__arm_start.o
 .comment       0x00000000       0x7a Startup\__arm_end.o
 .comment       0x00000000       0x7a Startup\kinetis_sysinit.o
 .comment       0x00000000       0x7a Drivers\i2c.o
 .comment       0x00000000       0x7a Drivers\spi.o
 .comment       0x00000000       0x7a Drivers\uart.o
 .comment       0x00000000       0x7a Drivers\ff.o
 .comment       0x00000000       0x7a Drivers\SDHC.o
 .comment       0x00000000       0x7a Drivers\lptmr.o
 .comment       0x00000000       0x7a FEHProteus.o
 .comment       0x00000000       0x7a Drivers\FEHPropeller.o
 .comment       0x00000000       0x7a Libraries\FEHUtility.o
 .comment       0x00000000       0x7a Libraries\FEHIO.o
 .comment       0x00000000       0x7a Drivers\adc16.o
 .comment       0x00000000       0x7a Libraries\FEHBuzzer.o
 .comment       0x00000000       0x7a Libraries\FEHLCD.o
 .comment       0x00000000       0x7a Libraries\FEHAccel.o
 .comment       0x00000000       0x7a Libraries\FEHBattery.o
 .comment       0x00000000       0x7a Drivers\FEHXBee.o
 .comment       0x00000000       0x7a Libraries\FEHRPS.o
 .comment       0x00000000       0x7a Libraries\FEHSD.o
 .comment       0x00000000       0x7a C:\fehqt\Proteus/EWL/lib/armv7e-m\libc.a(exit.o)
 .comment       0x00000000       0x7a C:\fehqt\Proteus/EWL/lib/armv7e-m\libc.a(memset.o)
 .comment       0x00000000       0x7a C:\fehqt\Proteus/EWL/lib/armv7e-m\libc.a(strlen.o)
 .comment       0x00000000       0x7a C:\fehqt\Proteus/EWL/lib/armv7e-m\libc.a(printformat_.o)
 .comment       0x00000000       0x7a C:\fehqt\Proteus/EWL/lib/armv7e-m\libc.a(scanformat_.o)
 .comment       0x00000000       0x7a C:\fehqt\Proteus/EWL/lib/armv7e-m\libc.a(ctype_aeabi.o)
 .comment       0x00000000       0x7a C:\fehqt\Proteus/EWL/lib/armv7e-m\libc.a(__strtoul.o)
 .comment       0x00000000       0x7a C:\fehqt\Proteus/EWL/lib/armv7e-m\libc.a(__filll_mem.o)
 .comment       0x00000000       0x7a C:\fehqt\Proteus/EWL/lib/armv7e-m\libc.a(memchr.o)
 .comment       0x00000000       0x7a C:\fehqt\Proteus/EWL/lib/armv7e-m\libc.a(strchr.o)
 .comment       0x00000000       0x7a C:\fehqt\Proteus/EWL/lib/armv7e-m\librt.a(gcc_ctor_dtor.o)
 .comment       0x00000000       0x7a C:\fehqt\Proteus/EWL/lib/armv7e-m\librt.a(ROMCopy.o)
 .comment       0x00000000       0x7a C:\fehqt\Proteus/EWL/lib/armv7e-m\librt.a(__arm_eabi_init.o)

.debug_frame    0x00000000     0x2790
 .debug_frame   0x00000000       0x2c ..\main.o
 .debug_frame   0x0000002c       0x98 Startup\__arm_start.o
 .debug_frame   0x000000c4       0x2c Startup\__arm_end.o
 .debug_frame   0x000000f0       0x5c Startup\kinetis_sysinit.o
 .debug_frame   0x0000014c       0x88 Drivers\i2c.o
 .debug_frame   0x000001d4       0xf8 Drivers\spi.o
 .debug_frame   0x000002cc       0x84 Drivers\uart.o
 .debug_frame   0x00000350      0x5e8 Drivers\ff.o
 .debug_frame   0x00000938      0x1e8 Drivers\SDHC.o
 .debug_frame   0x00000b20       0x2c Drivers\lptmr.o
 .debug_frame   0x00000b4c       0x4c FEHProteus.o
 .debug_frame   0x00000b98       0xa8 Drivers\FEHPropeller.o
 .debug_frame   0x00000c40       0xf8 Libraries\FEHUtility.o
 .debug_frame   0x00000d38      0x4e8 Libraries\FEHIO.o
 .debug_frame   0x00001220       0x64 Drivers\adc16.o
 .debug_frame   0x00001284      0x1c8 Libraries\FEHBuzzer.o
 .debug_frame   0x0000144c      0x9c0 Libraries\FEHLCD.o
 .debug_frame   0x00001e0c       0xd8 Libraries\FEHAccel.o
 .debug_frame   0x00001ee4       0x8c Libraries\FEHBattery.o
 .debug_frame   0x00001f70       0xfc Drivers\FEHXBee.o
 .debug_frame   0x0000206c      0x248 Libraries\FEHRPS.o
 .debug_frame   0x000022b4       0xf0 Libraries\FEHSD.o
 .debug_frame   0x000023a4       0x28 C:\fehqt\Proteus/EWL/lib/armv7e-m\libc.a(exit.o)
 .debug_frame   0x000023cc       0x28 C:\fehqt\Proteus/EWL/lib/armv7e-m\libc.a(memset.o)
 .debug_frame   0x000023f4       0x20 C:\fehqt\Proteus/EWL/lib/armv7e-m\libc.a(strlen.o)
 .debug_frame   0x00002414       0x64 C:\fehqt\Proteus/EWL/lib/armv7e-m\libc.a(printformat_.o)
 .debug_frame   0x00002478       0x3c C:\fehqt\Proteus/EWL/lib/armv7e-m\libc.a(scanformat_.o)
 .debug_frame   0x000024b4       0xf0 C:\fehqt\Proteus/EWL/lib/armv7e-m\libc.a(ctype_aeabi.o)
 .debug_frame   0x000025a4       0x3c C:\fehqt\Proteus/EWL/lib/armv7e-m\libc.a(__strtoul.o)
 .debug_frame   0x000025e0       0x2c C:\fehqt\Proteus/EWL/lib/armv7e-m\libc.a(__filll_mem.o)
 .debug_frame   0x0000260c       0x28 C:\fehqt\Proteus/EWL/lib/armv7e-m\libc.a(memchr.o)
 .debug_frame   0x00002634       0x20 C:\fehqt\Proteus/EWL/lib/armv7e-m\libc.a(strchr.o)
 .debug_frame   0x00002654       0x48 C:\fehqt\Proteus/EWL/lib/armv7e-m\librt.a(gcc_ctor_dtor.o)
 .debug_frame   0x0000269c       0x48 C:\fehqt\Proteus/EWL/lib/armv7e-m\librt.a(ROMCopy.o)
 .debug_frame   0x000026e4       0xac C:\fehqt\Proteus/EWL/lib/armv7e-m\librt.a(__arm_eabi_init.o)
